
FuhrerOS: kernel entry reached (serial up)

================================
        FUHREROS KERNEL
================================

Architecture : x86_64
Bootloader   : Limine 11.4.1
Kernel       : FuhrerOS 0.1.0 (from-scratch)
Status       : BOOTED

[boot  ] bootloader: Limine 11.4.1 (BIOS firmware)
[boot  ] cmdline: 'bench=cache'
[boot  ] kernel: phys 0x000000007fd73000 virt 0xffffffff80000000 size 872 KiB
[boot  ] hhdm offset: 0xffff800000000000, rsdp: 0x00000000000f5260
[boot  ] memory map (25 entries):
[boot  ]   0000000000001000-0000000000061000 bootloader     384 KiB
[boot  ]   0000000000061000-000000000009f000 usable         248 KiB
[boot  ]   000000000009fc00-00000000000a0000 reserved       1 KiB
[boot  ]   00000000000f0000-00000000000f5000 reserved       20 KiB
[boot  ]   00000000000f5000-00000000000f6000 reserved       4 KiB
[boot  ]   00000000000f6000-0000000000100000 reserved       40 KiB
[boot  ]   0000000000100000-000000007f8d0000 usable         2088768 KiB
[boot  ]   000000007f8d0000-000000007fd65000 kernel+modules 4692 KiB
[boot  ]   000000007fd65000-000000007fd66000 bootloader     4 KiB
[boot  ]   000000007fd66000-000000007fd69000 usable         12 KiB
[boot  ]   000000007fd69000-000000007fd73000 bootloader     40 KiB
[boot  ]   000000007fd73000-000000007fe4d000 kernel+modules 872 KiB
[boot  ]   000000007fe4d000-000000007ff38000 bootloader     940 KiB
[boot  ]   000000007ff38000-000000007ff55000 usable         116 KiB
[boot  ]   000000007ff55000-000000007ffdc000 bootloader     540 KiB
[boot  ]   000000007ffdc000-000000007ffe0000 reserved       16 KiB
[boot  ]   000000007ffe0000-000000007ffe3000 reserved       12 KiB
[boot  ]   000000007ffe3000-0000000080000000 reserved       116 KiB
[boot  ]   00000000b0000000-00000000c0000000 reserved       262144 KiB
[boot  ]   00000000fd000000-00000000fd3e8000 framebuffer    4000 KiB
[boot  ]   00000000fed1c000-00000000fed20000 reserved       16 KiB
[boot  ]   00000000feffc000-00000000ff000000 reserved       16 KiB
[boot  ]   00000000fffc0000-0000000100000000 reserved       256 KiB
[boot  ]   0000000100000000-0000000180000000 usable         2097152 KiB
[boot  ]   000000fd00000000-0000010000000000 reserved       12582912 KiB
[boot  ] usable memory: 4088 MiB
[boot  ] framebuffer: 1280x800 32bpp pitch 5120 at phys 0x00000000fd000000
[boot  ] module: /boot/initrd.tar (4802560 bytes) 'initrd'
[boot  ] cpu: AuthenticAMD / AMD Ryzen 5 7520U with Radeon Graphics         
[pmm   ] 1572864 frames tracked, 1046464 free (4087 MiB), bitmap 192 KiB at 0x0000000000100000
[vmm   ] kernel page tables active (pml4 0x0000000000130000, NX on)
[heap  ] slab classes 16..2048 B, large allocations from vmalloc
[pmm   ] reclaimed 1908 KiB of bootloader memory
[acpi  ] OEM 'BOCHS ', 4 CPU(s), LAPIC 0x00000000fee00000, 1 IOAPIC(s) (first 0x00000000fec00000 gsi 0), ECAM 0x00000000b0000000
[apic  ] local APIC id 0 enabled
[apic  ] I/O APIC with 24 inputs
[time  ] TSC 2785.524 MHz, LAPIC timer 62489 kHz (div 16)
[time  ] LAPIC periodic timer at 1000 Hz (vector 0x20)
[sched ] policy -> adaptive
[sched ] scheduler ready, policy adaptive, 4 policies available
[init  ] kinit running as task 2 under policy 'adaptive'
[ps2   ] keyboard ready, mouse ready (4-byte packets, wheel)
[proc  ] process subsystem ready (ELF64 loader, spawn/wait)
[syscall] syscall/sysret MSRs programmed, 64 syscall numbers
[pci   ] 00:00.0 8086:29c0 host bridge
[pci   ] 00:01.0 1234:1111 display
[pci   ] 00:02.0 1af4:1041 network
[vnet  ] eth0 MAC 52:54:00:12:34:56
[pci   ] 00:03.0 1af4:1042 storage
[blk   ] vda: 20480 MiB (41943040 sectors of 512 B)
[pci   ] 00:1f.0 8086:2918 ISA bridge
[pci   ] 00:1f.2 8086:2922 SATA controller
[pci   ] 00:1f.3 8086:2930 SMBus
[bcache] 2048 x 4 KiB buffers, policy adaptive
[net   ] sockets: TCP, UDP, ICMP echo
[tty   ] console tty on framebuffer + COM1 (serial input enabled)
[net   ] DHCP: 10.0.2.15/255.255.255.0 gw 10.0.2.2 dns 10.0.2.3
[ffs0  ] 'fuhreros' on vda: 5242880 blocks (5241345 free), 4096 inodes (4034 free), mount #1
[vfs   ] mounted vda (ffs0) on /
[tarfs ] initrd: 54 files, 4690 KiB
[vfs   ] mounted initrd (tarfs) on /initrd
[vfs   ] mounted - (devfs) on /dev
[vfs   ] mounted - (procfs) on /proc
[vfs   ] mounted - (ramfs) on /tmp
[vfs   ] root filesystem: FFS0 (virtio-blk vda)
[init  ] started /bin/init as pid 1 - kernel handing over to user space
[1;36mFuhrerOS init[0m (pid 1): user space is running outside kernel privilege
init: running benchmark suite /etc/bench/cache.sh
BENCH-BEGIN cache
iobench: creating 64 MiB test file...
IOBENCH {"policy":"adaptive","workload":"seq","file_mb":64,"cache_blocks":1024,"seconds":1,"reads":1288,"mb_per_s_x100":502,"lat_mean_us":776,"lat_p50_us":205,"lat_p99_us":2155,"hit_rate_pm":766,"readahead_issued":5710,"readahead_used":1883,"evictions":6672,"disk_reads":31189,"cache_cpu_us":67678,"io_class":"sequential"}
[bcache] policy -> lru
IOBENCH {"policy":"lru","workload":"seq","file_mb":64,"cache_blocks":1024,"seconds":6,"reads":5971,"mb_per_s_x100":388,"lat_mean_us":1004,"lat_p50_us":1001,"lat_p99_us":1124,"hit_rate_pm":738,"readahead_issued":0,"readahead_used":0,"evictions":5982,"disk_reads":37496,"cache_cpu_us":5084,"io_class":"unknown"}
[bcache] policy -> fifo
IOBENCH {"policy":"fifo","workload":"seq","file_mb":64,"cache_blocks":1024,"seconds":6,"reads":5944,"mb_per_s_x100":386,"lat_mean_us":1008,"lat_p50_us":1002,"lat_p99_us":1239,"hit_rate_pm":737,"readahead_issued":0,"readahead_used":0,"evictions":5969,"disk_reads":43498,"cache_cpu_us":6453,"io_class":"unknown"}
[bcache] policy -> clock
IOBENCH {"policy":"clock","workload":"seq","file_mb":64,"cache_blocks":1024,"seconds":6,"reads":5955,"mb_per_s_x100":387,"lat_mean_us":1006,"lat_p50_us":1001,"lat_p99_us":1208,"hit_rate_pm":738,"readahead_issued":0,"readahead_used":0,"evictions":5966,"disk_reads":49497,"cache_cpu_us":8097,"io_class":"unknown"}
[bcache] policy -> readahead
IOBENCH {"policy":"readahead","workload":"seq","file_mb":64,"cache_blocks":1024,"seconds":6,"reads":8932,"mb_per_s_x100":581,"lat_mean_us":670,"lat_p50_us":908,"lat_p99_us":1354,"hit_rate_pm":914,"readahead_issued":109754,"readahead_used":5976,"evictions":112724,"disk_reads":162254,"cache_cpu_us":952135,"io_class":"unknown"}
[bcache] policy -> adaptive
IOBENCH {"policy":"adaptive","workload":"seq","file_mb":64,"cache_blocks":1024,"seconds":6,"reads":5866,"mb_per_s_x100":381,"lat_mean_us":1022,"lat_p50_us":979,"lat_p99_us":3015,"hit_rate_pm":740,"readahead_issued":37847,"readahead_used":10764,"evictions":43670,"disk_reads":206225,"cache_cpu_us":394976,"io_class":"sequential"}
[bcache] policy -> lru
IOBENCH {"policy":"lru","workload":"random","file_mb":64,"cache_blocks":1024,"seconds":6,"reads":6282,"mb_per_s_x100":408,"lat_mean_us":952,"lat_p50_us":999,"lat_p99_us":1265,"hit_rate_pm":760,"readahead_issued":0,"readahead_used":0,"evictions":5941,"disk_reads":212491,"cache_cpu_us":13228,"io_class":"unknown"}
[bcache] policy -> fifo
IOBENCH {"policy":"fifo","workload":"random","file_mb":64,"cache_blocks":1024,"seconds":6,"reads":6130,"mb_per_s_x100":399,"lat_mean_us":974,"lat_p50_us":1001,"lat_p99_us":2008,"hit_rate_pm":755,"readahead_issued":0,"readahead_used":0,"evictions":5892,"disk_reads":218416,"cache_cpu_us":18070,"io_class":"unknown"}
[bcache] policy -> clock
IOBENCH {"policy":"clock","workload":"random","file_mb":64,"cache_blocks":1024,"seconds":6,"reads":6311,"mb_per_s_x100":410,"lat_mean_us":949,"lat_p50_us":1000,"lat_p99_us":1258,"hit_rate_pm":759,"readahead_issued":0,"readahead_used":0,"evictions":5970,"disk_reads":224419,"cache_cpu_us":9368,"io_class":"unknown"}
[bcache] policy -> readahead
IOBENCH {"policy":"readahead","workload":"random","file_mb":64,"cache_blocks":1024,"seconds":6,"reads":6306,"mb_per_s_x100":410,"lat_mean_us":950,"lat_p50_us":1000,"lat_p99_us":1173,"hit_rate_pm":759,"readahead_issued":4,"readahead_used":0,"evictions":5978,"disk_reads":230430,"cache_cpu_us":9564,"io_class":"unknown"}
[bcache] policy -> adaptive
IOBENCH {"policy":"adaptive","workload":"random","file_mb":64,"cache_blocks":1024,"seconds":6,"reads":6329,"mb_per_s_x100":411,"lat_mean_us":947,"lat_p50_us":1000,"lat_p99_us":1229,"hit_rate_pm":760,"readahead_issued":0,"readahead_used":0,"evictions":5979,"disk_reads":236684,"cache_cpu_us":9340,"io_class":"random"}
[bcache] policy -> lru
IOBENCH {"policy":"lru","workload":"hotset","file_mb":64,"cache_blocks":1024,"seconds":6,"reads":26932,"mb_per_s_x100":1753,"lat_mean_us":222,"lat_p50_us":1,"lat_p99_us":1077,"hit_rate_pm":930,"readahead_issued":0,"readahead_used":0,"evictions":5973,"disk_reads":242690,"cache_cpu_us":19234,"io_class":"unknown"}
[bcache] policy -> fifo
IOBENCH {"policy":"fifo","workload":"hotset","file_mb":64,"cache_blocks":1024,"seconds":6,"reads":17269,"mb_per_s_x100":1124,"lat_mean_us":345,"lat_p50_us":2,"lat_p99_us":1308,"hit_rate_pm":892,"readahead_issued":0,"readahead_used":0,"evictions":5893,"disk_reads":248616,"cache_cpu_us":21775,"io_class":"unknown"}
[bcache] policy -> clock
IOBENCH {"policy":"clock","workload":"hotset","file_mb":64,"cache_blocks":1024,"seconds":6,"reads":24422,"mb_per_s_x100":1589,"lat_mean_us":245,"lat_p50_us":1,"lat_p99_us":1069,"hit_rate_pm":922,"readahead_issued":0,"readahead_used":0,"evictions":5971,"disk_reads":254620,"cache_cpu_us":13959,"io_class":"unknown"}
[bcache] policy -> readahead
IOBENCH {"policy":"readahead","workload":"hotset","file_mb":64,"cache_blocks":1024,"seconds":6,"reads":27103,"mb_per_s_x100":1764,"lat_mean_us":220,"lat_p50_us":1,"lat_p99_us":1067,"hit_rate_pm":930,"readahead_issued":6,"readahead_used":0,"evictions":5976,"disk_reads":260629,"cache_cpu_us":21143,"io_class":"unknown"}
[bcache] policy -> adaptive
IOBENCH {"policy":"adaptive","workload":"hotset","file_mb":64,"cache_blocks":1024,"seconds":6,"reads":24018,"mb_per_s_x100":1563,"lat_mean_us":249,"lat_p50_us":1,"lat_p99_us":1080,"hit_rate_pm":921,"readahead_issued":0,"readahead_used":0,"evictions":5964,"disk_reads":266922,"cache_cpu_us":15849,"io_class":"random"}
[bcache] policy -> lru
IOBENCH {"policy":"lru","workload":"scan","file_mb":64,"cache_blocks":1024,"seconds":6,"reads":8946,"mb_per_s_x100":582,"lat_mean_us":669,"lat_p50_us":973,"lat_p99_us":1214,"hit_rate_pm":806,"readahead_issued":0,"readahead_used":0,"evictions":5941,"disk_reads":272896,"cache_cpu_us":14615,"io_class":"unknown"}
[bcache] policy -> fifo
IOBENCH {"policy":"fifo","workload":"scan","file_mb":64,"cache_blocks":1024,"seconds":6,"reads":8025,"mb_per_s_x100":522,"lat_mean_us":744,"lat_p50_us":976,"lat_p99_us":1867,"hit_rate_pm":788,"readahead_issued":0,"readahead_used":0,"evictions":5811,"disk_reads":278740,"cache_cpu_us":18930,"io_class":"unknown"}
[bcache] policy -> clock
IOBENCH {"policy":"clock","workload":"scan","file_mb":64,"cache_blocks":1024,"seconds":6,"reads":8316,"mb_per_s_x100":541,"lat_mean_us":718,"lat_p50_us":977,"lat_p99_us":1575,"hit_rate_pm":797,"readahead_issued":0,"readahead_used":0,"evictions":5769,"disk_reads":284542,"cache_cpu_us":18156,"io_class":"unknown"}
[bcache] policy -> readahead
IOBENCH {"policy":"readahead","workload":"scan","file_mb":64,"cache_blocks":1024,"seconds":6,"reads":8970,"mb_per_s_x100":583,"lat_mean_us":667,"lat_p50_us":973,"lat_p99_us":1163,"hit_rate_pm":806,"readahead_issued":0,"readahead_used":0,"evictions":5944,"disk_reads":290519,"cache_cpu_us":14707,"io_class":"unknown"}
[bcache] policy -> adaptive
IOBENCH {"policy":"adaptive","workload":"scan","file_mb":64,"cache_blocks":1024,"seconds":6,"reads":8401,"mb_per_s_x100":546,"lat_mean_us":711,"lat_p50_us":977,"lat_p99_us":1586,"hit_rate_pm":798,"readahead_issued":0,"readahead_used":0,"evictions":5817,"disk_reads":296606,"cache_cpu_us":18057,"io_class":"random"}
[bcache] policy -> adaptive
IOBENCH {"policy":"adaptive","workload":"seq","file_mb":64,"cache_blocks":1024,"seconds":6,"reads":5592,"mb_per_s_x100":364,"lat_mean_us":1072,"lat_p50_us":995,"lat_p99_us":3049,"hit_rate_pm":730,"readahead_issued":44310,"readahead_used":10018,"evictions":50056,"disk_reads":346695,"cache_cpu_us":439932,"io_class":"sequential"}
[bcache] policy -> readahead
IOBENCH {"policy":"readahead","workload":"seq","file_mb":64,"cache_blocks":1024,"seconds":6,"reads":9081,"mb_per_s_x100":591,"lat_mean_us":659,"lat_p50_us":900,"lat_p99_us":1324,"hit_rate_pm":915,"readahead_issued":111241,"readahead_used":6102,"evictions":114234,"disk_reads":461162,"cache_cpu_us":929396,"io_class":"unknown"}
[bcache] policy -> clock
IOBENCH {"policy":"clock","workload":"seq","file_mb":64,"cache_blocks":1024,"seconds":6,"reads":5940,"mb_per_s_x100":386,"lat_mean_us":1009,"lat_p50_us":1001,"lat_p99_us":1364,"hit_rate_pm":738,"readahead_issued":0,"readahead_used":0,"evictions":5953,"disk_reads":467564,"cache_cpu_us":8018,"io_class":"unknown"}
[bcache] policy -> fifo
IOBENCH {"policy":"fifo","workload":"seq","file_mb":64,"cache_blocks":1024,"seconds":6,"reads":5949,"mb_per_s_x100":387,"lat_mean_us":1007,"lat_p50_us":1001,"lat_p99_us":1199,"hit_rate_pm":737,"readahead_issued":0,"readahead_used":0,"evictions":5974,"disk_reads":473571,"cache_cpu_us":8345,"io_class":"unknown"}
[bcache] policy -> lru
IOBENCH {"policy":"lru","workload":"seq","file_mb":64,"cache_blocks":1024,"seconds":6,"reads":5932,"mb_per_s_x100":386,"lat_mean_us":1010,"lat_p50_us":1001,"lat_p99_us":1342,"hit_rate_pm":738,"readahead_issued":0,"readahead_used":0,"evictions":5943,"disk_reads":479547,"cache_cpu_us":7799,"io_class":"unknown"}
[bcache] policy -> adaptive
IOBENCH {"policy":"adaptive","workload":"random","file_mb":64,"cache_blocks":1024,"seconds":6,"reads":6110,"mb_per_s_x100":397,"lat_mean_us":978,"lat_p50_us":999,"lat_p99_us":2032,"hit_rate_pm":760,"readahead_issued":0,"readahead_used":0,"evictions":5775,"disk_reads":485355,"cache_cpu_us":17751,"io_class":"random"}
[bcache] policy -> readahead
IOBENCH {"policy":"readahead","workload":"random","file_mb":64,"cache_blocks":1024,"seconds":6,"reads":6230,"mb_per_s_x100":405,"lat_mean_us":961,"lat_p50_us":1001,"lat_p99_us":1592,"hit_rate_pm":758,"readahead_issued":0,"readahead_used":0,"evictions":5922,"disk_reads":491310,"cache_cpu_us":10477,"io_class":"unknown"}
[bcache] policy -> clock
IOBENCH {"policy":"clock","workload":"random","file_mb":64,"cache_blocks":1024,"seconds":6,"reads":6267,"mb_per_s_x100":407,"lat_mean_us":956,"lat_p50_us":999,"lat_p99_us":1461,"hit_rate_pm":759,"readahead_issued":0,"readahead_used":0,"evictions":5937,"disk_reads":497602,"cache_cpu_us":10067,"io_class":"unknown"}
[bcache] policy -> fifo
IOBENCH {"policy":"fifo","workload":"random","file_mb":64,"cache_blocks":1024,"seconds":6,"reads":6187,"mb_per_s_x100":402,"lat_mean_us":968,"lat_p50_us":1000,"lat_p99_us":2007,"hit_rate_pm":755,"readahead_issued":0,"readahead_used":0,"evictions":5945,"disk_reads":503580,"cache_cpu_us":11095,"io_class":"unknown"}
[bcache] policy -> lru
IOBENCH {"policy":"lru","workload":"random","file_mb":64,"cache_blocks":1024,"seconds":6,"reads":6220,"mb_per_s_x100":404,"lat_mean_us":962,"lat_p50_us":1000,"lat_p99_us":1294,"hit_rate_pm":758,"readahead_issued":0,"readahead_used":0,"evictions":5911,"disk_reads":509524,"cache_cpu_us":14740,"io_class":"unknown"}
[bcache] policy -> adaptive
IOBENCH {"policy":"adaptive","workload":"hotset","file_mb":64,"cache_blocks":1024,"seconds":6,"reads":24042,"mb_per_s_x100":1565,"lat_mean_us":249,"lat_p50_us":1,"lat_p99_us":1072,"hit_rate_pm":921,"readahead_issued":4,"readahead_used":0,"evictions":5977,"disk_reads":515534,"cache_cpu_us":14353,"io_class":"random"}
[bcache] policy -> readahead
IOBENCH {"policy":"readahead","workload":"hotset","file_mb":64,"cache_blocks":1024,"seconds":6,"reads":27048,"mb_per_s_x100":1760,"lat_mean_us":221,"lat_p50_us":1,"lat_p99_us":1065,"hit_rate_pm":930,"readahead_issued":6,"readahead_used":0,"evictions":5989,"disk_reads":521556,"cache_cpu_us":17374,"io_class":"unknown"}
[bcache] policy -> clock
IOBENCH {"policy":"clock","workload":"hotset","file_mb":64,"cache_blocks":1024,"seconds":6,"reads":23973,"mb_per_s_x100":1560,"lat_mean_us":249,"lat_p50_us":1,"lat_p99_us":1075,"hit_rate_pm":921,"readahead_issued":0,"readahead_used":0,"evictions":5979,"disk_reads":527909,"cache_cpu_us":13622,"io_class":"unknown"}
[bcache] policy -> fifo
IOBENCH {"policy":"fifo","workload":"hotset","file_mb":64,"cache_blocks":1024,"seconds":6,"reads":17513,"mb_per_s_x100":1140,"lat_mean_us":341,"lat_p50_us":2,"lat_p99_us":1165,"hit_rate_pm":892,"readahead_issued":0,"readahead_used":0,"evictions":5960,"disk_reads":533902,"cache_cpu_us":16089,"io_class":"unknown"}
[bcache] policy -> lru
IOBENCH {"policy":"lru","workload":"hotset","file_mb":64,"cache_blocks":1024,"seconds":6,"reads":26439,"mb_per_s_x100":1721,"lat_mean_us":226,"lat_p50_us":2,"lat_p99_us":1118,"hit_rate_pm":930,"readahead_issued":0,"readahead_used":0,"evictions":5865,"disk_reads":539800,"cache_cpu_us":26343,"io_class":"unknown"}
[bcache] policy -> adaptive
IOBENCH {"policy":"adaptive","workload":"scan","file_mb":64,"cache_blocks":1024,"seconds":6,"reads":8616,"mb_per_s_x100":560,"lat_mean_us":695,"lat_p50_us":982,"lat_p99_us":1119,"hit_rate_pm":797,"readahead_issued":0,"readahead_used":0,"evictions":5980,"disk_reads":545813,"cache_cpu_us":9973,"io_class":"random"}
[bcache] policy -> readahead
IOBENCH {"policy":"readahead","workload":"scan","file_mb":64,"cache_blocks":1024,"seconds":6,"reads":9018,"mb_per_s_x100":587,"lat_mean_us":664,"lat_p50_us":976,"lat_p99_us":1114,"hit_rate_pm":806,"readahead_issued":0,"readahead_used":0,"evictions":5976,"disk_reads":551822,"cache_cpu_us":10915,"io_class":"unknown"}
[bcache] policy -> clock
IOBENCH {"policy":"clock","workload":"scan","file_mb":64,"cache_blocks":1024,"seconds":6,"reads":8650,"mb_per_s_x100":563,"lat_mean_us":692,"lat_p50_us":979,"lat_p99_us":1194,"hit_rate_pm":799,"readahead_issued":0,"readahead_used":0,"evictions":5959,"disk_reads":558155,"cache_cpu_us":12525,"io_class":"unknown"}
[bcache] policy -> fifo
IOBENCH {"policy":"fifo","workload":"scan","file_mb":64,"cache_blocks":1024,"seconds":6,"reads":8314,"mb_per_s_x100":541,"lat_mean_us":720,"lat_p50_us":984,"lat_p99_us":1193,"hit_rate_pm":790,"readahead_issued":0,"readahead_used":0,"evictions":5976,"disk_reads":564164,"cache_cpu_us":9442,"io_class":"unknown"}
[bcache] policy -> lru
IOBENCH {"policy":"lru","workload":"scan","file_mb":64,"cache_blocks":1024,"seconds":6,"reads":8998,"mb_per_s_x100":585,"lat_mean_us":666,"lat_p50_us":978,"lat_p99_us":1195,"hit_rate_pm":806,"readahead_issued":0,"readahead_used":0,"evictions":5972,"disk_reads":570169,"cache_cpu_us":9845,"io_class":"unknown"}
[bcache] policy -> adaptive
policy: adaptive
io_class: unknown
capacity_blocks: 1024
blocks: 1024
hits: 25021
misses: 6002
hit_rate_pm: 806
readahead_issued: 0
readahead_used: 0
evictions: 6002
writebacks: 0
memory_kb: 4096
adapt_changes: 10
cpu_ns: 9887048
BENCH-END cache
init: benchmark suite finished (0)
FuhrerOS: syncing filesystems and powering off
POWEROFF
