
FuhrerOS: kernel entry reached (serial up)

================================
        FUHREROS KERNEL
================================

Architecture : x86_64
Bootloader   : Limine 11.4.1
Kernel       : FuhrerOS 0.1.0 (from-scratch)
Status       : BOOTED

[boot  ] bootloader: Limine 11.4.1 (BIOS firmware)
[boot  ] cmdline: 'bench=cache'
[boot  ] kernel: phys 0x000000007fd73000 virt 0xffffffff80000000 size 872 KiB
[boot  ] hhdm offset: 0xffff800000000000, rsdp: 0x00000000000f5260
[boot  ] memory map (25 entries):
[boot  ]   0000000000001000-0000000000061000 bootloader     384 KiB
[boot  ]   0000000000061000-000000000009f000 usable         248 KiB
[boot  ]   000000000009fc00-00000000000a0000 reserved       1 KiB
[boot  ]   00000000000f0000-00000000000f5000 reserved       20 KiB
[boot  ]   00000000000f5000-00000000000f6000 reserved       4 KiB
[boot  ]   00000000000f6000-0000000000100000 reserved       40 KiB
[boot  ]   0000000000100000-000000007f8ce000 usable         2088760 KiB
[boot  ]   000000007f8ce000-000000007fd65000 kernel+modules 4700 KiB
[boot  ]   000000007fd65000-000000007fd66000 bootloader     4 KiB
[boot  ]   000000007fd66000-000000007fd69000 usable         12 KiB
[boot  ]   000000007fd69000-000000007fd73000 bootloader     40 KiB
[boot  ]   000000007fd73000-000000007fe4d000 kernel+modules 872 KiB
[boot  ]   000000007fe4d000-000000007ff38000 bootloader     940 KiB
[boot  ]   000000007ff38000-000000007ff55000 usable         116 KiB
[boot  ]   000000007ff55000-000000007ffdc000 bootloader     540 KiB
[boot  ]   000000007ffdc000-000000007ffe0000 reserved       16 KiB
[boot  ]   000000007ffe0000-000000007ffe3000 reserved       12 KiB
[boot  ]   000000007ffe3000-0000000080000000 reserved       116 KiB
[boot  ]   00000000b0000000-00000000c0000000 reserved       262144 KiB
[boot  ]   00000000fd000000-00000000fd3e8000 framebuffer    4000 KiB
[boot  ]   00000000fed1c000-00000000fed20000 reserved       16 KiB
[boot  ]   00000000feffc000-00000000ff000000 reserved       16 KiB
[boot  ]   00000000fffc0000-0000000100000000 reserved       256 KiB
[boot  ]   0000000100000000-0000000180000000 usable         2097152 KiB
[boot  ]   000000fd00000000-0000010000000000 reserved       12582912 KiB
[boot  ] usable memory: 4088 MiB
[boot  ] framebuffer: 1280x800 32bpp pitch 5120 at phys 0x00000000fd000000
[boot  ] module: /boot/initrd.tar (4812800 bytes) 'initrd'
[boot  ] cpu: AuthenticAMD / AMD Ryzen 5 7520U with Radeon Graphics         
[pmm   ] 1572864 frames tracked, 1046462 free (4087 MiB), bitmap 192 KiB at 0x0000000000100000
[vmm   ] kernel page tables active (pml4 0x0000000000130000, NX on)
[heap  ] slab classes 16..2048 B, large allocations from vmalloc
[pmm   ] reclaimed 1908 KiB of bootloader memory
[acpi  ] OEM 'BOCHS ', 4 CPU(s), LAPIC 0x00000000fee00000, 1 IOAPIC(s) (first 0x00000000fec00000 gsi 0), ECAM 0x00000000b0000000
[apic  ] local APIC id 0 enabled
[apic  ] I/O APIC with 24 inputs
[time  ] TSC 2793.882 MHz, LAPIC timer 62574 kHz (div 16)
[time  ] LAPIC periodic timer at 1000 Hz (vector 0x20)
[sched ] policy -> adaptive
[sched ] scheduler ready, policy adaptive, 4 policies available
[init  ] kinit running as task 2 under policy 'adaptive'
[ps2   ] keyboard ready, mouse ready (4-byte packets, wheel)
[proc  ] process subsystem ready (ELF64 loader, spawn/wait)
[syscall] syscall/sysret MSRs programmed, 64 syscall numbers
[pci   ] 00:00.0 8086:29c0 host bridge
[pci   ] 00:01.0 1234:1111 display
[pci   ] 00:02.0 1af4:1041 network
[vnet  ] eth0 MAC 52:54:00:12:34:56
[pci   ] 00:03.0 1af4:1042 storage
[blk   ] vda: 20480 MiB (41943040 sectors of 512 B)
[pci   ] 00:1f.0 8086:2918 ISA bridge
[pci   ] 00:1f.2 8086:2922 SATA controller
[pci   ] 00:1f.3 8086:2930 SMBus
[bcache] 2048 x 4 KiB buffers, policy adaptive
[net   ] sockets: TCP, UDP, ICMP echo
[tty   ] console tty on framebuffer + COM1 (serial input enabled)
[net   ] DHCP: 10.0.2.15/255.255.255.0 gw 10.0.2.2 dns 10.0.2.3
[ffs0  ] 'fuhreros' on vda: 5242880 blocks (5241345 free), 4096 inodes (4034 free), mount #1
[vfs   ] mounted vda (ffs0) on /
[tarfs ] initrd: 54 files, 4700 KiB
[vfs   ] mounted initrd (tarfs) on /initrd
[vfs   ] mounted - (devfs) on /dev
[vfs   ] mounted - (procfs) on /proc
[vfs   ] mounted - (ramfs) on /tmp
[vfs   ] root filesystem: FFS0 (virtio-blk vda)
[init  ] started /bin/init as pid 1 - kernel handing over to user space
[1;36mFuhrerOS init[0m (pid 1): user space is running outside kernel privilege
init: running benchmark suite /etc/bench/cache.sh
BENCH-BEGIN cache
iobench: creating 64 MiB test file...
IOBENCH {"policy":"adaptive","workload":"seq","file_mb":64,"cache_blocks":1024,"seconds":1,"reads":1442,"mb_per_s_x100":563,"lat_mean_us":692,"lat_p50_us":938,"lat_p99_us":2067,"hit_rate_pm":803,"readahead_issued":1475,"readahead_used":2378,"evictions":2405,"disk_reads":19053,"cache_cpu_us":53068,"io_class":"sequential"}
[bcache] policy -> lru
IOBENCH {"policy":"lru","workload":"seq","file_mb":64,"cache_blocks":1024,"seconds":6,"reads":5955,"mb_per_s_x100":387,"lat_mean_us":1006,"lat_p50_us":1000,"lat_p99_us":1247,"hit_rate_pm":738,"readahead_issued":0,"readahead_used":0,"evictions":5966,"disk_reads":25089,"cache_cpu_us":8782,"io_class":"unknown"}
[bcache] policy -> fifo
IOBENCH {"policy":"fifo","workload":"seq","file_mb":64,"cache_blocks":1024,"seconds":6,"reads":5963,"mb_per_s_x100":388,"lat_mean_us":1005,"lat_p50_us":1000,"lat_p99_us":1170,"hit_rate_pm":737,"readahead_issued":0,"readahead_used":0,"evictions":5988,"disk_reads":31110,"cache_cpu_us":6426,"io_class":"unknown"}
[bcache] policy -> clock
IOBENCH {"policy":"clock","workload":"seq","file_mb":64,"cache_blocks":1024,"seconds":6,"reads":5972,"mb_per_s_x100":388,"lat_mean_us":1003,"lat_p50_us":1000,"lat_p99_us":1174,"hit_rate_pm":738,"readahead_issued":0,"readahead_used":0,"evictions":5983,"disk_reads":37126,"cache_cpu_us":6097,"io_class":"unknown"}
[bcache] policy -> readahead
IOBENCH {"policy":"readahead","workload":"seq","file_mb":64,"cache_blocks":1024,"seconds":6,"reads":462433,"mb_per_s_x100":786,"lat_mean_us":12,"lat_p50_us":6,"lat_p99_us":76,"hit_rate_pm":999,"readahead_issued":463784,"readahead_used":462856,"evictions":463846,"disk_reads":501005,"cache_cpu_us":3716026,"io_class":"unknown"}
[bcache] policy -> adaptive
IOBENCH {"policy":"adaptive","workload":"seq","file_mb":64,"cache_blocks":1024,"seconds":6,"reads":6502,"mb_per_s_x100":423,"lat_mean_us":922,"lat_p50_us":980,"lat_p99_us":2115,"hit_rate_pm":761,"readahead_issued":6540,"readahead_used":12536,"evictions":12508,"disk_reads":513577,"cache_cpu_us":192023,"io_class":"sequential"}
[bcache] policy -> lru
IOBENCH {"policy":"lru","workload":"random","file_mb":64,"cache_blocks":1024,"seconds":6,"reads":6308,"mb_per_s_x100":410,"lat_mean_us":950,"lat_p50_us":999,"lat_p99_us":1130,"hit_rate_pm":758,"readahead_issued":0,"readahead_used":0,"evictions":5990,"disk_reads":519637,"cache_cpu_us":9601,"io_class":"unknown"}
[bcache] policy -> fifo
IOBENCH {"policy":"fifo","workload":"random","file_mb":64,"cache_blocks":1024,"seconds":6,"reads":6206,"mb_per_s_x100":403,"lat_mean_us":965,"lat_p50_us":999,"lat_p99_us":1998,"hit_rate_pm":755,"readahead_issued":0,"readahead_used":0,"evictions":5977,"disk_reads":525647,"cache_cpu_us":10397,"io_class":"unknown"}
[bcache] policy -> clock
IOBENCH {"policy":"clock","workload":"random","file_mb":64,"cache_blocks":1024,"seconds":6,"reads":6327,"mb_per_s_x100":411,"lat_mean_us":947,"lat_p50_us":999,"lat_p99_us":1154,"hit_rate_pm":759,"readahead_issued":0,"readahead_used":0,"evictions":5990,"disk_reads":531670,"cache_cpu_us":8984,"io_class":"unknown"}
[bcache] policy -> readahead
IOBENCH {"policy":"readahead","workload":"random","file_mb":64,"cache_blocks":1024,"seconds":6,"reads":6311,"mb_per_s_x100":410,"lat_mean_us":949,"lat_p50_us":998,"lat_p99_us":1278,"hit_rate_pm":759,"readahead_issued":4,"readahead_used":0,"evictions":5973,"disk_reads":537676,"cache_cpu_us":12146,"io_class":"unknown"}
[bcache] policy -> adaptive
IOBENCH {"policy":"adaptive","workload":"random","file_mb":64,"cache_blocks":1024,"seconds":6,"reads":6295,"mb_per_s_x100":409,"lat_mean_us":951,"lat_p50_us":998,"lat_p99_us":1303,"hit_rate_pm":759,"readahead_issued":0,"readahead_used":0,"evictions":5967,"disk_reads":543707,"cache_cpu_us":13353,"io_class":"random"}
[bcache] policy -> lru
IOBENCH {"policy":"lru","workload":"hotset","file_mb":64,"cache_blocks":1024,"seconds":6,"reads":27156,"mb_per_s_x100":1767,"lat_mean_us":220,"lat_p50_us":1,"lat_p99_us":1070,"hit_rate_pm":930,"readahead_issued":0,"readahead_used":0,"evictions":5972,"disk_reads":549712,"cache_cpu_us":22193,"io_class":"unknown"}
[bcache] policy -> fifo
IOBENCH {"policy":"fifo","workload":"hotset","file_mb":64,"cache_blocks":1024,"seconds":6,"reads":18244,"mb_per_s_x100":1187,"lat_mean_us":328,"lat_p50_us":2,"lat_p99_us":1140,"hit_rate_pm":896,"readahead_issued":0,"readahead_used":0,"evictions":5983,"disk_reads":555728,"cache_cpu_us":12814,"io_class":"unknown"}
[bcache] policy -> clock
IOBENCH {"policy":"clock","workload":"hotset","file_mb":64,"cache_blocks":1024,"seconds":6,"reads":23865,"mb_per_s_x100":1553,"lat_mean_us":250,"lat_p50_us":1,"lat_p99_us":1068,"hit_rate_pm":920,"readahead_issued":0,"readahead_used":0,"evictions":5985,"disk_reads":561746,"cache_cpu_us":14799,"io_class":"unknown"}
[bcache] policy -> readahead
IOBENCH {"policy":"readahead","workload":"hotset","file_mb":64,"cache_blocks":1024,"seconds":6,"reads":27546,"mb_per_s_x100":1793,"lat_mean_us":217,"lat_p50_us":1,"lat_p99_us":1067,"hit_rate_pm":931,"readahead_issued":9,"readahead_used":5,"evictions":5997,"disk_reads":567776,"cache_cpu_us":17675,"io_class":"unknown"}
[bcache] policy -> adaptive
IOBENCH {"policy":"adaptive","workload":"hotset","file_mb":64,"cache_blocks":1024,"seconds":6,"reads":23319,"mb_per_s_x100":1517,"lat_mean_us":256,"lat_p50_us":1,"lat_p99_us":1075,"hit_rate_pm":919,"readahead_issued":7,"readahead_used":1,"evictions":5987,"disk_reads":573827,"cache_cpu_us":15355,"io_class":"random"}
[bcache] policy -> lru
IOBENCH {"policy":"lru","workload":"scan","file_mb":64,"cache_blocks":1024,"seconds":6,"reads":8998,"mb_per_s_x100":585,"lat_mean_us":666,"lat_p50_us":977,"lat_p99_us":1114,"hit_rate_pm":805,"readahead_issued":0,"readahead_used":0,"evictions":5991,"disk_reads":579851,"cache_cpu_us":10181,"io_class":"unknown"}
[bcache] policy -> fifo
IOBENCH {"policy":"fifo","workload":"scan","file_mb":64,"cache_blocks":1024,"seconds":6,"reads":8295,"mb_per_s_x100":539,"lat_mean_us":722,"lat_p50_us":983,"lat_p99_us":1240,"hit_rate_pm":789,"readahead_issued":0,"readahead_used":0,"evictions":5979,"disk_reads":585863,"cache_cpu_us":9541,"io_class":"unknown"}
[bcache] policy -> clock
IOBENCH {"policy":"clock","workload":"scan","file_mb":64,"cache_blocks":1024,"seconds":6,"reads":8722,"mb_per_s_x100":567,"lat_mean_us":686,"lat_p50_us":981,"lat_p99_us":1115,"hit_rate_pm":799,"readahead_issued":0,"readahead_used":0,"evictions":5985,"disk_reads":591881,"cache_cpu_us":10281,"io_class":"unknown"}
[bcache] policy -> readahead
IOBENCH {"policy":"readahead","workload":"scan","file_mb":64,"cache_blocks":1024,"seconds":6,"reads":9006,"mb_per_s_x100":586,"lat_mean_us":665,"lat_p50_us":975,"lat_p99_us":1142,"hit_rate_pm":807,"readahead_issued":0,"readahead_used":0,"evictions":5957,"disk_reads":597871,"cache_cpu_us":12962,"io_class":"unknown"}
[bcache] policy -> adaptive
IOBENCH {"policy":"adaptive","workload":"scan","file_mb":64,"cache_blocks":1024,"seconds":6,"reads":8580,"mb_per_s_x100":558,"lat_mean_us":697,"lat_p50_us":980,"lat_p99_us":1136,"hit_rate_pm":797,"readahead_issued":0,"readahead_used":0,"evictions":5947,"disk_reads":603882,"cache_cpu_us":12130,"io_class":"random"}
[bcache] policy -> adaptive
IOBENCH {"policy":"adaptive","workload":"seq","file_mb":64,"cache_blocks":1024,"seconds":6,"reads":6508,"mb_per_s_x100":423,"lat_mean_us":921,"lat_p50_us":978,"lat_p99_us":2129,"hit_rate_pm":761,"readahead_issued":6546,"readahead_used":12548,"evictions":12520,"disk_reads":616435,"cache_cpu_us":205588,"io_class":"sequential"}
[bcache] policy -> readahead
IOBENCH {"policy":"readahead","workload":"seq","file_mb":64,"cache_blocks":1024,"seconds":6,"reads":390080,"mb_per_s_x100":1939,"lat_mean_us":14,"lat_p50_us":6,"lat_p99_us":81,"hit_rate_pm":999,"readahead_issued":391205,"readahead_used":390437,"evictions":391257,"disk_reads":1007762,"cache_cpu_us":3589520,"io_class":"unknown"}
[bcache] policy -> clock
IOBENCH {"policy":"clock","workload":"seq","file_mb":64,"cache_blocks":1024,"seconds":6,"reads":5826,"mb_per_s_x100":379,"lat_mean_us":1024,"lat_p50_us":1001,"lat_p99_us":1973,"hit_rate_pm":737,"readahead_issued":0,"readahead_used":0,"evictions":5837,"disk_reads":1013663,"cache_cpu_us":18149,"io_class":"unknown"}
[bcache] policy -> fifo
IOBENCH {"policy":"fifo","workload":"seq","file_mb":64,"cache_blocks":1024,"seconds":6,"reads":5954,"mb_per_s_x100":387,"lat_mean_us":1006,"lat_p50_us":1000,"lat_p99_us":1205,"hit_rate_pm":737,"readahead_issued":0,"readahead_used":0,"evictions":5979,"disk_reads":1019675,"cache_cpu_us":8886,"io_class":"unknown"}
[bcache] policy -> lru
IOBENCH {"policy":"lru","workload":"seq","file_mb":64,"cache_blocks":1024,"seconds":6,"reads":5956,"mb_per_s_x100":387,"lat_mean_us":1005,"lat_p50_us":1000,"lat_p99_us":1353,"hit_rate_pm":738,"readahead_issued":0,"readahead_used":0,"evictions":5967,"disk_reads":1025675,"cache_cpu_us":11921,"io_class":"unknown"}
[bcache] policy -> adaptive
IOBENCH {"policy":"adaptive","workload":"random","file_mb":64,"cache_blocks":1024,"seconds":6,"reads":6304,"mb_per_s_x100":410,"lat_mean_us":950,"lat_p50_us":999,"lat_p99_us":1295,"hit_rate_pm":759,"readahead_issued":0,"readahead_used":0,"evictions":5980,"disk_reads":1031688,"cache_cpu_us":11567,"io_class":"random"}
[bcache] policy -> readahead
IOBENCH {"policy":"readahead","workload":"random","file_mb":64,"cache_blocks":1024,"seconds":6,"reads":6319,"mb_per_s_x100":411,"lat_mean_us":948,"lat_p50_us":999,"lat_p99_us":1140,"hit_rate_pm":759,"readahead_issued":0,"readahead_used":0,"evictions":5988,"disk_reads":1037709,"cache_cpu_us":10830,"io_class":"unknown"}
[bcache] policy -> clock
IOBENCH {"policy":"clock","workload":"random","file_mb":64,"cache_blocks":1024,"seconds":6,"reads":6284,"mb_per_s_x100":409,"lat_mean_us":954,"lat_p50_us":999,"lat_p99_us":1349,"hit_rate_pm":760,"readahead_issued":0,"readahead_used":0,"evictions":5947,"disk_reads":1043720,"cache_cpu_us":9955,"io_class":"unknown"}
[bcache] policy -> fifo
IOBENCH {"policy":"fifo","workload":"random","file_mb":64,"cache_blocks":1024,"seconds":6,"reads":6205,"mb_per_s_x100":403,"lat_mean_us":966,"lat_p50_us":999,"lat_p99_us":2004,"hit_rate_pm":755,"readahead_issued":0,"readahead_used":0,"evictions":5974,"disk_reads":1049727,"cache_cpu_us":11759,"io_class":"unknown"}
[bcache] policy -> lru
IOBENCH {"policy":"lru","workload":"random","file_mb":64,"cache_blocks":1024,"seconds":6,"reads":6337,"mb_per_s_x100":412,"lat_mean_us":945,"lat_p50_us":998,"lat_p99_us":1239,"hit_rate_pm":760,"readahead_issued":0,"readahead_used":0,"evictions":5971,"disk_reads":1055731,"cache_cpu_us":12206,"io_class":"unknown"}
[bcache] policy -> adaptive
IOBENCH {"policy":"adaptive","workload":"hotset","file_mb":64,"cache_blocks":1024,"seconds":6,"reads":23936,"mb_per_s_x100":1558,"lat_mean_us":248,"lat_p50_us":1,"lat_p99_us":1093,"hit_rate_pm":923,"readahead_issued":3,"readahead_used":0,"evictions":5831,"disk_reads":1061595,"cache_cpu_us":28803,"io_class":"random"}
[bcache] policy -> readahead
IOBENCH {"policy":"readahead","workload":"hotset","file_mb":64,"cache_blocks":1024,"seconds":6,"reads":26632,"mb_per_s_x100":1733,"lat_mean_us":224,"lat_p50_us":1,"lat_p99_us":1073,"hit_rate_pm":929,"readahead_issued":9,"readahead_used":9,"evictions":6001,"disk_reads":1067629,"cache_cpu_us":21805,"io_class":"unknown"}
[bcache] policy -> clock
IOBENCH {"policy":"clock","workload":"hotset","file_mb":64,"cache_blocks":1024,"seconds":6,"reads":23255,"mb_per_s_x100":1513,"lat_mean_us":257,"lat_p50_us":1,"lat_p99_us":1075,"hit_rate_pm":919,"readahead_issued":0,"readahead_used":0,"evictions":5971,"disk_reads":1073664,"cache_cpu_us":14709,"io_class":"unknown"}
[bcache] policy -> fifo
IOBENCH {"policy":"fifo","workload":"hotset","file_mb":64,"cache_blocks":1024,"seconds":6,"reads":17205,"mb_per_s_x100":1119,"lat_mean_us":346,"lat_p50_us":3,"lat_p99_us":1517,"hit_rate_pm":893,"readahead_issued":0,"readahead_used":0,"evictions":5823,"disk_reads":1079520,"cache_cpu_us":23229,"io_class":"unknown"}
[bcache] policy -> lru
IOBENCH {"policy":"lru","workload":"hotset","file_mb":64,"cache_blocks":1024,"seconds":6,"reads":26528,"mb_per_s_x100":1726,"lat_mean_us":225,"lat_p50_us":2,"lat_p99_us":1099,"hit_rate_pm":929,"readahead_issued":0,"readahead_used":0,"evictions":5900,"disk_reads":1085453,"cache_cpu_us":29924,"io_class":"unknown"}
[bcache] policy -> adaptive
IOBENCH {"policy":"adaptive","workload":"scan","file_mb":64,"cache_blocks":1024,"seconds":6,"reads":8548,"mb_per_s_x100":556,"lat_mean_us":700,"lat_p50_us":976,"lat_p99_us":1312,"hit_rate_pm":798,"readahead_issued":0,"readahead_used":0,"evictions":5892,"disk_reads":1091378,"cache_cpu_us":14267,"io_class":"random"}
[bcache] policy -> readahead
IOBENCH {"policy":"readahead","workload":"scan","file_mb":64,"cache_blocks":1024,"seconds":6,"reads":9038,"mb_per_s_x100":588,"lat_mean_us":663,"lat_p50_us":978,"lat_p99_us":1121,"hit_rate_pm":807,"readahead_issued":0,"readahead_used":0,"evictions":5987,"disk_reads":1097398,"cache_cpu_us":11022,"io_class":"unknown"}
[bcache] policy -> clock
IOBENCH {"policy":"clock","workload":"scan","file_mb":64,"cache_blocks":1024,"seconds":6,"reads":8645,"mb_per_s_x100":562,"lat_mean_us":693,"lat_p50_us":979,"lat_p99_us":1156,"hit_rate_pm":798,"readahead_issued":0,"readahead_used":0,"evictions":5966,"disk_reads":1103428,"cache_cpu_us":11067,"io_class":"unknown"}
[bcache] policy -> fifo
IOBENCH {"policy":"fifo","workload":"scan","file_mb":64,"cache_blocks":1024,"seconds":6,"reads":8294,"mb_per_s_x100":539,"lat_mean_us":722,"lat_p50_us":980,"lat_p99_us":1176,"hit_rate_pm":789,"readahead_issued":0,"readahead_used":0,"evictions":5981,"disk_reads":1109442,"cache_cpu_us":12796,"io_class":"unknown"}
[bcache] policy -> lru
IOBENCH {"policy":"lru","workload":"scan","file_mb":64,"cache_blocks":1024,"seconds":6,"reads":9021,"mb_per_s_x100":587,"lat_mean_us":664,"lat_p50_us":976,"lat_p99_us":1105,"hit_rate_pm":807,"readahead_issued":0,"readahead_used":0,"evictions":5966,"disk_reads":1115441,"cache_cpu_us":10677,"io_class":"unknown"}
[bcache] policy -> adaptive
policy: adaptive
io_class: unknown
capacity_blocks: 1024
blocks: 1024
hits: 25132
misses: 5996
hit_rate_pm: 807
readahead_issued: 0
readahead_used: 0
evictions: 5996
writebacks: 0
memory_kb: 4096
adapt_changes: 10
cpu_ns: 10722392
BENCH-END cache
init: benchmark suite finished (0)
FuhrerOS: syncing filesystems and powering off
POWEROFF
