
FuhrerOS: kernel entry reached (serial up)

================================
        FUHREROS KERNEL
================================

Architecture : x86_64
Bootloader   : Limine 11.4.1
Kernel       : FuhrerOS 0.1.0 (from-scratch)
Status       : BOOTED

[boot  ] bootloader: Limine 11.4.1 (BIOS firmware)
[boot  ] cmdline: 'bench=transition'
[boot  ] kernel: phys 0x000000007fd73000 virt 0xffffffff80000000 size 872 KiB
[boot  ] hhdm offset: 0xffff800000000000, rsdp: 0x00000000000f5260
[boot  ] memory map (25 entries):
[boot  ]   0000000000001000-0000000000061000 bootloader     384 KiB
[boot  ]   0000000000061000-000000000009f000 usable         248 KiB
[boot  ]   000000000009fc00-00000000000a0000 reserved       1 KiB
[boot  ]   00000000000f0000-00000000000f5000 reserved       20 KiB
[boot  ]   00000000000f5000-00000000000f6000 reserved       4 KiB
[boot  ]   00000000000f6000-0000000000100000 reserved       40 KiB
[boot  ]   0000000000100000-000000007f8ce000 usable         2088760 KiB
[boot  ]   000000007f8ce000-000000007fd65000 kernel+modules 4700 KiB
[boot  ]   000000007fd65000-000000007fd66000 bootloader     4 KiB
[boot  ]   000000007fd66000-000000007fd69000 usable         12 KiB
[boot  ]   000000007fd69000-000000007fd73000 bootloader     40 KiB
[boot  ]   000000007fd73000-000000007fe4d000 kernel+modules 872 KiB
[boot  ]   000000007fe4d000-000000007ff38000 bootloader     940 KiB
[boot  ]   000000007ff38000-000000007ff55000 usable         116 KiB
[boot  ]   000000007ff55000-000000007ffdc000 bootloader     540 KiB
[boot  ]   000000007ffdc000-000000007ffe0000 reserved       16 KiB
[boot  ]   000000007ffe0000-000000007ffe3000 reserved       12 KiB
[boot  ]   000000007ffe3000-0000000080000000 reserved       116 KiB
[boot  ]   00000000b0000000-00000000c0000000 reserved       262144 KiB
[boot  ]   00000000fd000000-00000000fd3e8000 framebuffer    4000 KiB
[boot  ]   00000000fed1c000-00000000fed20000 reserved       16 KiB
[boot  ]   00000000feffc000-00000000ff000000 reserved       16 KiB
[boot  ]   00000000fffc0000-0000000100000000 reserved       256 KiB
[boot  ]   0000000100000000-0000000180000000 usable         2097152 KiB
[boot  ]   000000fd00000000-0000010000000000 reserved       12582912 KiB
[boot  ] usable memory: 4088 MiB
[boot  ] framebuffer: 1280x800 32bpp pitch 5120 at phys 0x00000000fd000000
[boot  ] module: /boot/initrd.tar (4812800 bytes) 'initrd'
[boot  ] cpu: AuthenticAMD / AMD Ryzen 5 7520U with Radeon Graphics         
[pmm   ] 1572864 frames tracked, 1046462 free (4087 MiB), bitmap 192 KiB at 0x0000000000100000
[vmm   ] kernel page tables active (pml4 0x0000000000130000, NX on)
[heap  ] slab classes 16..2048 B, large allocations from vmalloc
[pmm   ] reclaimed 1908 KiB of bootloader memory
[acpi  ] OEM 'BOCHS ', 4 CPU(s), LAPIC 0x00000000fee00000, 1 IOAPIC(s) (first 0x00000000fec00000 gsi 0), ECAM 0x00000000b0000000
[apic  ] local APIC id 0 enabled
[apic  ] I/O APIC with 24 inputs
[time  ] TSC 2792.969 MHz, LAPIC timer 62577 kHz (div 16)
[time  ] LAPIC periodic timer at 1000 Hz (vector 0x20)
[sched ] policy -> adaptive
[sched ] scheduler ready, policy adaptive, 4 policies available
[init  ] kinit running as task 2 under policy 'adaptive'
[ps2   ] keyboard ready, mouse ready (4-byte packets, wheel)
[proc  ] process subsystem ready (ELF64 loader, spawn/wait)
[syscall] syscall/sysret MSRs programmed, 64 syscall numbers
[pci   ] 00:00.0 8086:29c0 host bridge
[pci   ] 00:01.0 1234:1111 display
[pci   ] 00:02.0 1af4:1041 network
[vnet  ] eth0 MAC 52:54:00:12:34:56
[pci   ] 00:03.0 1af4:1042 storage
[blk   ] vda: 20480 MiB (41943040 sectors of 512 B)
[pci   ] 00:1f.0 8086:2918 ISA bridge
[pci   ] 00:1f.2 8086:2922 SATA controller
[pci   ] 00:1f.3 8086:2930 SMBus
[bcache] 2048 x 4 KiB buffers, policy adaptive
[net   ] sockets: TCP, UDP, ICMP echo
[tty   ] console tty on framebuffer + COM1 (serial input enabled)
[net   ] DHCP: 10.0.2.15/255.255.255.0 gw 10.0.2.2 dns 10.0.2.3
[ffs0  ] 'fuhreros' on vda: 5242880 blocks (5241345 free), 4096 inodes (4034 free), mount #1
[vfs   ] mounted vda (ffs0) on /
[tarfs ] initrd: 54 files, 4700 KiB
[vfs   ] mounted initrd (tarfs) on /initrd
[vfs   ] mounted - (devfs) on /dev
[vfs   ] mounted - (procfs) on /proc
[vfs   ] mounted - (ramfs) on /tmp
[vfs   ] root filesystem: FFS0 (virtio-blk vda)
[init  ] started /bin/init as pid 1 - kernel handing over to user space
[1;36mFuhrerOS init[0m (pid 1): user space is running outside kernel privilege
init: running benchmark suite /etc/bench/transition.sh
BENCH-BEGIN transition
[bcache] policy -> adaptive
policy: adaptive
io_class: unknown
capacity_blocks: 2048
blocks: 183
hits: 658
misses: 14
hit_rate_pm: 979
readahead_issued: 169
readahead_used: 103
evictions: 0
writebacks: 0
memory_kb: 732
adapt_changes: 0
cpu_ns: 1395144
iobench: creating 64 MiB test file...
IOBENCH {"policy":"adaptive","workload":"random","file_mb":64,"cache_blocks":1024,"seconds":1,"reads":4176,"mb_per_s_x100":1631,"lat_mean_us":238,"lat_p50_us":237,"lat_p99_us":549,"hit_rate_pm":757,"readahead_issued":0,"readahead_used":0,"evictions":3988,"disk_reads":20695,"cache_cpu_us":4600,"cache_cpu_ns_per_read":1101,"io_class":"random"}
TL {"t_ms":250,"phase":"cpu","class":"CPU_BOUND","conf":91,"sched":"adaptive","cache":"adaptive","io_class":"random","ops":2599}
TL {"t_ms":533,"phase":"cpu","class":"CPU_BOUND","conf":90,"sched":"adaptive","cache":"adaptive","io_class":"random","ops":2484}
TL {"t_ms":822,"phase":"cpu","class":"CPU_BOUND","conf":90,"sched":"adaptive","cache":"adaptive","io_class":"random","ops":2122}
TL {"t_ms":1137,"phase":"cpu","class":"CPU_BOUND","conf":90,"sched":"adaptive","cache":"adaptive","io_class":"random","ops":2546}
TL {"t_ms":1424,"phase":"cpu","class":"CPU_BOUND","conf":90,"sched":"adaptive","cache":"adaptive","io_class":"random","ops":2254}
TL {"t_ms":1731,"phase":"cpu","class":"CPU_BOUND","conf":90,"sched":"adaptive","cache":"adaptive","io_class":"random","ops":2628}
TL {"t_ms":2015,"phase":"cpu","class":"CPU_BOUND","conf":90,"sched":"adaptive","cache":"adaptive","io_class":"random","ops":2697}
TL {"t_ms":2299,"phase":"cpu","class":"CPU_BOUND","conf":90,"sched":"adaptive","cache":"adaptive","io_class":"random","ops":2632}
TL {"t_ms":2590,"phase":"cpu","class":"CPU_BOUND","conf":90,"sched":"adaptive","cache":"adaptive","io_class":"random","ops":2567}
TL {"t_ms":2872,"phase":"cpu","class":"CPU_BOUND","conf":90,"sched":"adaptive","cache":"adaptive","io_class":"random","ops":2718}
TL {"t_ms":3169,"phase":"cpu","class":"CPU_BOUND","conf":90,"sched":"adaptive","cache":"adaptive","io_class":"random","ops":2303}
TL {"t_ms":3458,"phase":"cpu","class":"CPU_BOUND","conf":90,"sched":"adaptive","cache":"adaptive","io_class":"random","ops":2090}
TL {"t_ms":3744,"phase":"cpu","class":"CPU_BOUND","conf":90,"sched":"adaptive","cache":"adaptive","io_class":"random","ops":2665}
TL {"t_ms":4031,"phase":"cpu","class":"CPU_BOUND","conf":91,"sched":"adaptive","cache":"adaptive","io_class":"random","ops":2658}
TL {"t_ms":4317,"phase":"cpu","class":"CPU_BOUND","conf":90,"sched":"adaptive","cache":"adaptive","io_class":"random","ops":1786}
TL {"t_ms":4606,"phase":"cpu","class":"CPU_BOUND","conf":90,"sched":"adaptive","cache":"adaptive","io_class":"random","ops":2620}
TL {"t_ms":4898,"phase":"cpu","class":"CPU_BOUND","conf":90,"sched":"adaptive","cache":"adaptive","io_class":"random","ops":2682}
TL {"t_ms":5184,"phase":"cpu","class":"CPU_BOUND","conf":90,"sched":"adaptive","cache":"adaptive","io_class":"random","ops":2155}
TL {"t_ms":5471,"phase":"cpu","class":"CPU_BOUND","conf":90,"sched":"adaptive","cache":"adaptive","io_class":"random","ops":2677}
TL {"t_ms":5754,"phase":"cpu","class":"CPU_BOUND","conf":90,"sched":"adaptive","cache":"adaptive","io_class":"random","ops":2707}
TL {"t_ms":6038,"phase":"cpu","class":"CPU_BOUND","conf":90,"sched":"adaptive","cache":"adaptive","io_class":"random","ops":2596}
TL {"t_ms":6322,"phase":"cpu","class":"CPU_BOUND","conf":90,"sched":"adaptive","cache":"adaptive","io_class":"random","ops":2617}
TL {"t_ms":6612,"phase":"cpu","class":"CPU_BOUND","conf":90,"sched":"adaptive","cache":"adaptive","io_class":"random","ops":2713}
TL {"t_ms":6932,"phase":"cpu","class":"CPU_BOUND","conf":90,"sched":"adaptive","cache":"adaptive","io_class":"random","ops":1624}
TL {"t_ms":7216,"phase":"cpu","class":"CPU_BOUND","conf":90,"sched":"adaptive","cache":"adaptive","io_class":"random","ops":1818}
TL {"t_ms":7514,"phase":"cpu","class":"CPU_BOUND","conf":90,"sched":"adaptive","cache":"adaptive","io_class":"random","ops":2645}
TL {"t_ms":7799,"phase":"cpu","class":"CPU_BOUND","conf":91,"sched":"adaptive","cache":"adaptive","io_class":"random","ops":2638}
TL {"t_ms":8096,"phase":"cpu","class":"CPU_BOUND","conf":90,"sched":"adaptive","cache":"adaptive","io_class":"random","ops":2672}
TL {"t_ms":8383,"phase":"random-io","class":"IO_BOUND","conf":67,"sched":"adaptive","cache":"adaptive","io_class":"random","ops":1325}
TL {"t_ms":8672,"phase":"random-io","class":"IO_BOUND","conf":99,"sched":"adaptive","cache":"adaptive","io_class":"random","ops":1393}
TL {"t_ms":8961,"phase":"random-io","class":"IO_BOUND","conf":98,"sched":"adaptive","cache":"adaptive","io_class":"random","ops":1008}
TL {"t_ms":9258,"phase":"random-io","class":"IO_BOUND","conf":99,"sched":"adaptive","cache":"adaptive","io_class":"random","ops":1333}
TL {"t_ms":9566,"phase":"random-io","class":"IO_BOUND","conf":99,"sched":"adaptive","cache":"adaptive","io_class":"random","ops":1347}
TL {"t_ms":9858,"phase":"random-io","class":"IO_BOUND","conf":54,"sched":"adaptive","cache":"adaptive","io_class":"random","ops":1414}
TL {"t_ms":10148,"phase":"random-io","class":"IO_BOUND","conf":67,"sched":"adaptive","cache":"adaptive","io_class":"random","ops":1485}
TL {"t_ms":10441,"phase":"random-io","class":"IO_BOUND","conf":67,"sched":"adaptive","cache":"adaptive","io_class":"random","ops":1460}
TL {"t_ms":10730,"phase":"random-io","class":"IO_BOUND","conf":67,"sched":"adaptive","cache":"adaptive","io_class":"random","ops":1464}
TL {"t_ms":11019,"phase":"random-io","class":"IO_BOUND","conf":99,"sched":"adaptive","cache":"adaptive","io_class":"random","ops":1230}
TL {"t_ms":11317,"phase":"random-io","class":"IO_BOUND","conf":99,"sched":"adaptive","cache":"adaptive","io_class":"random","ops":1375}
TL {"t_ms":11606,"phase":"random-io","class":"IO_BOUND","conf":99,"sched":"adaptive","cache":"adaptive","io_class":"random","ops":1273}
TL {"t_ms":11900,"phase":"random-io","class":"IO_BOUND","conf":54,"sched":"adaptive","cache":"adaptive","io_class":"random","ops":1485}
TL {"t_ms":12190,"phase":"random-io","class":"IO_BOUND","conf":67,"sched":"adaptive","cache":"adaptive","io_class":"random","ops":1545}
TL {"t_ms":12480,"phase":"random-io","class":"IO_BOUND","conf":99,"sched":"adaptive","cache":"adaptive","io_class":"random","ops":1535}
TL {"t_ms":12765,"phase":"random-io","class":"INTERACTIVE","conf":58,"sched":"adaptive","cache":"adaptive","io_class":"random","ops":1426}
TL {"t_ms":13060,"phase":"random-io","class":"IO_BOUND","conf":64,"sched":"adaptive","cache":"adaptive","io_class":"random","ops":1379}
TL {"t_ms":13369,"phase":"random-io","class":"INTERACTIVE","conf":60,"sched":"adaptive","cache":"adaptive","io_class":"random","ops":1341}
TL {"t_ms":13655,"phase":"random-io","class":"IO_BOUND","conf":67,"sched":"adaptive","cache":"adaptive","io_class":"random","ops":1261}
TL {"t_ms":13950,"phase":"random-io","class":"IO_BOUND","conf":67,"sched":"adaptive","cache":"adaptive","io_class":"random","ops":1359}
TL {"t_ms":14239,"phase":"random-io","class":"IO_BOUND","conf":99,"sched":"adaptive","cache":"adaptive","io_class":"random","ops":1496}
TL {"t_ms":14527,"phase":"random-io","class":"IO_BOUND","conf":99,"sched":"adaptive","cache":"adaptive","io_class":"random","ops":1412}
TL {"t_ms":14820,"phase":"random-io","class":"IO_BOUND","conf":53,"sched":"adaptive","cache":"adaptive","io_class":"random","ops":1390}
TL {"t_ms":15119,"phase":"random-io","class":"INTERACTIVE","conf":58,"sched":"adaptive","cache":"adaptive","io_class":"random","ops":1549}
TL {"t_ms":15413,"phase":"random-io","class":"INTERACTIVE","conf":56,"sched":"adaptive","cache":"adaptive","io_class":"random","ops":1287}
TL {"t_ms":15701,"phase":"random-io","class":"IO_BOUND","conf":67,"sched":"adaptive","cache":"adaptive","io_class":"random","ops":1198}
TL {"t_ms":16089,"phase":"random-io","class":"IO_BOUND","conf":67,"sched":"adaptive","cache":"adaptive","io_class":"random","ops":979}
TL {"t_ms":16404,"phase":"sequential-io","class":"IO_BOUND","conf":99,"sched":"adaptive","cache":"adaptive","io_class":"sequential","ops":1626}
TL {"t_ms":16697,"phase":"sequential-io","class":"IO_BOUND","conf":68,"sched":"adaptive","cache":"adaptive","io_class":"sequential","ops":1015}
TL {"t_ms":17051,"phase":"sequential-io","class":"INTERACTIVE","conf":71,"sched":"adaptive","cache":"adaptive","io_class":"sequential","ops":1078}
TL {"t_ms":17366,"phase":"sequential-io","class":"IO_BOUND","conf":99,"sched":"adaptive","cache":"adaptive","io_class":"sequential","ops":907}
TL {"t_ms":17682,"phase":"sequential-io","class":"IO_BOUND","conf":74,"sched":"adaptive","cache":"adaptive","io_class":"sequential","ops":1289}
TL {"t_ms":18010,"phase":"sequential-io","class":"IO_BOUND","conf":69,"sched":"adaptive","cache":"adaptive","io_class":"sequential","ops":1075}
TL {"t_ms":18315,"phase":"sequential-io","class":"IO_BOUND","conf":99,"sched":"adaptive","cache":"adaptive","io_class":"sequential","ops":1293}
TL {"t_ms":18609,"phase":"sequential-io","class":"IO_BOUND","conf":99,"sched":"adaptive","cache":"adaptive","io_class":"sequential","ops":1377}
TL {"t_ms":18907,"phase":"sequential-io","class":"IO_BOUND","conf":99,"sched":"adaptive","cache":"adaptive","io_class":"sequential","ops":1219}
TL {"t_ms":19233,"phase":"sequential-io","class":"IO_BOUND","conf":71,"sched":"adaptive","cache":"adaptive","io_class":"sequential","ops":1199}
TL {"t_ms":19531,"phase":"sequential-io","class":"IO_BOUND","conf":73,"sched":"adaptive","cache":"adaptive","io_class":"sequential","ops":1145}
TL {"t_ms":19842,"phase":"sequential-io","class":"IO_BOUND","conf":70,"sched":"adaptive","cache":"adaptive","io_class":"sequential","ops":1353}
TL {"t_ms":20149,"phase":"sequential-io","class":"IO_BOUND","conf":99,"sched":"adaptive","cache":"adaptive","io_class":"sequential","ops":1156}
TL {"t_ms":20451,"phase":"sequential-io","class":"IO_BOUND","conf":60,"sched":"adaptive","cache":"adaptive","io_class":"sequential","ops":1248}
TL {"t_ms":20752,"phase":"sequential-io","class":"INTERACTIVE","conf":70,"sched":"adaptive","cache":"adaptive","io_class":"sequential","ops":1376}
TL {"t_ms":21051,"phase":"sequential-io","class":"IO_BOUND","conf":72,"sched":"adaptive","cache":"adaptive","io_class":"sequential","ops":1372}
TL {"t_ms":21345,"phase":"sequential-io","class":"INTERACTIVE","conf":69,"sched":"adaptive","cache":"adaptive","io_class":"sequential","ops":1506}
TL {"t_ms":21637,"phase":"sequential-io","class":"IO_BOUND","conf":60,"sched":"adaptive","cache":"adaptive","io_class":"sequential","ops":1169}
TL {"t_ms":21962,"phase":"sequential-io","class":"IO_BOUND","conf":72,"sched":"adaptive","cache":"adaptive","io_class":"sequential","ops":1556}
TL {"t_ms":22258,"phase":"sequential-io","class":"IO_BOUND","conf":99,"sched":"adaptive","cache":"adaptive","io_class":"sequential","ops":1321}
TL {"t_ms":22549,"phase":"sequential-io","class":"IO_BOUND","conf":69,"sched":"adaptive","cache":"adaptive","io_class":"sequential","ops":1565}
TL {"t_ms":22840,"phase":"sequential-io","class":"IO_BOUND","conf":99,"sched":"adaptive","cache":"adaptive","io_class":"sequential","ops":1579}
TL {"t_ms":23135,"phase":"sequential-io","class":"INTERACTIVE","conf":59,"sched":"adaptive","cache":"adaptive","io_class":"sequential","ops":1534}
TL {"t_ms":23430,"phase":"sequential-io","class":"IO_BOUND","conf":59,"sched":"adaptive","cache":"adaptive","io_class":"sequential","ops":1555}
TL {"t_ms":23721,"phase":"sequential-io","class":"INTERACTIVE","conf":51,"sched":"adaptive","cache":"adaptive","io_class":"sequential","ops":2154}
TL {"t_ms":24035,"phase":"sequential-io","class":"INTERACTIVE","conf":72,"sched":"adaptive","cache":"adaptive","io_class":"sequential","ops":1671}
TL {"t_ms":24327,"phase":"sequential-io","class":"IO_BOUND","conf":75,"sched":"adaptive","cache":"adaptive","io_class":"sequential","ops":1271}
TL {"t_ms":24621,"phase":"network","class":"IO_BOUND","conf":76,"sched":"adaptive","cache":"adaptive","io_class":"sequential","ops":2822}
TL {"t_ms":24915,"phase":"network","class":"IO_BOUND","conf":93,"sched":"adaptive","cache":"adaptive","io_class":"sequential","ops":2728}
TL {"t_ms":25204,"phase":"network","class":"IO_BOUND","conf":93,"sched":"adaptive","cache":"adaptive","io_class":"sequential","ops":2848}
TL {"t_ms":25492,"phase":"network","class":"IO_BOUND","conf":93,"sched":"adaptive","cache":"adaptive","io_class":"sequential","ops":2816}
TL {"t_ms":25783,"phase":"network","class":"IO_BOUND","conf":93,"sched":"adaptive","cache":"adaptive","io_class":"sequential","ops":2632}
TL {"t_ms":26073,"phase":"network","class":"IO_BOUND","conf":93,"sched":"adaptive","cache":"adaptive","io_class":"sequential","ops":2480}
TL {"t_ms":26367,"phase":"network","class":"IO_BOUND","conf":93,"sched":"adaptive","cache":"adaptive","io_class":"sequential","ops":2472}
TL {"t_ms":26664,"phase":"network","class":"IO_BOUND","conf":93,"sched":"adaptive","cache":"adaptive","io_class":"sequential","ops":2488}
TL {"t_ms":26984,"phase":"network","class":"IO_BOUND","conf":93,"sched":"adaptive","cache":"adaptive","io_class":"sequential","ops":2416}
TL {"t_ms":27280,"phase":"network","class":"IO_BOUND","conf":93,"sched":"adaptive","cache":"adaptive","io_class":"sequential","ops":2328}
TL {"t_ms":27568,"phase":"network","class":"IO_BOUND","conf":93,"sched":"adaptive","cache":"adaptive","io_class":"sequential","ops":2800}
TL {"t_ms":27856,"phase":"network","class":"IO_BOUND","conf":93,"sched":"adaptive","cache":"adaptive","io_class":"sequential","ops":2280}
TL {"t_ms":28165,"phase":"network","class":"IO_BOUND","conf":93,"sched":"adaptive","cache":"adaptive","io_class":"sequential","ops":2488}
TL {"t_ms":28457,"phase":"network","class":"IO_BOUND","conf":93,"sched":"adaptive","cache":"adaptive","io_class":"sequential","ops":2608}
TL {"t_ms":28749,"phase":"network","class":"IO_BOUND","conf":93,"sched":"adaptive","cache":"adaptive","io_class":"sequential","ops":2832}
TL {"t_ms":29045,"phase":"network","class":"IO_BOUND","conf":93,"sched":"adaptive","cache":"adaptive","io_class":"sequential","ops":2664}
TL {"t_ms":29333,"phase":"network","class":"IO_BOUND","conf":93,"sched":"adaptive","cache":"adaptive","io_class":"sequential","ops":2824}
TL {"t_ms":29626,"phase":"network","class":"IO_BOUND","conf":93,"sched":"adaptive","cache":"adaptive","io_class":"sequential","ops":2712}
TL {"t_ms":29915,"phase":"network","class":"IO_BOUND","conf":93,"sched":"adaptive","cache":"adaptive","io_class":"sequential","ops":2824}
TL {"t_ms":30210,"phase":"network","class":"IO_BOUND","conf":93,"sched":"adaptive","cache":"adaptive","io_class":"sequential","ops":2672}
TL {"t_ms":30499,"phase":"network","class":"IO_BOUND","conf":93,"sched":"adaptive","cache":"adaptive","io_class":"sequential","ops":2720}
TL {"t_ms":30801,"phase":"network","class":"IO_BOUND","conf":93,"sched":"adaptive","cache":"adaptive","io_class":"sequential","ops":2744}
TL {"t_ms":31095,"phase":"network","class":"IO_BOUND","conf":93,"sched":"adaptive","cache":"adaptive","io_class":"sequential","ops":2728}
TL {"t_ms":31384,"phase":"network","class":"IO_BOUND","conf":93,"sched":"adaptive","cache":"adaptive","io_class":"sequential","ops":2752}
TL {"t_ms":31672,"phase":"network","class":"IO_BOUND","conf":93,"sched":"adaptive","cache":"adaptive","io_class":"sequential","ops":2752}
TL {"t_ms":31963,"phase":"network","class":"IO_BOUND","conf":93,"sched":"adaptive","cache":"adaptive","io_class":"sequential","ops":2808}
TL {"t_ms":32253,"phase":"network","class":"IO_BOUND","conf":93,"sched":"adaptive","cache":"adaptive","io_class":"sequential","ops":2720}
TL {"t_ms":32550,"phase":"network","class":"IO_BOUND","conf":93,"sched":"adaptive","cache":"adaptive","io_class":"sequential","ops":2760}
TL {"t_ms":32846,"phase":"interactive","class":"INTERACTIVE","conf":100,"sched":"adaptive","cache":"adaptive","io_class":"sequential","ops":58}
TL {"t_ms":33243,"phase":"interactive","class":"INTERACTIVE","conf":100,"sched":"adaptive","cache":"adaptive","io_class":"sequential","ops":58}
TL {"t_ms":33644,"phase":"interactive","class":"INTERACTIVE","conf":100,"sched":"adaptive","cache":"adaptive","io_class":"sequential","ops":58}
TL {"t_ms":34042,"phase":"interactive","class":"INTERACTIVE","conf":100,"sched":"adaptive","cache":"adaptive","io_class":"sequential","ops":58}
TL {"t_ms":34447,"phase":"interactive","class":"INTERACTIVE","conf":96,"sched":"adaptive","cache":"adaptive","io_class":"sequential","ops":58}
TL {"t_ms":34853,"phase":"interactive","class":"INTERACTIVE","conf":100,"sched":"adaptive","cache":"adaptive","io_class":"sequential","ops":58}
TL {"t_ms":35255,"phase":"interactive","class":"INTERACTIVE","conf":100,"sched":"adaptive","cache":"adaptive","io_class":"sequential","ops":58}
TL {"t_ms":35654,"phase":"interactive","class":"INTERACTIVE","conf":100,"sched":"adaptive","cache":"adaptive","io_class":"sequential","ops":58}
TL {"t_ms":36055,"phase":"interactive","class":"INTERACTIVE","conf":100,"sched":"adaptive","cache":"adaptive","io_class":"sequential","ops":58}
TL {"t_ms":36456,"phase":"interactive","class":"INTERACTIVE","conf":100,"sched":"adaptive","cache":"adaptive","io_class":"sequential","ops":58}
TL {"t_ms":36876,"phase":"interactive","class":"INTERACTIVE","conf":96,"sched":"adaptive","cache":"adaptive","io_class":"sequential","ops":58}
TL {"t_ms":37280,"phase":"interactive","class":"INTERACTIVE","conf":100,"sched":"adaptive","cache":"adaptive","io_class":"sequential","ops":58}
TL {"t_ms":37677,"phase":"interactive","class":"INTERACTIVE","conf":100,"sched":"adaptive","cache":"adaptive","io_class":"sequential","ops":58}
TL {"t_ms":38077,"phase":"interactive","class":"INTERACTIVE","conf":96,"sched":"adaptive","cache":"adaptive","io_class":"sequential","ops":58}
TL {"t_ms":38476,"phase":"interactive","class":"INTERACTIVE","conf":100,"sched":"adaptive","cache":"adaptive","io_class":"sequential","ops":58}
TL {"t_ms":38881,"phase":"interactive","class":"INTERACTIVE","conf":100,"sched":"adaptive","cache":"adaptive","io_class":"sequential","ops":58}
TL {"t_ms":39287,"phase":"interactive","class":"INTERACTIVE","conf":100,"sched":"adaptive","cache":"adaptive","io_class":"sequential","ops":58}
TL {"t_ms":39692,"phase":"interactive","class":"INTERACTIVE","conf":100,"sched":"adaptive","cache":"adaptive","io_class":"sequential","ops":58}
TL {"t_ms":40099,"phase":"interactive","class":"INTERACTIVE","conf":96,"sched":"adaptive","cache":"adaptive","io_class":"sequential","ops":58}
TL {"t_ms":40498,"phase":"interactive","class":"INTERACTIVE","conf":100,"sched":"adaptive","cache":"adaptive","io_class":"sequential","ops":58}
TRANSITION {"policy":"adaptive","phase_seconds":8,"detect_ms_cpu":283,"detect_ms_random-io":289,"detect_ms_sequential-io":292,"detect_ms_network":294,"detect_ms_interactive":397}
[bcache] policy -> lru
policy: lru
io_class: unknown
capacity_blocks: 1024
blocks: 1024
hits: 231724
misses: 72821
hit_rate_pm: 760
readahead_issued: 34447
readahead_used: 73697
evictions: 107268
writebacks: 0
memory_kb: 4096
adapt_changes: 3
cpu_ns: 990406293
[sched ] policy -> round_robin
TL {"t_ms":260,"phase":"cpu","class":"CPU_BOUND","conf":95,"sched":"round_robin","cache":"lru","io_class":"unknown","ops":2730}
TL {"t_ms":543,"phase":"cpu","class":"CPU_BOUND","conf":96,"sched":"round_robin","cache":"lru","io_class":"unknown","ops":2669}
TL {"t_ms":851,"phase":"cpu","class":"CPU_BOUND","conf":96,"sched":"round_robin","cache":"lru","io_class":"unknown","ops":2817}
TL {"t_ms":1160,"phase":"cpu","class":"CPU_BOUND","conf":95,"sched":"round_robin","cache":"lru","io_class":"unknown","ops":2544}
TL {"t_ms":1453,"phase":"cpu","class":"CPU_BOUND","conf":95,"sched":"round_robin","cache":"lru","io_class":"unknown","ops":2858}
TL {"t_ms":1751,"phase":"cpu","class":"CPU_BOUND","conf":95,"sched":"round_robin","cache":"lru","io_class":"unknown","ops":2879}
TL {"t_ms":2057,"phase":"cpu","class":"CPU_BOUND","conf":97,"sched":"round_robin","cache":"lru","io_class":"unknown","ops":2882}
TL {"t_ms":2353,"phase":"cpu","class":"CPU_BOUND","conf":95,"sched":"round_robin","cache":"lru","io_class":"unknown","ops":2383}
TL {"t_ms":2683,"phase":"cpu","class":"CPU_BOUND","conf":96,"sched":"round_robin","cache":"lru","io_class":"unknown","ops":2514}
TL {"t_ms":2995,"phase":"cpu","class":"CPU_BOUND","conf":96,"sched":"round_robin","cache":"lru","io_class":"unknown","ops":2086}
TL {"t_ms":3327,"phase":"cpu","class":"CPU_BOUND","conf":95,"sched":"round_robin","cache":"lru","io_class":"unknown","ops":2850}
TL {"t_ms":3644,"phase":"cpu","class":"CPU_BOUND","conf":96,"sched":"round_robin","cache":"lru","io_class":"unknown","ops":2771}
TL {"t_ms":3959,"phase":"cpu","class":"CPU_BOUND","conf":97,"sched":"round_robin","cache":"lru","io_class":"unknown","ops":1794}
TL {"t_ms":4289,"phase":"cpu","class":"CPU_BOUND","conf":95,"sched":"round_robin","cache":"lru","io_class":"unknown","ops":2233}
TL {"t_ms":4598,"phase":"cpu","class":"CPU_BOUND","conf":95,"sched":"round_robin","cache":"lru","io_class":"unknown","ops":2695}
TL {"t_ms":4906,"phase":"cpu","class":"CPU_BOUND","conf":96,"sched":"round_robin","cache":"lru","io_class":"unknown","ops":2980}
TL {"t_ms":5201,"phase":"cpu","class":"CPU_BOUND","conf":96,"sched":"round_robin","cache":"lru","io_class":"unknown","ops":2756}
TL {"t_ms":5504,"phase":"cpu","class":"CPU_BOUND","conf":95,"sched":"round_robin","cache":"lru","io_class":"unknown","ops":2400}
TL {"t_ms":5807,"phase":"cpu","class":"CPU_BOUND","conf":96,"sched":"round_robin","cache":"lru","io_class":"unknown","ops":2337}
TL {"t_ms":6129,"phase":"cpu","class":"CPU_BOUND","conf":95,"sched":"round_robin","cache":"lru","io_class":"unknown","ops":2294}
TL {"t_ms":6442,"phase":"cpu","class":"CPU_BOUND","conf":95,"sched":"round_robin","cache":"lru","io_class":"unknown","ops":2198}
TL {"t_ms":6738,"phase":"cpu","class":"CPU_BOUND","conf":96,"sched":"round_robin","cache":"lru","io_class":"unknown","ops":2564}
TL {"t_ms":7043,"phase":"cpu","class":"CPU_BOUND","conf":95,"sched":"round_robin","cache":"lru","io_class":"unknown","ops":2710}
TL {"t_ms":7354,"phase":"cpu","class":"CPU_BOUND","conf":96,"sched":"round_robin","cache":"lru","io_class":"unknown","ops":2824}
TL {"t_ms":7650,"phase":"cpu","class":"CPU_BOUND","conf":96,"sched":"round_robin","cache":"lru","io_class":"unknown","ops":2853}
TL {"t_ms":7952,"phase":"cpu","class":"CPU_BOUND","conf":95,"sched":"round_robin","cache":"lru","io_class":"unknown","ops":2963}
TL {"t_ms":8255,"phase":"random-io","class":"IO_BOUND","conf":67,"sched":"round_robin","cache":"lru","io_class":"unknown","ops":1448}
TL {"t_ms":8558,"phase":"random-io","class":"IO_BOUND","conf":67,"sched":"round_robin","cache":"lru","io_class":"unknown","ops":1486}
TL {"t_ms":8844,"phase":"random-io","class":"IO_BOUND","conf":67,"sched":"round_robin","cache":"lru","io_class":"unknown","ops":1322}
TL {"t_ms":9136,"phase":"random-io","class":"IO_BOUND","conf":67,"sched":"round_robin","cache":"lru","io_class":"unknown","ops":1481}
TL {"t_ms":9422,"phase":"random-io","class":"IO_BOUND","conf":67,"sched":"round_robin","cache":"lru","io_class":"unknown","ops":1460}
TL {"t_ms":9710,"phase":"random-io","class":"IO_BOUND","conf":67,"sched":"round_robin","cache":"lru","io_class":"unknown","ops":1471}
TL {"t_ms":10003,"phase":"random-io","class":"IO_BOUND","conf":67,"sched":"round_robin","cache":"lru","io_class":"unknown","ops":1050}
TL {"t_ms":10300,"phase":"random-io","class":"IO_BOUND","conf":67,"sched":"round_robin","cache":"lru","io_class":"unknown","ops":1323}
TL {"t_ms":10589,"phase":"random-io","class":"IO_BOUND","conf":67,"sched":"round_robin","cache":"lru","io_class":"unknown","ops":1246}
TL {"t_ms":10883,"phase":"random-io","class":"IO_BOUND","conf":67,"sched":"round_robin","cache":"lru","io_class":"unknown","ops":1243}
TL {"t_ms":11173,"phase":"random-io","class":"IO_BOUND","conf":67,"sched":"round_robin","cache":"lru","io_class":"unknown","ops":1368}
TL {"t_ms":11460,"phase":"random-io","class":"IO_BOUND","conf":67,"sched":"round_robin","cache":"lru","io_class":"unknown","ops":1444}
TL {"t_ms":11750,"phase":"random-io","class":"IO_BOUND","conf":67,"sched":"round_robin","cache":"lru","io_class":"unknown","ops":1425}
TL {"t_ms":12039,"phase":"random-io","class":"IO_BOUND","conf":67,"sched":"round_robin","cache":"lru","io_class":"unknown","ops":1410}
TL {"t_ms":12324,"phase":"random-io","class":"IO_BOUND","conf":67,"sched":"round_robin","cache":"lru","io_class":"unknown","ops":1535}
TL {"t_ms":12618,"phase":"random-io","class":"IO_BOUND","conf":67,"sched":"round_robin","cache":"lru","io_class":"unknown","ops":1300}
TL {"t_ms":12911,"phase":"random-io","class":"IO_BOUND","conf":67,"sched":"round_robin","cache":"lru","io_class":"unknown","ops":1139}
TL {"t_ms":13210,"phase":"random-io","class":"IO_BOUND","conf":67,"sched":"round_robin","cache":"lru","io_class":"unknown","ops":1388}
TL {"t_ms":13499,"phase":"random-io","class":"IO_BOUND","conf":67,"sched":"round_robin","cache":"lru","io_class":"unknown","ops":1285}
TL {"t_ms":13790,"phase":"random-io","class":"IO_BOUND","conf":67,"sched":"round_robin","cache":"lru","io_class":"unknown","ops":1458}
TL {"t_ms":14079,"phase":"random-io","class":"IO_BOUND","conf":66,"sched":"round_robin","cache":"lru","io_class":"unknown","ops":1364}
TL {"t_ms":14366,"phase":"random-io","class":"IO_BOUND","conf":67,"sched":"round_robin","cache":"lru","io_class":"unknown","ops":1673}
TL {"t_ms":14658,"phase":"random-io","class":"IO_BOUND","conf":67,"sched":"round_robin","cache":"lru","io_class":"unknown","ops":1392}
TL {"t_ms":14955,"phase":"random-io","class":"IO_BOUND","conf":67,"sched":"round_robin","cache":"lru","io_class":"unknown","ops":1442}
TL {"t_ms":15252,"phase":"random-io","class":"IO_BOUND","conf":67,"sched":"round_robin","cache":"lru","io_class":"unknown","ops":1243}
TL {"t_ms":15548,"phase":"random-io","class":"IO_BOUND","conf":67,"sched":"round_robin","cache":"lru","io_class":"unknown","ops":1373}
TL {"t_ms":15837,"phase":"random-io","class":"IO_BOUND","conf":67,"sched":"round_robin","cache":"lru","io_class":"unknown","ops":1381}
TL {"t_ms":16161,"phase":"random-io","class":"IO_BOUND","conf":67,"sched":"round_robin","cache":"lru","io_class":"unknown","ops":1063}
TL {"t_ms":16452,"phase":"sequential-io","class":"IO_BOUND","conf":66,"sched":"round_robin","cache":"lru","io_class":"unknown","ops":1009}
TL {"t_ms":16746,"phase":"sequential-io","class":"IO_BOUND","conf":66,"sched":"round_robin","cache":"lru","io_class":"unknown","ops":1359}
TL {"t_ms":17052,"phase":"sequential-io","class":"IO_BOUND","conf":66,"sched":"round_robin","cache":"lru","io_class":"unknown","ops":1339}
TL {"t_ms":17358,"phase":"sequential-io","class":"IO_BOUND","conf":66,"sched":"round_robin","cache":"lru","io_class":"unknown","ops":1100}
TL {"t_ms":17649,"phase":"sequential-io","class":"IO_BOUND","conf":66,"sched":"round_robin","cache":"lru","io_class":"unknown","ops":1401}
TL {"t_ms":17938,"phase":"sequential-io","class":"IO_BOUND","conf":66,"sched":"round_robin","cache":"lru","io_class":"unknown","ops":1433}
TL {"t_ms":18230,"phase":"sequential-io","class":"IO_BOUND","conf":66,"sched":"round_robin","cache":"lru","io_class":"unknown","ops":1474}
TL {"t_ms":18520,"phase":"sequential-io","class":"IO_BOUND","conf":66,"sched":"round_robin","cache":"lru","io_class":"unknown","ops":1521}
TL {"t_ms":18811,"phase":"sequential-io","class":"IO_BOUND","conf":66,"sched":"round_robin","cache":"lru","io_class":"unknown","ops":1503}
TL {"t_ms":19122,"phase":"sequential-io","class":"IO_BOUND","conf":66,"sched":"round_robin","cache":"lru","io_class":"unknown","ops":1486}
TL {"t_ms":19411,"phase":"sequential-io","class":"IO_BOUND","conf":66,"sched":"round_robin","cache":"lru","io_class":"unknown","ops":1354}
TL {"t_ms":19698,"phase":"sequential-io","class":"IO_BOUND","conf":66,"sched":"round_robin","cache":"lru","io_class":"unknown","ops":1540}
TL {"t_ms":19994,"phase":"sequential-io","class":"IO_BOUND","conf":66,"sched":"round_robin","cache":"lru","io_class":"unknown","ops":1685}
TL {"t_ms":20289,"phase":"sequential-io","class":"IO_BOUND","conf":66,"sched":"round_robin","cache":"lru","io_class":"unknown","ops":1407}
TL {"t_ms":20583,"phase":"sequential-io","class":"IO_BOUND","conf":66,"sched":"round_robin","cache":"lru","io_class":"unknown","ops":1601}
TL {"t_ms":20872,"phase":"sequential-io","class":"IO_BOUND","conf":66,"sched":"round_robin","cache":"lru","io_class":"unknown","ops":1569}
TL {"t_ms":21164,"phase":"sequential-io","class":"IO_BOUND","conf":66,"sched":"round_robin","cache":"lru","io_class":"unknown","ops":983}
TL {"t_ms":21480,"phase":"sequential-io","class":"IO_BOUND","conf":66,"sched":"round_robin","cache":"lru","io_class":"unknown","ops":1231}
TL {"t_ms":21770,"phase":"sequential-io","class":"IO_BOUND","conf":66,"sched":"round_robin","cache":"lru","io_class":"unknown","ops":1456}
TL {"t_ms":22059,"phase":"sequential-io","class":"IO_BOUND","conf":66,"sched":"round_robin","cache":"lru","io_class":"unknown","ops":1512}
TL {"t_ms":22356,"phase":"sequential-io","class":"IO_BOUND","conf":66,"sched":"round_robin","cache":"lru","io_class":"unknown","ops":1481}
TL {"t_ms":22649,"phase":"sequential-io","class":"IO_BOUND","conf":66,"sched":"round_robin","cache":"lru","io_class":"unknown","ops":1436}
TL {"t_ms":22941,"phase":"sequential-io","class":"IO_BOUND","conf":66,"sched":"round_robin","cache":"lru","io_class":"unknown","ops":1464}
TL {"t_ms":23233,"phase":"sequential-io","class":"IO_BOUND","conf":66,"sched":"round_robin","cache":"lru","io_class":"unknown","ops":1285}
TL {"t_ms":23526,"phase":"sequential-io","class":"IO_BOUND","conf":66,"sched":"round_robin","cache":"lru","io_class":"unknown","ops":1286}
TL {"t_ms":23822,"phase":"sequential-io","class":"IO_BOUND","conf":66,"sched":"round_robin","cache":"lru","io_class":"unknown","ops":1384}
TL {"t_ms":24110,"phase":"sequential-io","class":"IO_BOUND","conf":66,"sched":"round_robin","cache":"lru","io_class":"unknown","ops":1460}
TL {"t_ms":24407,"phase":"sequential-io","class":"IO_BOUND","conf":66,"sched":"round_robin","cache":"lru","io_class":"unknown","ops":1545}
TL {"t_ms":24698,"phase":"network","class":"IO_BOUND","conf":91,"sched":"round_robin","cache":"lru","io_class":"unknown","ops":2766}
TL {"t_ms":24986,"phase":"network","class":"IO_BOUND","conf":91,"sched":"round_robin","cache":"lru","io_class":"unknown","ops":2736}
TL {"t_ms":25275,"phase":"network","class":"IO_BOUND","conf":91,"sched":"round_robin","cache":"lru","io_class":"unknown","ops":2584}
TL {"t_ms":25561,"phase":"network","class":"IO_BOUND","conf":91,"sched":"round_robin","cache":"lru","io_class":"unknown","ops":2736}
TL {"t_ms":25864,"phase":"network","class":"IO_BOUND","conf":91,"sched":"round_robin","cache":"lru","io_class":"unknown","ops":2656}
TL {"t_ms":26184,"phase":"network","class":"IO_BOUND","conf":91,"sched":"round_robin","cache":"lru","io_class":"unknown","ops":2224}
TL {"t_ms":26471,"phase":"network","class":"IO_BOUND","conf":91,"sched":"round_robin","cache":"lru","io_class":"unknown","ops":2376}
TL {"t_ms":26761,"phase":"network","class":"IO_BOUND","conf":91,"sched":"round_robin","cache":"lru","io_class":"unknown","ops":2816}
TL {"t_ms":27047,"phase":"network","class":"IO_BOUND","conf":91,"sched":"round_robin","cache":"lru","io_class":"unknown","ops":2536}
TL {"t_ms":27344,"phase":"network","class":"IO_BOUND","conf":91,"sched":"round_robin","cache":"lru","io_class":"unknown","ops":2624}
TL {"t_ms":27636,"phase":"network","class":"IO_BOUND","conf":91,"sched":"round_robin","cache":"lru","io_class":"unknown","ops":2760}
TL {"t_ms":27925,"phase":"network","class":"IO_BOUND","conf":91,"sched":"round_robin","cache":"lru","io_class":"unknown","ops":2592}
TL {"t_ms":28215,"phase":"network","class":"IO_BOUND","conf":91,"sched":"round_robin","cache":"lru","io_class":"unknown","ops":2504}
TL {"t_ms":28513,"phase":"network","class":"IO_BOUND","conf":91,"sched":"round_robin","cache":"lru","io_class":"unknown","ops":2792}
TL {"t_ms":28802,"phase":"network","class":"IO_BOUND","conf":91,"sched":"round_robin","cache":"lru","io_class":"unknown","ops":2824}
TL {"t_ms":29090,"phase":"network","class":"IO_BOUND","conf":91,"sched":"round_robin","cache":"lru","io_class":"unknown","ops":2760}
TL {"t_ms":29374,"phase":"network","class":"IO_BOUND","conf":91,"sched":"round_robin","cache":"lru","io_class":"unknown","ops":2816}
TL {"t_ms":29679,"phase":"network","class":"IO_BOUND","conf":91,"sched":"round_robin","cache":"lru","io_class":"unknown","ops":2688}
TL {"t_ms":29967,"phase":"network","class":"IO_BOUND","conf":91,"sched":"round_robin","cache":"lru","io_class":"unknown","ops":2648}
TL {"t_ms":30252,"phase":"network","class":"IO_BOUND","conf":91,"sched":"round_robin","cache":"lru","io_class":"unknown","ops":2496}
TL {"t_ms":30554,"phase":"network","class":"IO_BOUND","conf":91,"sched":"round_robin","cache":"lru","io_class":"unknown","ops":2744}
TL {"t_ms":30840,"phase":"network","class":"IO_BOUND","conf":91,"sched":"round_robin","cache":"lru","io_class":"unknown","ops":2760}
TL {"t_ms":31125,"phase":"network","class":"IO_BOUND","conf":91,"sched":"round_robin","cache":"lru","io_class":"unknown","ops":2760}
TL {"t_ms":31412,"phase":"network","class":"IO_BOUND","conf":91,"sched":"round_robin","cache":"lru","io_class":"unknown","ops":2744}
TL {"t_ms":31699,"phase":"network","class":"IO_BOUND","conf":91,"sched":"round_robin","cache":"lru","io_class":"unknown","ops":2600}
TL {"t_ms":31983,"phase":"network","class":"IO_BOUND","conf":91,"sched":"round_robin","cache":"lru","io_class":"unknown","ops":2656}
TL {"t_ms":32278,"phase":"network","class":"IO_BOUND","conf":91,"sched":"round_robin","cache":"lru","io_class":"unknown","ops":2784}
TL {"t_ms":32568,"phase":"network","class":"IO_BOUND","conf":91,"sched":"round_robin","cache":"lru","io_class":"unknown","ops":2776}
TL {"t_ms":32852,"phase":"interactive","class":"IO_BOUND","conf":68,"sched":"round_robin","cache":"lru","io_class":"unknown","ops":58}
TL {"t_ms":33141,"phase":"interactive","class":"INTERACTIVE","conf":100,"sched":"round_robin","cache":"lru","io_class":"unknown","ops":58}
TL {"t_ms":33436,"phase":"interactive","class":"INTERACTIVE","conf":100,"sched":"round_robin","cache":"lru","io_class":"unknown","ops":58}
TL {"t_ms":33726,"phase":"interactive","class":"INTERACTIVE","conf":100,"sched":"round_robin","cache":"lru","io_class":"unknown","ops":58}
TL {"t_ms":34021,"phase":"interactive","class":"INTERACTIVE","conf":100,"sched":"round_robin","cache":"lru","io_class":"unknown","ops":58}
TL {"t_ms":34350,"phase":"interactive","class":"INTERACTIVE","conf":100,"sched":"round_robin","cache":"lru","io_class":"unknown","ops":58}
TL {"t_ms":34642,"phase":"interactive","class":"INTERACTIVE","conf":100,"sched":"round_robin","cache":"lru","io_class":"unknown","ops":58}
TL {"t_ms":34937,"phase":"interactive","class":"INTERACTIVE","conf":100,"sched":"round_robin","cache":"lru","io_class":"unknown","ops":58}
TL {"t_ms":35228,"phase":"interactive","class":"INTERACTIVE","conf":100,"sched":"round_robin","cache":"lru","io_class":"unknown","ops":58}
TL {"t_ms":35520,"phase":"interactive","class":"INTERACTIVE","conf":100,"sched":"round_robin","cache":"lru","io_class":"unknown","ops":58}
TL {"t_ms":35812,"phase":"interactive","class":"INTERACTIVE","conf":100,"sched":"round_robin","cache":"lru","io_class":"unknown","ops":58}
TL {"t_ms":36110,"phase":"interactive","class":"INTERACTIVE","conf":100,"sched":"round_robin","cache":"lru","io_class":"unknown","ops":58}
TL {"t_ms":36402,"phase":"interactive","class":"INTERACTIVE","conf":100,"sched":"round_robin","cache":"lru","io_class":"unknown","ops":58}
TL {"t_ms":36694,"phase":"interactive","class":"INTERACTIVE","conf":100,"sched":"round_robin","cache":"lru","io_class":"unknown","ops":58}
TL {"t_ms":36989,"phase":"interactive","class":"INTERACTIVE","conf":100,"sched":"round_robin","cache":"lru","io_class":"unknown","ops":58}
TL {"t_ms":37293,"phase":"interactive","class":"INTERACTIVE","conf":100,"sched":"round_robin","cache":"lru","io_class":"unknown","ops":58}
TL {"t_ms":37585,"phase":"interactive","class":"INTERACTIVE","conf":100,"sched":"round_robin","cache":"lru","io_class":"unknown","ops":58}
TL {"t_ms":37879,"phase":"interactive","class":"INTERACTIVE","conf":100,"sched":"round_robin","cache":"lru","io_class":"unknown","ops":58}
TL {"t_ms":38180,"phase":"interactive","class":"INTERACTIVE","conf":100,"sched":"round_robin","cache":"lru","io_class":"unknown","ops":58}
TL {"t_ms":38479,"phase":"interactive","class":"INTERACTIVE","conf":100,"sched":"round_robin","cache":"lru","io_class":"unknown","ops":59}
TL {"t_ms":38774,"phase":"interactive","class":"INTERACTIVE","conf":100,"sched":"round_robin","cache":"lru","io_class":"unknown","ops":58}
TL {"t_ms":39065,"phase":"interactive","class":"INTERACTIVE","conf":100,"sched":"round_robin","cache":"lru","io_class":"unknown","ops":58}
TL {"t_ms":39356,"phase":"interactive","class":"INTERACTIVE","conf":100,"sched":"round_robin","cache":"lru","io_class":"unknown","ops":58}
TL {"t_ms":39655,"phase":"interactive","class":"INTERACTIVE","conf":100,"sched":"round_robin","cache":"lru","io_class":"unknown","ops":58}
TL {"t_ms":39947,"phase":"interactive","class":"INTERACTIVE","conf":100,"sched":"round_robin","cache":"lru","io_class":"unknown","ops":58}
TL {"t_ms":40254,"phase":"interactive","class":"INTERACTIVE","conf":100,"sched":"round_robin","cache":"lru","io_class":"unknown","ops":58}
TL {"t_ms":40557,"phase":"interactive","class":"INTERACTIVE","conf":100,"sched":"round_robin","cache":"lru","io_class":"unknown","ops":58}
TL {"t_ms":40848,"phase":"interactive","class":"INTERACTIVE","conf":100,"sched":"round_robin","cache":"lru","io_class":"unknown","ops":58}
TRANSITION {"policy":"round_robin","phase_seconds":8,"detect_ms_cpu":282,"detect_ms_random-io":304,"detect_ms_sequential-io":294,"detect_ms_network":288,"detect_ms_interactive":583}
[bcache] policy -> adaptive
policy: adaptive
io_class: unknown
capacity_blocks: 1024
blocks: 1024
hits: 462345
misses: 148074
hit_rate_pm: 757
readahead_issued: 34447
readahead_used: 73698
evictions: 182521
writebacks: 0
memory_kb: 4096
adapt_changes: 3
cpu_ns: 1044534694
BENCH-END transition
init: benchmark suite finished (0)
FuhrerOS: syncing filesystems and powering off
POWEROFF
