[START] fuhrerd 0.4.0 mode=adaptive interval_ms=1000 hysteresis=3

[MODE] adaptive -> static:normal

[MODE] static -> static:normal

[MODE] static -> static:normal

[MODE] static -> static:normal

[MODE] static -> static:normal

[MODE] static -> adaptive

[ADAPT] time=2026-09-26T08:57:00 mode=adaptive
PID=2238 COMM=fuhrer-bench
IOPS=1030 avg_io=4096 CPU=6% queue_depth=0.9 rx_pps=0 tx_pps=0
class=IO_RANDOM
policy: NORMAL -> SPECIALIZED
old=NORMAL new=SPECIALIZED
reason=high_small_io
switch_ms=71.086 status=ok

[MODE] adaptive -> adaptive

[MODE] adaptive -> adaptive

[MODE] adaptive -> adaptive

[MODE] adaptive -> adaptive

[ADAPT] time=2026-09-26T08:58:05 mode=adaptive
PID=2284 COMM=fuhrer-bench
IOPS=0 avg_io=0 CPU=100% queue_depth=0.0 rx_pps=0 tx_pps=0
class=CPU_BOUND
policy: SPECIALIZED -> NORMAL
old=SPECIALIZED new=NORMAL
reason=cpu_saturated
switch_ms=13.428 status=ok

[MODE] adaptive -> static:normal

[MODE] static -> static:normal

[MODE] static -> static:normal

[MODE] static -> static:normal

[MODE] static -> static:normal

[MODE] static -> static:batched

[ADAPT] time=2026-09-26T08:59:38 mode=static
PID=2009 COMM=sshd
IOPS=0 avg_io=0 CPU=7% queue_depth=0.0 rx_pps=78 tx_pps=56
class=INTERACTIVE
policy: NORMAL -> BATCHED
old=NORMAL new=BATCHED
reason=static_mode
switch_ms=44.979 status=ok

[MODE] static -> static:batched

[MODE] static -> static:batched

[MODE] static -> static:batched

[MODE] static -> static:batched

[MODE] static -> static:batched

[MODE] static -> static:batched

[MODE] static -> static:batched

[MODE] static -> static:batched

[MODE] static -> static:batched

[MODE] static -> static:specialized

[ADAPT] time=2026-09-26T09:02:57 mode=static
PID=2655 COMM=sshd-session
IOPS=0 avg_io=0 CPU=12% queue_depth=0.0 rx_pps=146 tx_pps=117
class=IO_RANDOM
policy: BATCHED -> SPECIALIZED
old=BATCHED new=SPECIALIZED
reason=static_mode
switch_ms=141.171 status=ok

[MODE] static -> static:specialized

[MODE] static -> static:specialized

[MODE] static -> static:specialized

[MODE] static -> static:specialized

[MODE] static -> static:normal

[ADAPT] time=2026-09-26T09:04:26 mode=static
PID=2754 COMM=sshd-session
IOPS=0 avg_io=0 CPU=13% queue_depth=0.0 rx_pps=151 tx_pps=129
class=IO_RANDOM
policy: SPECIALIZED -> NORMAL
old=SPECIALIZED new=NORMAL
reason=static_mode
switch_ms=24.023 status=ok

[MODE] static -> static:normal

[MODE] static -> static:normal

[MODE] static -> static:normal

[MODE] static -> static:normal

[MODE] static -> static:specialized

[ADAPT] time=2026-09-26T09:06:12 mode=static
PID=2009 COMM=sshd
IOPS=0 avg_io=0 CPU=6% queue_depth=0.0 rx_pps=30 tx_pps=21
class=INTERACTIVE
policy: NORMAL -> SPECIALIZED
old=NORMAL new=SPECIALIZED
reason=static_mode
switch_ms=95.414 status=ok

[MODE] static -> static:specialized

[MODE] static -> static:specialized

[MODE] static -> static:specialized

[MODE] static -> static:specialized

[MODE] static -> adaptive

[MODE] adaptive -> adaptive

[MODE] adaptive -> adaptive

[MODE] adaptive -> adaptive

[MODE] adaptive -> adaptive

[ADAPT] time=2026-09-26T09:08:44 mode=adaptive
PID=3006 COMM=fuhrer-bench
IOPS=0 avg_io=0 CPU=99% queue_depth=0.0 rx_pps=0 tx_pps=0
class=CPU_BOUND
policy: SPECIALIZED -> NORMAL
old=SPECIALIZED new=NORMAL
reason=cpu_saturated
switch_ms=15.862 status=ok

[MODE] adaptive -> static:batched

[ADAPT] time=2026-09-26T09:08:57 mode=static
PID=0 COMM=-
IOPS=6 avg_io=4096 CPU=12% queue_depth=0.0 rx_pps=114 tx_pps=85
class=INTERACTIVE
policy: NORMAL -> BATCHED
old=NORMAL new=BATCHED
reason=static_mode
switch_ms=54.802 status=ok

[MODE] static -> static:batched

[MODE] static -> static:batched

[MODE] static -> static:batched

[MODE] static -> static:batched

[MODE] static -> static:normal

[ADAPT] time=2026-09-26T09:10:34 mode=static
PID=2009 COMM=sshd
IOPS=2 avg_io=4096 CPU=10% queue_depth=0.0 rx_pps=63 tx_pps=48
class=INTERACTIVE
policy: BATCHED -> NORMAL
old=BATCHED new=NORMAL
reason=static_mode
switch_ms=108.891 status=ok

[MODE] static -> static:normal

[MODE] static -> static:normal

[MODE] static -> static:normal

[MODE] static -> static:normal

[MODE] static -> static:normal

[MODE] static -> static:normal

[MODE] static -> static:normal

[MODE] static -> static:normal

[MODE] static -> static:normal

[MODE] static -> static:specialized

[ADAPT] time=2026-09-26T09:13:32 mode=static
PID=2009 COMM=sshd
IOPS=21 avg_io=13653 CPU=19% queue_depth=0.3 rx_pps=148 tx_pps=106
class=INTERACTIVE
policy: NORMAL -> SPECIALIZED
old=NORMAL new=SPECIALIZED
reason=static_mode
switch_ms=79.439 status=ok

[MODE] static -> static:specialized

[MODE] static -> static:specialized

[MODE] static -> static:specialized

[MODE] static -> static:specialized

[MODE] static -> static:specialized

[MODE] static -> static:specialized

[MODE] static -> static:specialized

[MODE] static -> static:specialized

[MODE] static -> static:specialized

[MODE] static -> static:normal

[ADAPT] time=2026-09-26T09:16:39 mode=static
PID=18 COMM=rcu_preempt
IOPS=2 avg_io=4096 CPU=10% queue_depth=0.0 rx_pps=62 tx_pps=45
class=INTERACTIVE
policy: SPECIALIZED -> NORMAL
old=SPECIALIZED new=NORMAL
reason=static_mode
switch_ms=30.862 status=ok

[MODE] static -> static:normal

[MODE] static -> static:normal

[MODE] static -> static:normal

[MODE] static -> static:normal

[MODE] static -> static:batched

[ADAPT] time=2026-09-26T09:18:26 mode=static
PID=3715 COMM=sshd-session
IOPS=2 avg_io=4096 CPU=24% queue_depth=0.0 rx_pps=49 tx_pps=38
class=INTERACTIVE
policy: NORMAL -> BATCHED
old=NORMAL new=BATCHED
reason=static_mode
switch_ms=306.581 status=ok

[MODE] static -> static:batched

[MODE] static -> static:batched

[MODE] static -> static:batched

[MODE] static -> static:batched

[MODE] static -> static:normal

[ADAPT] time=2026-09-26T09:20:37 mode=static
PID=3812 COMM=sshd-session
IOPS=8 avg_io=13653 CPU=22% queue_depth=0.4 rx_pps=49 tx_pps=35
class=INTERACTIVE
policy: BATCHED -> NORMAL
old=BATCHED new=NORMAL
reason=static_mode
switch_ms=949.662 status=ok

[MODE] static -> static:normal

[START] fuhrerd 0.4.0 mode=adaptive interval_ms=1000 hysteresis=3

