
FuhrerOS: kernel entry reached (serial up)

================================
        FUHREROS KERNEL
================================

Architecture : x86_64
Bootloader   : Limine 11.4.1
Kernel       : FuhrerOS 0.1.0 (from-scratch)
Status       : BOOTED

[boot  ] bootloader: Limine 11.4.1 (BIOS firmware)
[boot  ] cmdline: 'bench=sched'
[boot  ] kernel: phys 0x000000007fd73000 virt 0xffffffff80000000 size 872 KiB
[boot  ] hhdm offset: 0xffff800000000000, rsdp: 0x00000000000f5260
[boot  ] memory map (25 entries):
[boot  ]   0000000000001000-0000000000061000 bootloader     384 KiB
[boot  ]   0000000000061000-000000000009f000 usable         248 KiB
[boot  ]   000000000009fc00-00000000000a0000 reserved       1 KiB
[boot  ]   00000000000f0000-00000000000f5000 reserved       20 KiB
[boot  ]   00000000000f5000-00000000000f6000 reserved       4 KiB
[boot  ]   00000000000f6000-0000000000100000 reserved       40 KiB
[boot  ]   0000000000100000-000000007f8ce000 usable         2088760 KiB
[boot  ]   000000007f8ce000-000000007fd65000 kernel+modules 4700 KiB
[boot  ]   000000007fd65000-000000007fd66000 bootloader     4 KiB
[boot  ]   000000007fd66000-000000007fd69000 usable         12 KiB
[boot  ]   000000007fd69000-000000007fd73000 bootloader     40 KiB
[boot  ]   000000007fd73000-000000007fe4d000 kernel+modules 872 KiB
[boot  ]   000000007fe4d000-000000007ff38000 bootloader     940 KiB
[boot  ]   000000007ff38000-000000007ff55000 usable         116 KiB
[boot  ]   000000007ff55000-000000007ffdc000 bootloader     540 KiB
[boot  ]   000000007ffdc000-000000007ffe0000 reserved       16 KiB
[boot  ]   000000007ffe0000-000000007ffe3000 reserved       12 KiB
[boot  ]   000000007ffe3000-0000000080000000 reserved       116 KiB
[boot  ]   00000000b0000000-00000000c0000000 reserved       262144 KiB
[boot  ]   00000000fd000000-00000000fd3e8000 framebuffer    4000 KiB
[boot  ]   00000000fed1c000-00000000fed20000 reserved       16 KiB
[boot  ]   00000000feffc000-00000000ff000000 reserved       16 KiB
[boot  ]   00000000fffc0000-0000000100000000 reserved       256 KiB
[boot  ]   0000000100000000-0000000180000000 usable         2097152 KiB
[boot  ]   000000fd00000000-0000010000000000 reserved       12582912 KiB
[boot  ] usable memory: 4088 MiB
[boot  ] framebuffer: 1280x800 32bpp pitch 5120 at phys 0x00000000fd000000
[boot  ] module: /boot/initrd.tar (4812800 bytes) 'initrd'
[boot  ] cpu: AuthenticAMD / AMD Ryzen 5 7520U with Radeon Graphics         
[pmm   ] 1572864 frames tracked, 1046462 free (4087 MiB), bitmap 192 KiB at 0x0000000000100000
[vmm   ] kernel page tables active (pml4 0x0000000000130000, NX on)
[heap  ] slab classes 16..2048 B, large allocations from vmalloc
[pmm   ] reclaimed 1908 KiB of bootloader memory
[acpi  ] OEM 'BOCHS ', 4 CPU(s), LAPIC 0x00000000fee00000, 1 IOAPIC(s) (first 0x00000000fec00000 gsi 0), ECAM 0x00000000b0000000
[apic  ] local APIC id 0 enabled
[apic  ] I/O APIC with 24 inputs
[time  ] TSC 2793.218 MHz, LAPIC timer 62627 kHz (div 16)
[time  ] LAPIC periodic timer at 1000 Hz (vector 0x20)
[sched ] policy -> adaptive
[sched ] scheduler ready, policy adaptive, 4 policies available
[init  ] kinit running as task 2 under policy 'adaptive'
[ps2   ] keyboard ready, mouse ready (4-byte packets, wheel)
[proc  ] process subsystem ready (ELF64 loader, spawn/wait)
[syscall] syscall/sysret MSRs programmed, 64 syscall numbers
[pci   ] 00:00.0 8086:29c0 host bridge
[pci   ] 00:01.0 1234:1111 display
[pci   ] 00:02.0 1af4:1041 network
[vnet  ] eth0 MAC 52:54:00:12:34:56
[pci   ] 00:03.0 1af4:1042 storage
[blk   ] vda: 20480 MiB (41943040 sectors of 512 B)
[pci   ] 00:1f.0 8086:2918 ISA bridge
[pci   ] 00:1f.2 8086:2922 SATA controller
[pci   ] 00:1f.3 8086:2930 SMBus
[bcache] 2048 x 4 KiB buffers, policy adaptive
[net   ] sockets: TCP, UDP, ICMP echo
[tty   ] console tty on framebuffer + COM1 (serial input enabled)
[net   ] DHCP: 10.0.2.15/255.255.255.0 gw 10.0.2.2 dns 10.0.2.3
[ffs0  ] 'fuhreros' on vda: 5242880 blocks (5241345 free), 4096 inodes (4034 free), mount #1
[vfs   ] mounted vda (ffs0) on /
[tarfs ] initrd: 54 files, 4700 KiB
[vfs   ] mounted initrd (tarfs) on /initrd
[vfs   ] mounted - (devfs) on /dev
[vfs   ] mounted - (procfs) on /proc
[vfs   ] mounted - (ramfs) on /tmp
[vfs   ] root filesystem: FFS0 (virtio-blk vda)
[init  ] started /bin/init as pid 1 - kernel handing over to user space
[1;36mFuhrerOS init[0m (pid 1): user space is running outside kernel privilege
init: running benchmark suite /etc/bench/sched.sh
BENCH-BEGIN sched
[sched ] policy -> round_robin
SCHEDBENCH {"name":"mixed-r1","policy":"round_robin","seconds":10,"cpu_workers":3,"io_workers":1,"samples":255,"wake_p50_us":30051,"wake_p95_us":30626,"wake_p99_us":32156,"wake_max_us":57011,"dispatch_p50_us":29078,"dispatch_p99_us":31208,"resp_p50_us":40093,"resp_p95_us":40675,"resp_p99_us":42262,"cpu_jobs_per_s_x100":856977,"io_ops_per_s":20,"jain_x1000":999,"ctx_switches_per_s":186,"cpu_util_pct":99,"sched_overhead_ns_per_s":33818,"system_class":"CPU_BOUND","task_classes":"cpu:CPU_BOUND,cpu:CPU_BOUND,cpu:CPU_BOUND,io:INTERACTIVE,probe:INTERACTIVE"}
[sched ] policy -> priority
SCHEDBENCH {"name":"mixed-r1","policy":"priority","seconds":10,"cpu_workers":3,"io_workers":1,"samples":255,"wake_p50_us":30052,"wake_p95_us":30149,"wake_p99_us":38747,"wake_max_us":57998,"dispatch_p50_us":29079,"dispatch_p99_us":38112,"resp_p50_us":40092,"resp_p95_us":40212,"resp_p99_us":48797,"cpu_jobs_per_s_x100":928982,"io_ops_per_s":21,"jain_x1000":999,"ctx_switches_per_s":187,"cpu_util_pct":99,"sched_overhead_ns_per_s":47151,"system_class":"CPU_BOUND","task_classes":"cpu:CPU_BOUND,cpu:CPU_BOUND,cpu:CPU_BOUND,io:INTERACTIVE,probe:INTERACTIVE"}
[sched ] policy -> low_latency
SCHEDBENCH {"name":"mixed-r1","policy":"low_latency","seconds":10,"cpu_workers":3,"io_workers":1,"samples":908,"wake_p50_us":982,"wake_p95_us":1064,"wake_p99_us":2272,"wake_max_us":6608,"dispatch_p50_us":8,"dispatch_p99_us":109,"resp_p50_us":11022,"resp_p95_us":11106,"resp_p99_us":12482,"cpu_jobs_per_s_x100":924816,"io_ops_per_s":505,"jain_x1000":999,"ctx_switches_per_s":1928,"cpu_util_pct":99,"sched_overhead_ns_per_s":121963,"system_class":"IO_BOUND","task_classes":"cpu:CPU_BOUND,cpu:CPU_BOUND,cpu:CPU_BOUND,io:IO_BOUND,probe:INTERACTIVE"}
[sched ] policy -> adaptive
SCHEDBENCH {"name":"mixed-r1","policy":"adaptive","seconds":10,"cpu_workers":3,"io_workers":1,"samples":905,"wake_p50_us":982,"wake_p95_us":1025,"wake_p99_us":1105,"wake_max_us":26221,"dispatch_p50_us":7,"dispatch_p99_us":65,"resp_p50_us":11021,"resp_p95_us":11072,"resp_p99_us":11173,"cpu_jobs_per_s_x100":922237,"io_ops_per_s":501,"jain_x1000":999,"ctx_switches_per_s":1760,"cpu_util_pct":99,"sched_overhead_ns_per_s":230943,"system_class":"IO_BOUND","task_classes":"cpu:CPU_BOUND,cpu:CPU_BOUND,cpu:CPU_BOUND,io:IO_BOUND,probe:INTERACTIVE"}
[sched ] policy -> round_robin
SCHEDBENCH {"name":"batch-r1","policy":"round_robin","seconds":10,"cpu_workers":4,"io_workers":0,"samples":202,"wake_p50_us":40077,"wake_p95_us":40187,"wake_p99_us":41092,"wake_max_us":59086,"dispatch_p50_us":39101,"dispatch_p99_us":40187,"resp_p50_us":50118,"resp_p95_us":50294,"resp_p99_us":51323,"cpu_jobs_per_s_x100":921001,"io_ops_per_s":0,"jain_x1000":999,"ctx_switches_per_s":144,"cpu_util_pct":99,"sched_overhead_ns_per_s":31490,"system_class":"CPU_BOUND","task_classes":"cpu:CPU_BOUND,cpu:CPU_BOUND,cpu:CPU_BOUND,cpu:CPU_BOUND,probe:INTERACTIVE"}
[sched ] policy -> priority
SCHEDBENCH {"name":"batch-r1","policy":"priority","seconds":10,"cpu_workers":4,"io_workers":0,"samples":203,"wake_p50_us":40076,"wake_p95_us":40568,"wake_p99_us":47117,"wake_max_us":56097,"dispatch_p50_us":39099,"dispatch_p99_us":43588,"resp_p50_us":50117,"resp_p95_us":50626,"resp_p99_us":57168,"cpu_jobs_per_s_x100":886151,"io_ops_per_s":0,"jain_x1000":999,"ctx_switches_per_s":144,"cpu_util_pct":99,"sched_overhead_ns_per_s":206397,"system_class":"CPU_BOUND","task_classes":"cpu:CPU_BOUND,cpu:CPU_BOUND,cpu:CPU_BOUND,cpu:CPU_BOUND,probe:INTERACTIVE"}
[sched ] policy -> low_latency
SCHEDBENCH {"name":"batch-r1","policy":"low_latency","seconds":10,"cpu_workers":4,"io_workers":0,"samples":903,"wake_p50_us":977,"wake_p95_us":1118,"wake_p99_us":3456,"wake_max_us":29007,"dispatch_p50_us":16,"dispatch_p99_us":137,"resp_p50_us":11019,"resp_p95_us":11242,"resp_p99_us":13922,"cpu_jobs_per_s_x100":780088,"io_ops_per_s":0,"jain_x1000":999,"ctx_switches_per_s":763,"cpu_util_pct":99,"sched_overhead_ns_per_s":1595634,"system_class":"CPU_BOUND","task_classes":"cpu:CPU_BOUND,cpu:CPU_BOUND,cpu:CPU_BOUND,cpu:CPU_BOUND,probe:INTERACTIVE"}
[sched ] policy -> adaptive
SCHEDBENCH {"name":"batch-r1","policy":"adaptive","seconds":10,"cpu_workers":4,"io_workers":0,"samples":902,"wake_p50_us":984,"wake_p95_us":1027,"wake_p99_us":1185,"wake_max_us":20034,"dispatch_p50_us":7,"dispatch_p99_us":133,"resp_p50_us":11024,"resp_p95_us":11078,"resp_p99_us":11256,"cpu_jobs_per_s_x100":955147,"io_ops_per_s":0,"jain_x1000":999,"ctx_switches_per_s":315,"cpu_util_pct":99,"sched_overhead_ns_per_s":39672,"system_class":"CPU_BOUND","task_classes":"cpu:CPU_BOUND,cpu:CPU_BOUND,cpu:CPU_BOUND,cpu:CPU_BOUND,probe:INTERACTIVE"}
[sched ] policy -> priority
SCHEDBENCH {"name":"mixed-r2","policy":"priority","seconds":10,"cpu_workers":3,"io_workers":1,"samples":253,"wake_p50_us":30055,"wake_p95_us":30100,"wake_p99_us":30381,"wake_max_us":31114,"dispatch_p50_us":29075,"dispatch_p99_us":29336,"resp_p50_us":40094,"resp_p95_us":40143,"resp_p99_us":40421,"cpu_jobs_per_s_x100":982502,"io_ops_per_s":22,"jain_x1000":999,"ctx_switches_per_s":188,"cpu_util_pct":99,"sched_overhead_ns_per_s":21120,"system_class":"CPU_BOUND","task_classes":"cpu:CPU_BOUND,cpu:CPU_BOUND,cpu:CPU_BOUND,io:INTERACTIVE,probe:INTERACTIVE"}
[sched ] policy -> low_latency
SCHEDBENCH {"name":"mixed-r2","policy":"low_latency","seconds":10,"cpu_workers":3,"io_workers":1,"samples":912,"wake_p50_us":983,"wake_p95_us":1039,"wake_p99_us":1107,"wake_max_us":1466,"dispatch_p50_us":7,"dispatch_p99_us":98,"resp_p50_us":11022,"resp_p95_us":11078,"resp_p99_us":11162,"cpu_jobs_per_s_x100":961506,"io_ops_per_s":511,"jain_x1000":999,"ctx_switches_per_s":1958,"cpu_util_pct":99,"sched_overhead_ns_per_s":104615,"system_class":"IO_BOUND","task_classes":"cpu:CPU_BOUND,cpu:CPU_BOUND,cpu:CPU_BOUND,io:IO_BOUND,probe:INTERACTIVE"}
[sched ] policy -> adaptive
SCHEDBENCH {"name":"mixed-r2","policy":"adaptive","seconds":10,"cpu_workers":3,"io_workers":1,"samples":903,"wake_p50_us":985,"wake_p95_us":1021,"wake_p99_us":1414,"wake_max_us":18044,"dispatch_p50_us":6,"dispatch_p99_us":81,"resp_p50_us":11024,"resp_p95_us":11068,"resp_p99_us":11453,"cpu_jobs_per_s_x100":964964,"io_ops_per_s":501,"jain_x1000":999,"ctx_switches_per_s":1759,"cpu_util_pct":99,"sched_overhead_ns_per_s":123388,"system_class":"IO_BOUND","task_classes":"cpu:CPU_BOUND,cpu:CPU_BOUND,cpu:CPU_BOUND,io:IO_BOUND,probe:INTERACTIVE"}
[sched ] policy -> round_robin
SCHEDBENCH {"name":"mixed-r2","policy":"round_robin","seconds":10,"cpu_workers":3,"io_workers":1,"samples":252,"wake_p50_us":30055,"wake_p95_us":30124,"wake_p99_us":31139,"wake_max_us":36370,"dispatch_p50_us":29077,"dispatch_p99_us":30161,"resp_p50_us":40094,"resp_p95_us":40163,"resp_p99_us":41185,"cpu_jobs_per_s_x100":965744,"io_ops_per_s":21,"jain_x1000":999,"ctx_switches_per_s":187,"cpu_util_pct":99,"sched_overhead_ns_per_s":25888,"system_class":"CPU_BOUND","task_classes":"cpu:CPU_BOUND,cpu:CPU_BOUND,cpu:CPU_BOUND,io:INTERACTIVE,probe:INTERACTIVE"}
[sched ] policy -> priority
SCHEDBENCH {"name":"batch-r2","policy":"priority","seconds":10,"cpu_workers":4,"io_workers":0,"samples":203,"wake_p50_us":40079,"wake_p95_us":40142,"wake_p99_us":40838,"wake_max_us":54321,"dispatch_p50_us":39099,"dispatch_p99_us":40050,"resp_p50_us":50118,"resp_p95_us":50199,"resp_p99_us":50878,"cpu_jobs_per_s_x100":967706,"io_ops_per_s":0,"jain_x1000":999,"ctx_switches_per_s":144,"cpu_util_pct":99,"sched_overhead_ns_per_s":24280,"system_class":"CPU_BOUND","task_classes":"cpu:CPU_BOUND,cpu:CPU_BOUND,cpu:CPU_BOUND,cpu:CPU_BOUND,probe:INTERACTIVE"}
[sched ] policy -> low_latency
SCHEDBENCH {"name":"batch-r2","policy":"low_latency","seconds":10,"cpu_workers":4,"io_workers":0,"samples":911,"wake_p50_us":984,"wake_p95_us":1017,"wake_p99_us":1094,"wake_max_us":2865,"dispatch_p50_us":6,"dispatch_p99_us":29,"resp_p50_us":11023,"resp_p95_us":11063,"resp_p99_us":11150,"cpu_jobs_per_s_x100":987904,"io_ops_per_s":0,"jain_x1000":999,"ctx_switches_per_s":787,"cpu_util_pct":99,"sched_overhead_ns_per_s":73230,"system_class":"CPU_BOUND","task_classes":"cpu:CPU_BOUND,cpu:CPU_BOUND,cpu:CPU_BOUND,cpu:CPU_BOUND,probe:INTERACTIVE"}
[sched ] policy -> adaptive
SCHEDBENCH {"name":"batch-r2","policy":"adaptive","seconds":10,"cpu_workers":4,"io_workers":0,"samples":900,"wake_p50_us":984,"wake_p95_us":1025,"wake_p99_us":1113,"wake_max_us":21034,"dispatch_p50_us":7,"dispatch_p99_us":43,"resp_p50_us":11023,"resp_p95_us":11076,"resp_p99_us":11243,"cpu_jobs_per_s_x100":981954,"io_ops_per_s":0,"jain_x1000":999,"ctx_switches_per_s":313,"cpu_util_pct":99,"sched_overhead_ns_per_s":33380,"system_class":"CPU_BOUND","task_classes":"cpu:CPU_BOUND,cpu:CPU_BOUND,cpu:CPU_BOUND,cpu:CPU_BOUND,probe:INTERACTIVE"}
[sched ] policy -> round_robin
SCHEDBENCH {"name":"batch-r2","policy":"round_robin","seconds":10,"cpu_workers":4,"io_workers":0,"samples":202,"wake_p50_us":40079,"wake_p95_us":40134,"wake_p99_us":40360,"wake_max_us":41174,"dispatch_p50_us":39099,"dispatch_p99_us":39382,"resp_p50_us":50118,"resp_p95_us":50173,"resp_p99_us":50399,"cpu_jobs_per_s_x100":990971,"io_ops_per_s":0,"jain_x1000":999,"ctx_switches_per_s":144,"cpu_util_pct":99,"sched_overhead_ns_per_s":22645,"system_class":"CPU_BOUND","task_classes":"cpu:CPU_BOUND,cpu:CPU_BOUND,cpu:CPU_BOUND,cpu:CPU_BOUND,probe:INTERACTIVE"}
[sched ] policy -> low_latency
SCHEDBENCH {"name":"mixed-r3","policy":"low_latency","seconds":10,"cpu_workers":3,"io_workers":1,"samples":911,"wake_p50_us":984,"wake_p95_us":1040,"wake_p99_us":1118,"wake_max_us":1478,"dispatch_p50_us":7,"dispatch_p99_us":80,"resp_p50_us":11022,"resp_p95_us":11082,"resp_p99_us":11168,"cpu_jobs_per_s_x100":966653,"io_ops_per_s":510,"jain_x1000":999,"ctx_switches_per_s":1968,"cpu_util_pct":99,"sched_overhead_ns_per_s":102717,"system_class":"IO_BOUND","task_classes":"cpu:CPU_BOUND,cpu:CPU_BOUND,cpu:CPU_BOUND,io:IO_BOUND,probe:INTERACTIVE"}
[sched ] policy -> adaptive
SCHEDBENCH {"name":"mixed-r3","policy":"adaptive","seconds":10,"cpu_workers":3,"io_workers":1,"samples":902,"wake_p50_us":986,"wake_p95_us":1022,"wake_p99_us":1280,"wake_max_us":16023,"dispatch_p50_us":6,"dispatch_p99_us":201,"resp_p50_us":11024,"resp_p95_us":11064,"resp_p99_us":11348,"cpu_jobs_per_s_x100":964098,"io_ops_per_s":499,"jain_x1000":999,"ctx_switches_per_s":1760,"cpu_util_pct":99,"sched_overhead_ns_per_s":147407,"system_class":"IO_BOUND","task_classes":"cpu:CPU_BOUND,cpu:CPU_BOUND,cpu:CPU_BOUND,io:IO_BOUND,probe:INTERACTIVE"}
[sched ] policy -> round_robin
SCHEDBENCH {"name":"mixed-r3","policy":"round_robin","seconds":10,"cpu_workers":3,"io_workers":1,"samples":254,"wake_p50_us":30055,"wake_p95_us":30115,"wake_p99_us":30298,"wake_max_us":33322,"dispatch_p50_us":29077,"dispatch_p99_us":29497,"resp_p50_us":40094,"resp_p95_us":40158,"resp_p99_us":40337,"cpu_jobs_per_s_x100":974371,"io_ops_per_s":22,"jain_x1000":999,"ctx_switches_per_s":188,"cpu_util_pct":99,"sched_overhead_ns_per_s":29250,"system_class":"CPU_BOUND","task_classes":"cpu:CPU_BOUND,cpu:CPU_BOUND,cpu:CPU_BOUND,io:INTERACTIVE,probe:INTERACTIVE"}
[sched ] policy -> priority
SCHEDBENCH {"name":"mixed-r3","policy":"priority","seconds":10,"cpu_workers":3,"io_workers":1,"samples":254,"wake_p50_us":30055,"wake_p95_us":30092,"wake_p99_us":30953,"wake_max_us":32060,"dispatch_p50_us":29076,"dispatch_p99_us":29605,"resp_p50_us":40094,"resp_p95_us":40140,"resp_p99_us":40993,"cpu_jobs_per_s_x100":968345,"io_ops_per_s":20,"jain_x1000":999,"ctx_switches_per_s":188,"cpu_util_pct":99,"sched_overhead_ns_per_s":31862,"system_class":"CPU_BOUND","task_classes":"cpu:CPU_BOUND,cpu:CPU_BOUND,cpu:CPU_BOUND,io:INTERACTIVE,probe:INTERACTIVE"}
[sched ] policy -> low_latency
SCHEDBENCH {"name":"batch-r3","policy":"low_latency","seconds":10,"cpu_workers":4,"io_workers":0,"samples":911,"wake_p50_us":985,"wake_p95_us":1017,"wake_p99_us":1137,"wake_max_us":1840,"dispatch_p50_us":6,"dispatch_p99_us":47,"resp_p50_us":11024,"resp_p95_us":11071,"resp_p99_us":11214,"cpu_jobs_per_s_x100":989155,"io_ops_per_s":0,"jain_x1000":999,"ctx_switches_per_s":790,"cpu_util_pct":99,"sched_overhead_ns_per_s":59725,"system_class":"CPU_BOUND","task_classes":"cpu:CPU_BOUND,cpu:CPU_BOUND,cpu:CPU_BOUND,cpu:CPU_BOUND,probe:INTERACTIVE"}
[sched ] policy -> adaptive
SCHEDBENCH {"name":"batch-r3","policy":"adaptive","seconds":10,"cpu_workers":4,"io_workers":0,"samples":902,"wake_p50_us":985,"wake_p95_us":1020,"wake_p99_us":1262,"wake_max_us":20022,"dispatch_p50_us":7,"dispatch_p99_us":70,"resp_p50_us":11024,"resp_p95_us":11064,"resp_p99_us":11345,"cpu_jobs_per_s_x100":986526,"io_ops_per_s":0,"jain_x1000":999,"ctx_switches_per_s":314,"cpu_util_pct":99,"sched_overhead_ns_per_s":40218,"system_class":"CPU_BOUND","task_classes":"cpu:CPU_BOUND,cpu:CPU_BOUND,cpu:CPU_BOUND,cpu:CPU_BOUND,probe:INTERACTIVE"}
[sched ] policy -> round_robin
SCHEDBENCH {"name":"batch-r3","policy":"round_robin","seconds":10,"cpu_workers":4,"io_workers":0,"samples":204,"wake_p50_us":40078,"wake_p95_us":40151,"wake_p99_us":41136,"wake_max_us":42693,"dispatch_p50_us":39099,"dispatch_p99_us":40176,"resp_p50_us":50118,"resp_p95_us":50193,"resp_p99_us":51175,"cpu_jobs_per_s_x100":979185,"io_ops_per_s":0,"jain_x1000":999,"ctx_switches_per_s":145,"cpu_util_pct":99,"sched_overhead_ns_per_s":25300,"system_class":"CPU_BOUND","task_classes":"cpu:CPU_BOUND,cpu:CPU_BOUND,cpu:CPU_BOUND,cpu:CPU_BOUND,probe:INTERACTIVE"}
[sched ] policy -> priority
SCHEDBENCH {"name":"batch-r3","policy":"priority","seconds":10,"cpu_workers":4,"io_workers":0,"samples":204,"wake_p50_us":40078,"wake_p95_us":40123,"wake_p99_us":40534,"wake_max_us":44043,"dispatch_p50_us":39099,"dispatch_p99_us":39551,"resp_p50_us":50118,"resp_p95_us":50173,"resp_p99_us":50759,"cpu_jobs_per_s_x100":980463,"io_ops_per_s":0,"jain_x1000":999,"ctx_switches_per_s":145,"cpu_util_pct":99,"sched_overhead_ns_per_s":75749,"system_class":"CPU_BOUND","task_classes":"cpu:CPU_BOUND,cpu:CPU_BOUND,cpu:CPU_BOUND,cpu:CPU_BOUND,probe:INTERACTIVE"}
[sched ] policy -> adaptive
SCHEDBENCH {"name":"mixed-r4","policy":"adaptive","seconds":10,"cpu_workers":3,"io_workers":1,"samples":902,"wake_p50_us":984,"wake_p95_us":1024,"wake_p99_us":1427,"wake_max_us":16029,"dispatch_p50_us":7,"dispatch_p99_us":135,"resp_p50_us":11024,"resp_p95_us":11064,"resp_p99_us":11465,"cpu_jobs_per_s_x100":952167,"io_ops_per_s":500,"jain_x1000":999,"ctx_switches_per_s":1750,"cpu_util_pct":99,"sched_overhead_ns_per_s":303366,"system_class":"IO_BOUND","task_classes":"cpu:CPU_BOUND,cpu:CPU_BOUND,cpu:CPU_BOUND,io:IO_BOUND,probe:INTERACTIVE"}
[sched ] policy -> round_robin
SCHEDBENCH {"name":"mixed-r4","policy":"round_robin","seconds":10,"cpu_workers":3,"io_workers":1,"samples":254,"wake_p50_us":30055,"wake_p95_us":30119,"wake_p99_us":30922,"wake_max_us":33037,"dispatch_p50_us":29075,"dispatch_p99_us":29713,"resp_p50_us":40094,"resp_p95_us":40186,"resp_p99_us":40960,"cpu_jobs_per_s_x100":977850,"io_ops_per_s":22,"jain_x1000":999,"ctx_switches_per_s":188,"cpu_util_pct":99,"sched_overhead_ns_per_s":68430,"system_class":"CPU_BOUND","task_classes":"cpu:CPU_BOUND,cpu:CPU_BOUND,cpu:CPU_BOUND,io:INTERACTIVE,probe:INTERACTIVE"}
[sched ] policy -> priority
SCHEDBENCH {"name":"mixed-r4","policy":"priority","seconds":10,"cpu_workers":3,"io_workers":1,"samples":252,"wake_p50_us":30055,"wake_p95_us":30101,"wake_p99_us":30288,"wake_max_us":33075,"dispatch_p50_us":29076,"dispatch_p99_us":29301,"resp_p50_us":40094,"resp_p95_us":40150,"resp_p99_us":40338,"cpu_jobs_per_s_x100":986282,"io_ops_per_s":22,"jain_x1000":999,"ctx_switches_per_s":188,"cpu_util_pct":99,"sched_overhead_ns_per_s":21652,"system_class":"CPU_BOUND","task_classes":"cpu:CPU_BOUND,cpu:CPU_BOUND,cpu:CPU_BOUND,io:INTERACTIVE,probe:INTERACTIVE"}
[sched ] policy -> low_latency
SCHEDBENCH {"name":"mixed-r4","policy":"low_latency","seconds":10,"cpu_workers":3,"io_workers":1,"samples":911,"wake_p50_us":983,"wake_p95_us":1050,"wake_p99_us":1157,"wake_max_us":1356,"dispatch_p50_us":7,"dispatch_p99_us":110,"resp_p50_us":11022,"resp_p95_us":11095,"resp_p99_us":11196,"cpu_jobs_per_s_x100":957295,"io_ops_per_s":510,"jain_x1000":999,"ctx_switches_per_s":1971,"cpu_util_pct":99,"sched_overhead_ns_per_s":238686,"system_class":"IO_BOUND","task_classes":"cpu:CPU_BOUND,cpu:CPU_BOUND,cpu:CPU_BOUND,io:IO_BOUND,probe:INTERACTIVE"}
[sched ] policy -> adaptive
SCHEDBENCH {"name":"batch-r4","policy":"adaptive","seconds":10,"cpu_workers":4,"io_workers":0,"samples":901,"wake_p50_us":984,"wake_p95_us":1026,"wake_p99_us":1302,"wake_max_us":21036,"dispatch_p50_us":7,"dispatch_p99_us":130,"resp_p50_us":11023,"resp_p95_us":11073,"resp_p99_us":11363,"cpu_jobs_per_s_x100":972761,"io_ops_per_s":0,"jain_x1000":999,"ctx_switches_per_s":315,"cpu_util_pct":99,"sched_overhead_ns_per_s":52247,"system_class":"CPU_BOUND","task_classes":"cpu:CPU_BOUND,cpu:CPU_BOUND,cpu:CPU_BOUND,cpu:CPU_BOUND,probe:INTERACTIVE"}
[sched ] policy -> round_robin
SCHEDBENCH {"name":"batch-r4","policy":"round_robin","seconds":10,"cpu_workers":4,"io_workers":0,"samples":202,"wake_p50_us":40079,"wake_p95_us":40139,"wake_p99_us":40218,"wake_max_us":57191,"dispatch_p50_us":39099,"dispatch_p99_us":39290,"resp_p50_us":50118,"resp_p95_us":50182,"resp_p99_us":50279,"cpu_jobs_per_s_x100":983373,"io_ops_per_s":0,"jain_x1000":999,"ctx_switches_per_s":144,"cpu_util_pct":99,"sched_overhead_ns_per_s":24407,"system_class":"CPU_BOUND","task_classes":"cpu:CPU_BOUND,cpu:CPU_BOUND,cpu:CPU_BOUND,cpu:CPU_BOUND,probe:INTERACTIVE"}
[sched ] policy -> priority
SCHEDBENCH {"name":"batch-r4","policy":"priority","seconds":10,"cpu_workers":4,"io_workers":0,"samples":203,"wake_p50_us":40080,"wake_p95_us":40136,"wake_p99_us":40209,"wake_max_us":43140,"dispatch_p50_us":39102,"dispatch_p99_us":39228,"resp_p50_us":50119,"resp_p95_us":50188,"resp_p99_us":50293,"cpu_jobs_per_s_x100":980511,"io_ops_per_s":0,"jain_x1000":999,"ctx_switches_per_s":145,"cpu_util_pct":99,"sched_overhead_ns_per_s":21976,"system_class":"CPU_BOUND","task_classes":"cpu:CPU_BOUND,cpu:CPU_BOUND,cpu:CPU_BOUND,cpu:CPU_BOUND,probe:INTERACTIVE"}
[sched ] policy -> low_latency
SCHEDBENCH {"name":"batch-r4","policy":"low_latency","seconds":10,"cpu_workers":4,"io_workers":0,"samples":912,"wake_p50_us":980,"wake_p95_us":1039,"wake_p99_us":1447,"wake_max_us":9498,"dispatch_p50_us":10,"dispatch_p99_us":69,"resp_p50_us":11019,"resp_p95_us":11095,"resp_p99_us":11534,"cpu_jobs_per_s_x100":882931,"io_ops_per_s":0,"jain_x1000":999,"ctx_switches_per_s":777,"cpu_util_pct":99,"sched_overhead_ns_per_s":294075,"system_class":"CPU_BOUND","task_classes":"cpu:CPU_BOUND,cpu:CPU_BOUND,cpu:CPU_BOUND,cpu:CPU_BOUND,probe:INTERACTIVE"}
[sched ] policy -> round_robin
SCHEDBENCH {"name":"mixed-r5","policy":"round_robin","seconds":10,"cpu_workers":3,"io_workers":1,"samples":255,"wake_p50_us":30054,"wake_p95_us":30091,"wake_p99_us":30128,"wake_max_us":30262,"dispatch_p50_us":29074,"dispatch_p99_us":29150,"resp_p50_us":40093,"resp_p95_us":40134,"resp_p99_us":40186,"cpu_jobs_per_s_x100":994117,"io_ops_per_s":21,"jain_x1000":999,"ctx_switches_per_s":188,"cpu_util_pct":99,"sched_overhead_ns_per_s":19781,"system_class":"CPU_BOUND","task_classes":"cpu:CPU_BOUND,cpu:CPU_BOUND,cpu:CPU_BOUND,io:INTERACTIVE,probe:INTERACTIVE"}
[sched ] policy -> priority
SCHEDBENCH {"name":"mixed-r5","policy":"priority","seconds":10,"cpu_workers":3,"io_workers":1,"samples":254,"wake_p50_us":30055,"wake_p95_us":30093,"wake_p99_us":30170,"wake_max_us":33003,"dispatch_p50_us":29076,"dispatch_p99_us":29181,"resp_p50_us":40095,"resp_p95_us":40148,"resp_p99_us":40349,"cpu_jobs_per_s_x100":995301,"io_ops_per_s":21,"jain_x1000":999,"ctx_switches_per_s":188,"cpu_util_pct":99,"sched_overhead_ns_per_s":22606,"system_class":"CPU_BOUND","task_classes":"cpu:CPU_BOUND,cpu:CPU_BOUND,cpu:CPU_BOUND,io:INTERACTIVE,probe:INTERACTIVE"}
[sched ] policy -> low_latency
SCHEDBENCH {"name":"mixed-r5","policy":"low_latency","seconds":10,"cpu_workers":3,"io_workers":1,"samples":911,"wake_p50_us":984,"wake_p95_us":1047,"wake_p99_us":1157,"wake_max_us":3131,"dispatch_p50_us":7,"dispatch_p99_us":120,"resp_p50_us":11023,"resp_p95_us":11089,"resp_p99_us":11200,"cpu_jobs_per_s_x100":945024,"io_ops_per_s":511,"jain_x1000":999,"ctx_switches_per_s":1950,"cpu_util_pct":99,"sched_overhead_ns_per_s":115654,"system_class":"IO_BOUND","task_classes":"cpu:CPU_BOUND,cpu:CPU_BOUND,cpu:CPU_BOUND,io:IO_BOUND,probe:INTERACTIVE"}
[sched ] policy -> adaptive
SCHEDBENCH {"name":"mixed-r5","policy":"adaptive","seconds":10,"cpu_workers":3,"io_workers":1,"samples":904,"wake_p50_us":983,"wake_p95_us":1028,"wake_p99_us":1512,"wake_max_us":16024,"dispatch_p50_us":7,"dispatch_p99_us":211,"resp_p50_us":11023,"resp_p95_us":11074,"resp_p99_us":11716,"cpu_jobs_per_s_x100":933919,"io_ops_per_s":501,"jain_x1000":999,"ctx_switches_per_s":1764,"cpu_util_pct":99,"sched_overhead_ns_per_s":164812,"system_class":"IO_BOUND","task_classes":"cpu:CPU_BOUND,cpu:CPU_BOUND,cpu:CPU_BOUND,io:IO_BOUND,probe:INTERACTIVE"}
[sched ] policy -> round_robin
SCHEDBENCH {"name":"batch-r5","policy":"round_robin","seconds":10,"cpu_workers":4,"io_workers":0,"samples":203,"wake_p50_us":40081,"wake_p95_us":40113,"wake_p99_us":40207,"wake_max_us":41098,"dispatch_p50_us":39102,"dispatch_p99_us":39230,"resp_p50_us":50121,"resp_p95_us":50174,"resp_p99_us":50246,"cpu_jobs_per_s_x100":987664,"io_ops_per_s":0,"jain_x1000":999,"ctx_switches_per_s":145,"cpu_util_pct":99,"sched_overhead_ns_per_s":24421,"system_class":"CPU_BOUND","task_classes":"cpu:CPU_BOUND,cpu:CPU_BOUND,cpu:CPU_BOUND,cpu:CPU_BOUND,probe:INTERACTIVE"}
[sched ] policy -> priority
SCHEDBENCH {"name":"batch-r5","policy":"priority","seconds":10,"cpu_workers":4,"io_workers":0,"samples":204,"wake_p50_us":40079,"wake_p95_us":40128,"wake_p99_us":40292,"wake_max_us":41089,"dispatch_p50_us":39102,"dispatch_p99_us":39304,"resp_p50_us":50118,"resp_p95_us":50181,"resp_p99_us":50331,"cpu_jobs_per_s_x100":979438,"io_ops_per_s":0,"jain_x1000":999,"ctx_switches_per_s":145,"cpu_util_pct":99,"sched_overhead_ns_per_s":48276,"system_class":"CPU_BOUND","task_classes":"cpu:CPU_BOUND,cpu:CPU_BOUND,cpu:CPU_BOUND,cpu:CPU_BOUND,probe:INTERACTIVE"}
[sched ] policy -> low_latency
SCHEDBENCH {"name":"batch-r5","policy":"low_latency","seconds":10,"cpu_workers":4,"io_workers":0,"samples":911,"wake_p50_us":984,"wake_p95_us":1015,"wake_p99_us":1079,"wake_max_us":3525,"dispatch_p50_us":6,"dispatch_p99_us":68,"resp_p50_us":11024,"resp_p95_us":11056,"resp_p99_us":11175,"cpu_jobs_per_s_x100":992543,"io_ops_per_s":0,"jain_x1000":999,"ctx_switches_per_s":787,"cpu_util_pct":99,"sched_overhead_ns_per_s":103090,"system_class":"CPU_BOUND","task_classes":"cpu:CPU_BOUND,cpu:CPU_BOUND,cpu:CPU_BOUND,cpu:CPU_BOUND,probe:INTERACTIVE"}
[sched ] policy -> adaptive
SCHEDBENCH {"name":"batch-r5","policy":"adaptive","seconds":10,"cpu_workers":4,"io_workers":0,"samples":901,"wake_p50_us":984,"wake_p95_us":1016,"wake_p99_us":1211,"wake_max_us":20033,"dispatch_p50_us":7,"dispatch_p99_us":78,"resp_p50_us":11023,"resp_p95_us":11070,"resp_p99_us":11250,"cpu_jobs_per_s_x100":984346,"io_ops_per_s":0,"jain_x1000":999,"ctx_switches_per_s":314,"cpu_util_pct":99,"sched_overhead_ns_per_s":39405,"system_class":"CPU_BOUND","task_classes":"cpu:CPU_BOUND,cpu:CPU_BOUND,cpu:CPU_BOUND,cpu:CPU_BOUND,probe:INTERACTIVE"}
BENCH-END sched
init: benchmark suite finished (0)
FuhrerOS: syncing filesystems and powering off
POWEROFF
