[START] fuhrerd 0.4.0 mode=adaptive interval_ms=1000 hysteresis=3

[MODE] adaptive -> adaptive

[ADAPT] time=2026-09-26T06:37:32 mode=adaptive
PID=2090 COMM=fuhrer-bench
IOPS=1163 avg_io=4096 CPU=6% queue_depth=0.9 rx_pps=0 tx_pps=1
class=IO_RANDOM
policy: NORMAL -> SPECIALIZED
old=NORMAL new=SPECIALIZED
reason=high_small_io
switch_ms=57.424 status=ok

[MODE] adaptive -> adaptive

[ADAPT] time=2026-09-26T06:37:43 mode=adaptive
PID=2103 COMM=fuhrer-bench
IOPS=737 avg_io=1048576 CPU=3% queue_depth=3.8 rx_pps=0 tx_pps=0
class=IO_SEQUENTIAL
policy: SPECIALIZED -> BATCHED
old=SPECIALIZED new=BATCHED
reason=large_sequential_io
switch_ms=61.801 status=ok

[MODE] adaptive -> adaptive

[MODE] adaptive -> adaptive

[ADAPT] time=2026-09-26T06:38:02 mode=adaptive
PID=2145 COMM=fuhrer-bench
IOPS=0 avg_io=0 CPU=32% queue_depth=0.0 rx_pps=0 tx_pps=0
class=IO_RANDOM
policy: BATCHED -> SPECIALIZED
old=BATCHED new=SPECIALIZED
reason=cached_small_io
switch_ms=312.146 status=ok

[MODE] adaptive -> static:specialized

[MODE] static -> static:specialized

[MODE] static -> static:specialized

[MODE] static -> static:specialized

[MODE] static -> static:batched

[ADAPT] time=2026-09-26T06:38:48 mode=static
PID=1989 COMM=sshd
IOPS=0 avg_io=0 CPU=20% queue_depth=0.0 rx_pps=99 tx_pps=71
class=IO_RANDOM
policy: SPECIALIZED -> BATCHED
old=SPECIALIZED new=BATCHED
reason=static_mode
switch_ms=60.226 status=ok

[MODE] static -> static:batched

[MODE] static -> static:batched

[MODE] static -> static:batched

[MODE] static -> static:normal

[ADAPT] time=2026-09-26T06:39:28 mode=static
PID=18 COMM=rcu_preempt
IOPS=4 avg_io=6144 CPU=19% queue_depth=0.1 rx_pps=54 tx_pps=40
class=INTERACTIVE
policy: BATCHED -> NORMAL
old=BATCHED new=NORMAL
reason=static_mode
switch_ms=107.816 status=ok

[MODE] static -> static:normal

[MODE] static -> static:normal

[MODE] static -> static:normal

