[START] fuhrerd 0.4.0 mode=adaptive interval_ms=1000 hysteresis=3

[MODE] adaptive -> static:normal

[MODE] static -> static:normal

[MODE] static -> static:normal

[MODE] static -> static:normal

[MODE] static -> static:normal

[MODE] static -> adaptive

[ADAPT] time=2026-09-26T08:57:00 mode=adaptive
PID=2238 COMM=fuhrer-bench
IOPS=1030 avg_io=4096 CPU=6% queue_depth=0.9 rx_pps=0 tx_pps=0
class=IO_RANDOM
policy: NORMAL -> SPECIALIZED
old=NORMAL new=SPECIALIZED
reason=high_small_io
switch_ms=71.086 status=ok

[MODE] adaptive -> adaptive

[MODE] adaptive -> adaptive

[MODE] adaptive -> adaptive

[MODE] adaptive -> adaptive

[ADAPT] time=2026-09-26T08:58:05 mode=adaptive
PID=2284 COMM=fuhrer-bench
IOPS=0 avg_io=0 CPU=100% queue_depth=0.0 rx_pps=0 tx_pps=0
class=CPU_BOUND
policy: SPECIALIZED -> NORMAL
old=SPECIALIZED new=NORMAL
reason=cpu_saturated
switch_ms=13.428 status=ok

[MODE] adaptive -> static:normal

[MODE] static -> static:normal

[MODE] static -> static:normal

[MODE] static -> static:normal

[MODE] static -> static:normal

[MODE] static -> static:batched

[ADAPT] time=2026-09-26T08:59:38 mode=static
PID=2009 COMM=sshd
IOPS=0 avg_io=0 CPU=7% queue_depth=0.0 rx_pps=78 tx_pps=56
class=INTERACTIVE
policy: NORMAL -> BATCHED
old=NORMAL new=BATCHED
reason=static_mode
switch_ms=44.979 status=ok

[MODE] static -> static:batched

[MODE] static -> static:batched

[MODE] static -> static:batched

[MODE] static -> static:batched

[MODE] static -> static:batched

[MODE] static -> static:batched

[MODE] static -> static:batched

[MODE] static -> static:batched

[MODE] static -> static:batched

[MODE] static -> static:specialized

[ADAPT] time=2026-09-26T09:02:57 mode=static
PID=2655 COMM=sshd-session
IOPS=0 avg_io=0 CPU=12% queue_depth=0.0 rx_pps=146 tx_pps=117
class=IO_RANDOM
policy: BATCHED -> SPECIALIZED
old=BATCHED new=SPECIALIZED
reason=static_mode
switch_ms=141.171 status=ok

[MODE] static -> static:specialized

[MODE] static -> static:specialized

[MODE] static -> static:specialized

[MODE] static -> static:specialized

[MODE] static -> static:normal

[ADAPT] time=2026-09-26T09:04:26 mode=static
PID=2754 COMM=sshd-session
IOPS=0 avg_io=0 CPU=13% queue_depth=0.0 rx_pps=151 tx_pps=129
class=IO_RANDOM
policy: SPECIALIZED -> NORMAL
old=SPECIALIZED new=NORMAL
reason=static_mode
switch_ms=24.023 status=ok

[MODE] static -> static:normal

[MODE] static -> static:normal

[MODE] static -> static:normal

[MODE] static -> static:normal

[MODE] static -> static:specialized

[ADAPT] time=2026-09-26T09:06:12 mode=static
PID=2009 COMM=sshd
IOPS=0 avg_io=0 CPU=6% queue_depth=0.0 rx_pps=30 tx_pps=21
class=INTERACTIVE
policy: NORMAL -> SPECIALIZED
old=NORMAL new=SPECIALIZED
reason=static_mode
switch_ms=95.414 status=ok

[MODE] static -> static:specialized

[MODE] static -> static:specialized

[MODE] static -> static:specialized

[MODE] static -> static:specialized

[MODE] static -> adaptive

[MODE] adaptive -> adaptive

[MODE] adaptive -> adaptive

[MODE] adaptive -> adaptive

[MODE] adaptive -> adaptive

[ADAPT] time=2026-09-26T09:08:44 mode=adaptive
PID=3006 COMM=fuhrer-bench
IOPS=0 avg_io=0 CPU=99% queue_depth=0.0 rx_pps=0 tx_pps=0
class=CPU_BOUND
policy: SPECIALIZED -> NORMAL
old=SPECIALIZED new=NORMAL
reason=cpu_saturated
switch_ms=15.862 status=ok

[MODE] adaptive -> static:batched

[ADAPT] time=2026-09-26T09:08:57 mode=static
PID=0 COMM=-
IOPS=6 avg_io=4096 CPU=12% queue_depth=0.0 rx_pps=114 tx_pps=85
class=INTERACTIVE
policy: NORMAL -> BATCHED
old=NORMAL new=BATCHED
reason=static_mode
switch_ms=54.802 status=ok

[MODE] static -> static:batched

[MODE] static -> static:batched

[MODE] static -> static:batched

[MODE] static -> static:batched

[MODE] static -> static:normal

[ADAPT] time=2026-09-26T09:10:34 mode=static
PID=2009 COMM=sshd
IOPS=2 avg_io=4096 CPU=10% queue_depth=0.0 rx_pps=63 tx_pps=48
class=INTERACTIVE
policy: BATCHED -> NORMAL
old=BATCHED new=NORMAL
reason=static_mode
switch_ms=108.891 status=ok

[MODE] static -> static:normal

[MODE] static -> static:normal

[MODE] static -> static:normal

[MODE] static -> static:normal

[MODE] static -> static:normal

[MODE] static -> static:normal

[MODE] static -> static:normal

[MODE] static -> static:normal

[MODE] static -> static:normal

[MODE] static -> static:specialized

[ADAPT] time=2026-09-26T09:13:32 mode=static
PID=2009 COMM=sshd
IOPS=21 avg_io=13653 CPU=19% queue_depth=0.3 rx_pps=148 tx_pps=106
class=INTERACTIVE
policy: NORMAL -> SPECIALIZED
old=NORMAL new=SPECIALIZED
reason=static_mode
switch_ms=79.439 status=ok

[MODE] static -> static:specialized

[MODE] static -> static:specialized

[MODE] static -> static:specialized

[MODE] static -> static:specialized

[MODE] static -> static:specialized

[MODE] static -> static:specialized

[MODE] static -> static:specialized

[MODE] static -> static:specialized

[MODE] static -> static:specialized

[MODE] static -> static:normal

[ADAPT] time=2026-09-26T09:16:39 mode=static
PID=18 COMM=rcu_preempt
IOPS=2 avg_io=4096 CPU=10% queue_depth=0.0 rx_pps=62 tx_pps=45
class=INTERACTIVE
policy: SPECIALIZED -> NORMAL
old=SPECIALIZED new=NORMAL
reason=static_mode
switch_ms=30.862 status=ok

[MODE] static -> static:normal

[MODE] static -> static:normal

[MODE] static -> static:normal

[MODE] static -> static:normal

[MODE] static -> static:batched

[ADAPT] time=2026-09-26T09:18:26 mode=static
PID=3715 COMM=sshd-session
IOPS=2 avg_io=4096 CPU=24% queue_depth=0.0 rx_pps=49 tx_pps=38
class=INTERACTIVE
policy: NORMAL -> BATCHED
old=NORMAL new=BATCHED
reason=static_mode
switch_ms=306.581 status=ok

[MODE] static -> static:batched

[MODE] static -> static:batched

[MODE] static -> static:batched

[MODE] static -> static:batched

[MODE] static -> static:normal

[ADAPT] time=2026-09-26T09:20:37 mode=static
PID=3812 COMM=sshd-session
IOPS=8 avg_io=13653 CPU=22% queue_depth=0.4 rx_pps=49 tx_pps=35
class=INTERACTIVE
policy: BATCHED -> NORMAL
old=BATCHED new=NORMAL
reason=static_mode
switch_ms=949.662 status=ok

[MODE] static -> static:normal

[START] fuhrerd 0.4.0 mode=adaptive interval_ms=1000 hysteresis=3

[STOP] restored stock settings, switches=0

[START] fuhrerd 0.4.0 mode=adaptive interval_ms=1000 hysteresis=3

[MODE] adaptive -> static:specialized

[ADAPT] time=2026-09-26T10:59:16 mode=static
PID=18 COMM=rcu_preempt
IOPS=17 avg_io=21065 CPU=14% queue_depth=0.0 rx_pps=154 tx_pps=121
class=INTERACTIVE
policy: NORMAL -> SPECIALIZED
old=NORMAL new=SPECIALIZED
reason=static_mode
switch_ms=37.865 status=ok

[MODE] static -> adaptive

[ADAPT] time=2026-09-26T11:00:11 mode=adaptive
PID=0 COMM=-
IOPS=1 avg_io=4096 CPU=3% queue_depth=0.0 rx_pps=0 tx_pps=0
class=IDLE
policy: SPECIALIZED -> NORMAL
old=SPECIALIZED new=NORMAL
reason=low_activity
switch_ms=18.200 status=ok

[ADAPT] time=2026-09-26T11:00:33 mode=adaptive
PID=2155 COMM=fuhrer-bench
IOPS=811 avg_io=4096 CPU=6% queue_depth=0.9 rx_pps=0 tx_pps=1
class=IO_RANDOM
policy: NORMAL -> SPECIALIZED
old=NORMAL new=SPECIALIZED
reason=high_small_io
switch_ms=123.212 status=ok

[ADAPT] time=2026-09-26T11:00:53 mode=adaptive
PID=14 COMM=kworker/u16:1-events_unbound
IOPS=0 avg_io=0 CPU=0% queue_depth=0.0 rx_pps=0 tx_pps=0
class=IDLE
policy: SPECIALIZED -> NORMAL
old=SPECIALIZED new=NORMAL
reason=low_activity
switch_ms=17.663 status=ok

[MODE] adaptive -> static:batched

[ADAPT] time=2026-09-26T11:01:00 mode=static
PID=2201 COMM=bench-guest.sh
IOPS=570 avg_io=32313 CPU=17% queue_depth=0.9 rx_pps=0 tx_pps=0
class=IO_SEQUENTIAL
policy: NORMAL -> BATCHED
old=NORMAL new=BATCHED
reason=static_mode
switch_ms=41.570 status=ok

[MODE] static -> static:normal

[ADAPT] time=2026-09-26T11:01:52 mode=static
PID=1999 COMM=sshd
IOPS=154 avg_io=53839 CPU=10% queue_depth=0.3 rx_pps=46 tx_pps=38
class=IO_SEQUENTIAL
policy: BATCHED -> NORMAL
old=BATCHED new=NORMAL
reason=static_mode
switch_ms=86.185 status=ok

[MODE] static -> static:normal

[MODE] static -> static:batched

[ADAPT] time=2026-09-26T11:03:38 mode=static
PID=1884 COMM=syslogd
IOPS=173 avg_io=44032 CPU=17% queue_depth=0.3 rx_pps=81 tx_pps=76
class=INTERACTIVE
policy: NORMAL -> BATCHED
old=NORMAL new=BATCHED
reason=static_mode
switch_ms=50.131 status=ok

[MODE] static -> static:specialized

[ADAPT] time=2026-09-26T11:04:30 mode=static
PID=1999 COMM=sshd
IOPS=146 avg_io=56714 CPU=8% queue_depth=0.3 rx_pps=43 tx_pps=32
class=IO_SEQUENTIAL
policy: BATCHED -> SPECIALIZED
old=BATCHED new=SPECIALIZED
reason=static_mode
switch_ms=143.045 status=ok

[MODE] static -> adaptive

[ADAPT] time=2026-09-26T11:05:26 mode=adaptive
PID=0 COMM=-
IOPS=0 avg_io=0 CPU=0% queue_depth=0.0 rx_pps=0 tx_pps=0
class=IDLE
policy: SPECIALIZED -> NORMAL
old=SPECIALIZED new=NORMAL
reason=low_activity
switch_ms=18.819 status=ok

[ADAPT] time=2026-09-26T11:05:47 mode=adaptive
PID=2465 COMM=fuhrer-bench
IOPS=872 avg_io=4096 CPU=4% queue_depth=0.9 rx_pps=0 tx_pps=0
class=IO_RANDOM
policy: NORMAL -> SPECIALIZED
old=NORMAL new=SPECIALIZED
reason=high_small_io
switch_ms=103.649 status=ok

[ADAPT] time=2026-09-26T11:06:08 mode=adaptive
PID=0 COMM=-
IOPS=0 avg_io=0 CPU=0% queue_depth=0.0 rx_pps=0 tx_pps=0
class=IDLE
policy: SPECIALIZED -> NORMAL
old=SPECIALIZED new=NORMAL
reason=low_activity
switch_ms=18.991 status=ok

[MODE] adaptive -> adaptive

[ADAPT] time=2026-09-26T11:06:39 mode=adaptive
PID=2517 COMM=fuhrer-bench
IOPS=768 avg_io=4096 CPU=6% queue_depth=0.9 rx_pps=0 tx_pps=0
class=IO_RANDOM
policy: NORMAL -> SPECIALIZED
old=NORMAL new=SPECIALIZED
reason=high_small_io
switch_ms=113.183 status=ok

[ADAPT] time=2026-09-26T11:06:59 mode=adaptive
PID=1914 COMM=chronyd
IOPS=0 avg_io=0 CPU=0% queue_depth=0.0 rx_pps=0 tx_pps=1
class=IDLE
policy: SPECIALIZED -> NORMAL
old=SPECIALIZED new=NORMAL
reason=low_activity
switch_ms=18.863 status=ok

[MODE] adaptive -> static:normal

[MODE] static -> static:specialized

[ADAPT] time=2026-09-26T11:07:58 mode=static
PID=1999 COMM=sshd
IOPS=218 avg_io=42715 CPU=11% queue_depth=0.4 rx_pps=62 tx_pps=51
class=IO_SEQUENTIAL
policy: NORMAL -> SPECIALIZED
old=NORMAL new=SPECIALIZED
reason=static_mode
switch_ms=103.373 status=ok

[MODE] static -> static:batched

[ADAPT] time=2026-09-26T11:08:50 mode=static
PID=1999 COMM=sshd
IOPS=267 avg_io=15525 CPU=6% queue_depth=0.4 rx_pps=34 tx_pps=29
class=IO_SEQUENTIAL
policy: SPECIALIZED -> BATCHED
old=SPECIALIZED new=BATCHED
reason=static_mode
switch_ms=75.270 status=ok

