
FuhrerOS: kernel entry reached (serial up)

================================
        FUHREROS KERNEL
================================

Architecture : x86_64
Bootloader   : Limine 11.4.1
Kernel       : FuhrerOS 0.1.0 (from-scratch)
Status       : BOOTED

[boot  ] bootloader: Limine 11.4.1 (BIOS firmware)
[boot  ] cmdline: 'bench=sched'
[boot  ] kernel: phys 0x000000007fd73000 virt 0xffffffff80000000 size 872 KiB
[boot  ] hhdm offset: 0xffff800000000000, rsdp: 0x00000000000f5260
[boot  ] memory map (25 entries):
[boot  ]   0000000000001000-0000000000061000 bootloader     384 KiB
[boot  ]   0000000000061000-000000000009f000 usable         248 KiB
[boot  ]   000000000009fc00-00000000000a0000 reserved       1 KiB
[boot  ]   00000000000f0000-00000000000f5000 reserved       20 KiB
[boot  ]   00000000000f5000-00000000000f6000 reserved       4 KiB
[boot  ]   00000000000f6000-0000000000100000 reserved       40 KiB
[boot  ]   0000000000100000-000000007f8ce000 usable         2088760 KiB
[boot  ]   000000007f8ce000-000000007fd65000 kernel+modules 4700 KiB
[boot  ]   000000007fd65000-000000007fd66000 bootloader     4 KiB
[boot  ]   000000007fd66000-000000007fd69000 usable         12 KiB
[boot  ]   000000007fd69000-000000007fd73000 bootloader     40 KiB
[boot  ]   000000007fd73000-000000007fe4d000 kernel+modules 872 KiB
[boot  ]   000000007fe4d000-000000007ff38000 bootloader     940 KiB
[boot  ]   000000007ff38000-000000007ff55000 usable         116 KiB
[boot  ]   000000007ff55000-000000007ffdc000 bootloader     540 KiB
[boot  ]   000000007ffdc000-000000007ffe0000 reserved       16 KiB
[boot  ]   000000007ffe0000-000000007ffe3000 reserved       12 KiB
[boot  ]   000000007ffe3000-0000000080000000 reserved       116 KiB
[boot  ]   00000000b0000000-00000000c0000000 reserved       262144 KiB
[boot  ]   00000000fd000000-00000000fd3e8000 framebuffer    4000 KiB
[boot  ]   00000000fed1c000-00000000fed20000 reserved       16 KiB
[boot  ]   00000000feffc000-00000000ff000000 reserved       16 KiB
[boot  ]   00000000fffc0000-0000000100000000 reserved       256 KiB
[boot  ]   0000000100000000-0000000180000000 usable         2097152 KiB
[boot  ]   000000fd00000000-0000010000000000 reserved       12582912 KiB
[boot  ] usable memory: 4088 MiB
[boot  ] framebuffer: 1280x800 32bpp pitch 5120 at phys 0x00000000fd000000
[boot  ] module: /boot/initrd.tar (4812800 bytes) 'initrd'
[boot  ] cpu: AuthenticAMD / AMD Ryzen 5 7520U with Radeon Graphics         
[pmm   ] 1572864 frames tracked, 1046462 free (4087 MiB), bitmap 192 KiB at 0x0000000000100000
[vmm   ] kernel page tables active (pml4 0x0000000000130000, NX on)
[heap  ] slab classes 16..2048 B, large allocations from vmalloc
[pmm   ] reclaimed 1908 KiB of bootloader memory
[acpi  ] OEM 'BOCHS ', 4 CPU(s), LAPIC 0x00000000fee00000, 1 IOAPIC(s) (first 0x00000000fec00000 gsi 0), ECAM 0x00000000b0000000
[apic  ] local APIC id 0 enabled
[apic  ] I/O APIC with 24 inputs
[time  ] TSC 2793.644 MHz, LAPIC timer 62617 kHz (div 16)
[time  ] LAPIC periodic timer at 1000 Hz (vector 0x20)
[sched ] policy -> adaptive
[sched ] scheduler ready, policy adaptive, 4 policies available
[init  ] kinit running as task 2 under policy 'adaptive'
[ps2   ] keyboard ready, mouse ready (4-byte packets, wheel)
[proc  ] process subsystem ready (ELF64 loader, spawn/wait)
[syscall] syscall/sysret MSRs programmed, 64 syscall numbers
[pci   ] 00:00.0 8086:29c0 host bridge
[pci   ] 00:01.0 1234:1111 display
[pci   ] 00:02.0 1af4:1041 network
[vnet  ] eth0 MAC 52:54:00:12:34:56
[pci   ] 00:03.0 1af4:1042 storage
[blk   ] vda: 20480 MiB (41943040 sectors of 512 B)
[pci   ] 00:1f.0 8086:2918 ISA bridge
[pci   ] 00:1f.2 8086:2922 SATA controller
[pci   ] 00:1f.3 8086:2930 SMBus
[bcache] 2048 x 4 KiB buffers, policy adaptive
[net   ] sockets: TCP, UDP, ICMP echo
[tty   ] console tty on framebuffer + COM1 (serial input enabled)
[ffs0  ] 'fuhreros' on vda: 5242880 blocks (5241345 free), 4096 inodes (4034 free), mount #1
[net   ] DHCP: 10.0.2.15/255.255.255.0 gw 10.0.2.2 dns 10.0.2.3
[vfs   ] mounted vda (ffs0) on /
[tarfs ] initrd: 54 files, 4700 KiB
[vfs   ] mounted initrd (tarfs) on /initrd
[vfs   ] mounted - (devfs) on /dev
[vfs   ] mounted - (procfs) on /proc
[vfs   ] mounted - (ramfs) on /tmp
[vfs   ] root filesystem: FFS0 (virtio-blk vda)
[init  ] started /bin/init as pid 1 - kernel handing over to user space
[1;36mFuhrerOS init[0m (pid 1): user space is running outside kernel privilege
init: running benchmark suite /etc/bench/sched.sh
BENCH-BEGIN sched
[sched ] policy -> round_robin
SCHEDBENCH {"name":"mixed-r1","policy":"round_robin","seconds":10,"cpu_workers":3,"io_workers":1,"samples":255,"wake_p50_us":30034,"wake_p95_us":30075,"wake_p99_us":30892,"wake_max_us":33822,"dispatch_p50_us":29061,"dispatch_p99_us":29820,"resp_p50_us":40074,"resp_p95_us":40132,"resp_p99_us":41002,"cpu_jobs_per_s_x100":954406,"io_ops_per_s":21,"jain_x1000":999,"ctx_switches_per_s":189,"cpu_util_pct":99,"sched_overhead_ns_per_s":74270,"system_class":"CPU_BOUND","task_classes":"cpu:CPU_BOUND,cpu:CPU_BOUND,cpu:CPU_BOUND,io:INTERACTIVE,probe:INTERACTIVE"}
[sched ] policy -> priority
SCHEDBENCH {"name":"mixed-r1","policy":"priority","seconds":10,"cpu_workers":3,"io_workers":1,"samples":254,"wake_p50_us":30029,"wake_p95_us":31019,"wake_p99_us":33923,"wake_max_us":38599,"dispatch_p50_us":29072,"dispatch_p99_us":32930,"resp_p50_us":40074,"resp_p95_us":41071,"resp_p99_us":43977,"cpu_jobs_per_s_x100":790369,"io_ops_per_s":21,"jain_x1000":999,"ctx_switches_per_s":187,"cpu_util_pct":99,"sched_overhead_ns_per_s":59128,"system_class":"CPU_BOUND","task_classes":"cpu:CPU_BOUND,cpu:CPU_BOUND,cpu:CPU_BOUND,io:INTERACTIVE,probe:INTERACTIVE"}
[sched ] policy -> low_latency
SCHEDBENCH {"name":"mixed-r1","policy":"low_latency","seconds":10,"cpu_workers":3,"io_workers":1,"samples":911,"wake_p50_us":976,"wake_p95_us":1053,"wake_p99_us":1108,"wake_max_us":1482,"dispatch_p50_us":9,"dispatch_p99_us":103,"resp_p50_us":11015,"resp_p95_us":11096,"resp_p99_us":11154,"cpu_jobs_per_s_x100":921553,"io_ops_per_s":511,"jain_x1000":999,"ctx_switches_per_s":1958,"cpu_util_pct":99,"sched_overhead_ns_per_s":139051,"system_class":"IO_BOUND","task_classes":"cpu:CPU_BOUND,cpu:CPU_BOUND,cpu:CPU_BOUND,io:IO_BOUND,probe:INTERACTIVE"}
[sched ] policy -> adaptive
SCHEDBENCH {"name":"mixed-r1","policy":"adaptive","seconds":10,"cpu_workers":3,"io_workers":1,"samples":903,"wake_p50_us":978,"wake_p95_us":1022,"wake_p99_us":1274,"wake_max_us":16017,"dispatch_p50_us":6,"dispatch_p99_us":95,"resp_p50_us":11017,"resp_p95_us":11065,"resp_p99_us":11339,"cpu_jobs_per_s_x100":969262,"io_ops_per_s":501,"jain_x1000":999,"ctx_switches_per_s":1752,"cpu_util_pct":99,"sched_overhead_ns_per_s":121236,"system_class":"IO_BOUND","task_classes":"cpu:CPU_BOUND,cpu:CPU_BOUND,cpu:CPU_BOUND,io:IO_BOUND,probe:INTERACTIVE"}
[sched ] policy -> round_robin
SCHEDBENCH {"name":"batch-r1","policy":"round_robin","seconds":10,"cpu_workers":4,"io_workers":0,"samples":202,"wake_p50_us":40053,"wake_p95_us":40103,"wake_p99_us":40140,"wake_max_us":41124,"dispatch_p50_us":39078,"dispatch_p99_us":39153,"resp_p50_us":50093,"resp_p95_us":50141,"resp_p99_us":50207,"cpu_jobs_per_s_x100":979645,"io_ops_per_s":0,"jain_x1000":999,"ctx_switches_per_s":144,"cpu_util_pct":99,"sched_overhead_ns_per_s":23420,"system_class":"CPU_BOUND","task_classes":"cpu:CPU_BOUND,cpu:CPU_BOUND,cpu:CPU_BOUND,cpu:CPU_BOUND,probe:INTERACTIVE"}
[sched ] policy -> priority
SCHEDBENCH {"name":"batch-r1","policy":"priority","seconds":10,"cpu_workers":4,"io_workers":0,"samples":204,"wake_p50_us":40053,"wake_p95_us":40110,"wake_p99_us":40146,"wake_max_us":41061,"dispatch_p50_us":39080,"dispatch_p99_us":39213,"resp_p50_us":50093,"resp_p95_us":50156,"resp_p99_us":50302,"cpu_jobs_per_s_x100":985923,"io_ops_per_s":0,"jain_x1000":999,"ctx_switches_per_s":145,"cpu_util_pct":99,"sched_overhead_ns_per_s":19685,"system_class":"CPU_BOUND","task_classes":"cpu:CPU_BOUND,cpu:CPU_BOUND,cpu:CPU_BOUND,cpu:CPU_BOUND,probe:INTERACTIVE"}
[sched ] policy -> low_latency
SCHEDBENCH {"name":"batch-r1","policy":"low_latency","seconds":10,"cpu_workers":4,"io_workers":0,"samples":909,"wake_p50_us":979,"wake_p95_us":1018,"wake_p99_us":1096,"wake_max_us":10568,"dispatch_p50_us":6,"dispatch_p99_us":39,"resp_p50_us":11018,"resp_p95_us":11063,"resp_p99_us":11165,"cpu_jobs_per_s_x100":973626,"io_ops_per_s":0,"jain_x1000":999,"ctx_switches_per_s":782,"cpu_util_pct":99,"sched_overhead_ns_per_s":63776,"system_class":"CPU_BOUND","task_classes":"cpu:CPU_BOUND,cpu:CPU_BOUND,cpu:CPU_BOUND,cpu:CPU_BOUND,probe:INTERACTIVE"}
[sched ] policy -> adaptive
SCHEDBENCH {"name":"batch-r1","policy":"adaptive","seconds":10,"cpu_workers":4,"io_workers":0,"samples":902,"wake_p50_us":972,"wake_p95_us":1107,"wake_p99_us":2562,"wake_max_us":22019,"dispatch_p50_us":15,"dispatch_p99_us":323,"resp_p50_us":11014,"resp_p95_us":11192,"resp_p99_us":13633,"cpu_jobs_per_s_x100":824998,"io_ops_per_s":0,"jain_x1000":999,"ctx_switches_per_s":314,"cpu_util_pct":99,"sched_overhead_ns_per_s":88636,"system_class":"CPU_BOUND","task_classes":"cpu:CPU_BOUND,cpu:CPU_BOUND,cpu:CPU_BOUND,cpu:CPU_BOUND,probe:INTERACTIVE"}
[sched ] policy -> priority
SCHEDBENCH {"name":"mixed-r2","policy":"priority","seconds":10,"cpu_workers":3,"io_workers":1,"samples":257,"wake_p50_us":30024,"wake_p95_us":30378,"wake_p99_us":34868,"wake_max_us":39905,"dispatch_p50_us":29066,"dispatch_p99_us":30710,"resp_p50_us":40069,"resp_p95_us":40528,"resp_p99_us":44920,"cpu_jobs_per_s_x100":791533,"io_ops_per_s":21,"jain_x1000":999,"ctx_switches_per_s":188,"cpu_util_pct":99,"sched_overhead_ns_per_s":101615,"system_class":"CPU_BOUND","task_classes":"cpu:CPU_BOUND,cpu:CPU_BOUND,cpu:CPU_BOUND,io:INTERACTIVE,probe:INTERACTIVE"}
[sched ] policy -> low_latency
SCHEDBENCH {"name":"mixed-r2","policy":"low_latency","seconds":10,"cpu_workers":3,"io_workers":1,"samples":912,"wake_p50_us":974,"wake_p95_us":1062,"wake_p99_us":1207,"wake_max_us":6794,"dispatch_p50_us":10,"dispatch_p99_us":128,"resp_p50_us":11015,"resp_p95_us":11106,"resp_p99_us":11351,"cpu_jobs_per_s_x100":880178,"io_ops_per_s":508,"jain_x1000":999,"ctx_switches_per_s":1953,"cpu_util_pct":99,"sched_overhead_ns_per_s":132013,"system_class":"IO_BOUND","task_classes":"cpu:CPU_BOUND,cpu:CPU_BOUND,cpu:CPU_BOUND,io:IO_BOUND,probe:INTERACTIVE"}
[sched ] policy -> adaptive
SCHEDBENCH {"name":"mixed-r2","policy":"adaptive","seconds":10,"cpu_workers":3,"io_workers":1,"samples":903,"wake_p50_us":979,"wake_p95_us":1013,"wake_p99_us":1592,"wake_max_us":18034,"dispatch_p50_us":6,"dispatch_p99_us":58,"resp_p50_us":11019,"resp_p95_us":11059,"resp_p99_us":11749,"cpu_jobs_per_s_x100":948594,"io_ops_per_s":502,"jain_x1000":999,"ctx_switches_per_s":1753,"cpu_util_pct":99,"sched_overhead_ns_per_s":120039,"system_class":"IO_BOUND","task_classes":"cpu:CPU_BOUND,cpu:CPU_BOUND,cpu:CPU_BOUND,io:IO_BOUND,probe:INTERACTIVE"}
[sched ] policy -> round_robin
SCHEDBENCH {"name":"mixed-r2","policy":"round_robin","seconds":10,"cpu_workers":3,"io_workers":1,"samples":253,"wake_p50_us":30038,"wake_p95_us":30091,"wake_p99_us":30406,"wake_max_us":32193,"dispatch_p50_us":29065,"dispatch_p99_us":29197,"resp_p50_us":40077,"resp_p95_us":40160,"resp_p99_us":40445,"cpu_jobs_per_s_x100":982926,"io_ops_per_s":21,"jain_x1000":999,"ctx_switches_per_s":188,"cpu_util_pct":99,"sched_overhead_ns_per_s":25423,"system_class":"CPU_BOUND","task_classes":"cpu:CPU_BOUND,cpu:CPU_BOUND,cpu:CPU_BOUND,io:INTERACTIVE,probe:INTERACTIVE"}
[sched ] policy -> priority
SCHEDBENCH {"name":"batch-r2","policy":"priority","seconds":10,"cpu_workers":4,"io_workers":0,"samples":202,"wake_p50_us":40055,"wake_p95_us":40121,"wake_p99_us":41052,"wake_max_us":53148,"dispatch_p50_us":39081,"dispatch_p99_us":40103,"resp_p50_us":50094,"resp_p95_us":50160,"resp_p99_us":51091,"cpu_jobs_per_s_x100":970108,"io_ops_per_s":0,"jain_x1000":999,"ctx_switches_per_s":144,"cpu_util_pct":99,"sched_overhead_ns_per_s":19483,"system_class":"CPU_BOUND","task_classes":"cpu:CPU_BOUND,cpu:CPU_BOUND,cpu:CPU_BOUND,cpu:CPU_BOUND,probe:INTERACTIVE"}
[sched ] policy -> low_latency
SCHEDBENCH {"name":"batch-r2","policy":"low_latency","seconds":10,"cpu_workers":4,"io_workers":0,"samples":910,"wake_p50_us":978,"wake_p95_us":1025,"wake_p99_us":1159,"wake_max_us":11446,"dispatch_p50_us":7,"dispatch_p99_us":52,"resp_p50_us":11018,"resp_p95_us":11071,"resp_p99_us":11205,"cpu_jobs_per_s_x100":936268,"io_ops_per_s":0,"jain_x1000":999,"ctx_switches_per_s":783,"cpu_util_pct":99,"sched_overhead_ns_per_s":95585,"system_class":"CPU_BOUND","task_classes":"cpu:CPU_BOUND,cpu:CPU_BOUND,cpu:CPU_BOUND,cpu:CPU_BOUND,probe:INTERACTIVE"}
[sched ] policy -> adaptive
SCHEDBENCH {"name":"batch-r2","policy":"adaptive","seconds":10,"cpu_workers":4,"io_workers":0,"samples":898,"wake_p50_us":980,"wake_p95_us":1017,"wake_p99_us":1677,"wake_max_us":23079,"dispatch_p50_us":7,"dispatch_p99_us":142,"resp_p50_us":11019,"resp_p95_us":11062,"resp_p99_us":11912,"cpu_jobs_per_s_x100":978091,"io_ops_per_s":0,"jain_x1000":999,"ctx_switches_per_s":313,"cpu_util_pct":99,"sched_overhead_ns_per_s":177694,"system_class":"CPU_BOUND","task_classes":"cpu:CPU_BOUND,cpu:CPU_BOUND,cpu:CPU_BOUND,cpu:CPU_BOUND,probe:INTERACTIVE"}
[sched ] policy -> round_robin
SCHEDBENCH {"name":"batch-r2","policy":"round_robin","seconds":10,"cpu_workers":4,"io_workers":0,"samples":203,"wake_p50_us":40056,"wake_p95_us":40115,"wake_p99_us":40201,"wake_max_us":41577,"dispatch_p50_us":39082,"dispatch_p99_us":39219,"resp_p50_us":50095,"resp_p95_us":50155,"resp_p99_us":50240,"cpu_jobs_per_s_x100":986261,"io_ops_per_s":0,"jain_x1000":999,"ctx_switches_per_s":144,"cpu_util_pct":99,"sched_overhead_ns_per_s":27089,"system_class":"CPU_BOUND","task_classes":"cpu:CPU_BOUND,cpu:CPU_BOUND,cpu:CPU_BOUND,cpu:CPU_BOUND,probe:INTERACTIVE"}
[sched ] policy -> low_latency
SCHEDBENCH {"name":"mixed-r3","policy":"low_latency","seconds":10,"cpu_workers":3,"io_workers":1,"samples":910,"wake_p50_us":979,"wake_p95_us":1047,"wake_p99_us":1206,"wake_max_us":3612,"dispatch_p50_us":7,"dispatch_p99_us":114,"resp_p50_us":11018,"resp_p95_us":11091,"resp_p99_us":11258,"cpu_jobs_per_s_x100":958827,"io_ops_per_s":508,"jain_x1000":999,"ctx_switches_per_s":1958,"cpu_util_pct":99,"sched_overhead_ns_per_s":231050,"system_class":"IO_BOUND","task_classes":"cpu:CPU_BOUND,cpu:CPU_BOUND,cpu:CPU_BOUND,io:IO_BOUND,probe:INTERACTIVE"}
[sched ] policy -> adaptive
SCHEDBENCH {"name":"mixed-r3","policy":"adaptive","seconds":10,"cpu_workers":3,"io_workers":1,"samples":901,"wake_p50_us":979,"wake_p95_us":1034,"wake_p99_us":1567,"wake_max_us":16041,"dispatch_p50_us":6,"dispatch_p99_us":198,"resp_p50_us":11018,"resp_p95_us":11076,"resp_p99_us":11973,"cpu_jobs_per_s_x100":944599,"io_ops_per_s":499,"jain_x1000":999,"ctx_switches_per_s":1760,"cpu_util_pct":99,"sched_overhead_ns_per_s":271565,"system_class":"IO_BOUND","task_classes":"cpu:CPU_BOUND,cpu:CPU_BOUND,cpu:CPU_BOUND,io:IO_BOUND,probe:INTERACTIVE"}
[sched ] policy -> round_robin
SCHEDBENCH {"name":"mixed-r3","policy":"round_robin","seconds":10,"cpu_workers":3,"io_workers":1,"samples":254,"wake_p50_us":30035,"wake_p95_us":30118,"wake_p99_us":31062,"wake_max_us":35128,"dispatch_p50_us":29062,"dispatch_p99_us":30098,"resp_p50_us":40075,"resp_p95_us":40176,"resp_p99_us":41101,"cpu_jobs_per_s_x100":960004,"io_ops_per_s":22,"jain_x1000":999,"ctx_switches_per_s":188,"cpu_util_pct":99,"sched_overhead_ns_per_s":94814,"system_class":"CPU_BOUND","task_classes":"cpu:CPU_BOUND,cpu:CPU_BOUND,cpu:CPU_BOUND,io:INTERACTIVE,probe:INTERACTIVE"}
[sched ] policy -> priority
SCHEDBENCH {"name":"mixed-r3","policy":"priority","seconds":10,"cpu_workers":3,"io_workers":1,"samples":255,"wake_p50_us":30035,"wake_p95_us":30079,"wake_p99_us":30413,"wake_max_us":55888,"dispatch_p50_us":29062,"dispatch_p99_us":29435,"resp_p50_us":40075,"resp_p95_us":40123,"resp_p99_us":40452,"cpu_jobs_per_s_x100":964124,"io_ops_per_s":22,"jain_x1000":999,"ctx_switches_per_s":188,"cpu_util_pct":99,"sched_overhead_ns_per_s":24279,"system_class":"CPU_BOUND","task_classes":"cpu:CPU_BOUND,cpu:CPU_BOUND,cpu:CPU_BOUND,io:INTERACTIVE,probe:INTERACTIVE"}
[sched ] policy -> low_latency
SCHEDBENCH {"name":"batch-r3","policy":"low_latency","seconds":10,"cpu_workers":4,"io_workers":0,"samples":912,"wake_p50_us":979,"wake_p95_us":1009,"wake_p99_us":1064,"wake_max_us":2498,"dispatch_p50_us":6,"dispatch_p99_us":82,"resp_p50_us":11018,"resp_p95_us":11055,"resp_p99_us":11106,"cpu_jobs_per_s_x100":983048,"io_ops_per_s":0,"jain_x1000":999,"ctx_switches_per_s":787,"cpu_util_pct":99,"sched_overhead_ns_per_s":54962,"system_class":"CPU_BOUND","task_classes":"cpu:CPU_BOUND,cpu:CPU_BOUND,cpu:CPU_BOUND,cpu:CPU_BOUND,probe:INTERACTIVE"}
[sched ] policy -> adaptive
SCHEDBENCH {"name":"batch-r3","policy":"adaptive","seconds":10,"cpu_workers":4,"io_workers":0,"samples":902,"wake_p50_us":979,"wake_p95_us":1007,"wake_p99_us":1114,"wake_max_us":21002,"dispatch_p50_us":7,"dispatch_p99_us":88,"resp_p50_us":11018,"resp_p95_us":11050,"resp_p99_us":11154,"cpu_jobs_per_s_x100":985573,"io_ops_per_s":0,"jain_x1000":999,"ctx_switches_per_s":314,"cpu_util_pct":99,"sched_overhead_ns_per_s":28235,"system_class":"CPU_BOUND","task_classes":"cpu:CPU_BOUND,cpu:CPU_BOUND,cpu:CPU_BOUND,cpu:CPU_BOUND,probe:INTERACTIVE"}
[sched ] policy -> round_robin
SCHEDBENCH {"name":"batch-r3","policy":"round_robin","seconds":10,"cpu_workers":4,"io_workers":0,"samples":203,"wake_p50_us":40057,"wake_p95_us":40085,"wake_p99_us":40113,"wake_max_us":40137,"dispatch_p50_us":39081,"dispatch_p99_us":39136,"resp_p50_us":50096,"resp_p95_us":50126,"resp_p99_us":50159,"cpu_jobs_per_s_x100":990296,"io_ops_per_s":0,"jain_x1000":999,"ctx_switches_per_s":145,"cpu_util_pct":99,"sched_overhead_ns_per_s":26570,"system_class":"CPU_BOUND","task_classes":"cpu:CPU_BOUND,cpu:CPU_BOUND,cpu:CPU_BOUND,cpu:CPU_BOUND,probe:INTERACTIVE"}
[sched ] policy -> priority
SCHEDBENCH {"name":"batch-r3","policy":"priority","seconds":10,"cpu_workers":4,"io_workers":0,"samples":202,"wake_p50_us":40055,"wake_p95_us":40132,"wake_p99_us":40331,"wake_max_us":41092,"dispatch_p50_us":39081,"dispatch_p99_us":39360,"resp_p50_us":50095,"resp_p95_us":50181,"resp_p99_us":50370,"cpu_jobs_per_s_x100":966636,"io_ops_per_s":0,"jain_x1000":999,"ctx_switches_per_s":144,"cpu_util_pct":99,"sched_overhead_ns_per_s":23206,"system_class":"CPU_BOUND","task_classes":"cpu:CPU_BOUND,cpu:CPU_BOUND,cpu:CPU_BOUND,cpu:CPU_BOUND,probe:INTERACTIVE"}
[sched ] policy -> adaptive
SCHEDBENCH {"name":"mixed-r4","policy":"adaptive","seconds":10,"cpu_workers":3,"io_workers":1,"samples":904,"wake_p50_us":979,"wake_p95_us":1015,"wake_p99_us":1195,"wake_max_us":19043,"dispatch_p50_us":6,"dispatch_p99_us":84,"resp_p50_us":11018,"resp_p95_us":11057,"resp_p99_us":11234,"cpu_jobs_per_s_x100":945602,"io_ops_per_s":497,"jain_x1000":999,"ctx_switches_per_s":1751,"cpu_util_pct":99,"sched_overhead_ns_per_s":151805,"system_class":"IO_BOUND","task_classes":"cpu:CPU_BOUND,cpu:CPU_BOUND,cpu:CPU_BOUND,io:IO_BOUND,probe:INTERACTIVE"}
[sched ] policy -> round_robin
SCHEDBENCH {"name":"mixed-r4","policy":"round_robin","seconds":10,"cpu_workers":3,"io_workers":1,"samples":253,"wake_p50_us":30037,"wake_p95_us":30088,"wake_p99_us":30307,"wake_max_us":32042,"dispatch_p50_us":29063,"dispatch_p99_us":29336,"resp_p50_us":40077,"resp_p95_us":40129,"resp_p99_us":40346,"cpu_jobs_per_s_x100":982946,"io_ops_per_s":21,"jain_x1000":999,"ctx_switches_per_s":188,"cpu_util_pct":99,"sched_overhead_ns_per_s":27249,"system_class":"CPU_BOUND","task_classes":"cpu:CPU_BOUND,cpu:CPU_BOUND,cpu:CPU_BOUND,io:INTERACTIVE,probe:INTERACTIVE"}
[sched ] policy -> priority
SCHEDBENCH {"name":"mixed-r4","policy":"priority","seconds":10,"cpu_workers":3,"io_workers":1,"samples":254,"wake_p50_us":30036,"wake_p95_us":30081,"wake_p99_us":30625,"wake_max_us":31052,"dispatch_p50_us":29062,"dispatch_p99_us":29621,"resp_p50_us":40075,"resp_p95_us":40120,"resp_p99_us":40665,"cpu_jobs_per_s_x100":980127,"io_ops_per_s":22,"jain_x1000":999,"ctx_switches_per_s":189,"cpu_util_pct":99,"sched_overhead_ns_per_s":25849,"system_class":"CPU_BOUND","task_classes":"cpu:CPU_BOUND,cpu:CPU_BOUND,cpu:CPU_BOUND,io:INTERACTIVE,probe:INTERACTIVE"}
[sched ] policy -> low_latency
SCHEDBENCH {"name":"mixed-r4","policy":"low_latency","seconds":10,"cpu_workers":3,"io_workers":1,"samples":910,"wake_p50_us":980,"wake_p95_us":1033,"wake_p99_us":1105,"wake_max_us":1627,"dispatch_p50_us":6,"dispatch_p99_us":104,"resp_p50_us":11018,"resp_p95_us":11071,"resp_p99_us":11157,"cpu_jobs_per_s_x100":969747,"io_ops_per_s":509,"jain_x1000":999,"ctx_switches_per_s":1958,"cpu_util_pct":99,"sched_overhead_ns_per_s":96937,"system_class":"IO_BOUND","task_classes":"cpu:CPU_BOUND,cpu:CPU_BOUND,cpu:CPU_BOUND,io:IO_BOUND,probe:INTERACTIVE"}
[sched ] policy -> adaptive
SCHEDBENCH {"name":"batch-r4","policy":"adaptive","seconds":10,"cpu_workers":4,"io_workers":0,"samples":902,"wake_p50_us":977,"wake_p95_us":1038,"wake_p99_us":1660,"wake_max_us":22023,"dispatch_p50_us":10,"dispatch_p99_us":225,"resp_p50_us":11017,"resp_p95_us":11086,"resp_p99_us":11702,"cpu_jobs_per_s_x100":920273,"io_ops_per_s":0,"jain_x1000":999,"ctx_switches_per_s":315,"cpu_util_pct":99,"sched_overhead_ns_per_s":86662,"system_class":"CPU_BOUND","task_classes":"cpu:CPU_BOUND,cpu:CPU_BOUND,cpu:CPU_BOUND,cpu:CPU_BOUND,probe:INTERACTIVE"}
[sched ] policy -> round_robin
SCHEDBENCH {"name":"batch-r4","policy":"round_robin","seconds":10,"cpu_workers":4,"io_workers":0,"samples":202,"wake_p50_us":40055,"wake_p95_us":40152,"wake_p99_us":40895,"wake_max_us":46002,"dispatch_p50_us":39083,"dispatch_p99_us":39926,"resp_p50_us":50094,"resp_p95_us":50211,"resp_p99_us":50933,"cpu_jobs_per_s_x100":968272,"io_ops_per_s":0,"jain_x1000":999,"ctx_switches_per_s":144,"cpu_util_pct":99,"sched_overhead_ns_per_s":42181,"system_class":"CPU_BOUND","task_classes":"cpu:CPU_BOUND,cpu:CPU_BOUND,cpu:CPU_BOUND,cpu:CPU_BOUND,probe:INTERACTIVE"}
[sched ] policy -> priority
SCHEDBENCH {"name":"batch-r4","policy":"priority","seconds":10,"cpu_workers":4,"io_workers":0,"samples":202,"wake_p50_us":40056,"wake_p95_us":40124,"wake_p99_us":43392,"wake_max_us":79133,"dispatch_p50_us":39081,"dispatch_p99_us":43109,"resp_p50_us":50095,"resp_p95_us":50172,"resp_p99_us":53443,"cpu_jobs_per_s_x100":926492,"io_ops_per_s":0,"jain_x1000":999,"ctx_switches_per_s":144,"cpu_util_pct":99,"sched_overhead_ns_per_s":32061,"system_class":"CPU_BOUND","task_classes":"cpu:CPU_BOUND,cpu:CPU_BOUND,cpu:CPU_BOUND,cpu:CPU_BOUND,probe:INTERACTIVE"}
[sched ] policy -> low_latency
SCHEDBENCH {"name":"batch-r4","policy":"low_latency","seconds":10,"cpu_workers":4,"io_workers":0,"samples":913,"wake_p50_us":977,"wake_p95_us":1027,"wake_p99_us":1140,"wake_max_us":2364,"dispatch_p50_us":7,"dispatch_p99_us":67,"resp_p50_us":11016,"resp_p95_us":11071,"resp_p99_us":11200,"cpu_jobs_per_s_x100":948130,"io_ops_per_s":0,"jain_x1000":999,"ctx_switches_per_s":785,"cpu_util_pct":99,"sched_overhead_ns_per_s":82761,"system_class":"CPU_BOUND","task_classes":"cpu:CPU_BOUND,cpu:CPU_BOUND,cpu:CPU_BOUND,cpu:CPU_BOUND,probe:INTERACTIVE"}
[sched ] policy -> round_robin
SCHEDBENCH {"name":"mixed-r5","policy":"round_robin","seconds":10,"cpu_workers":3,"io_workers":1,"samples":254,"wake_p50_us":30035,"wake_p95_us":30088,"wake_p99_us":31029,"wake_max_us":32107,"dispatch_p50_us":29062,"dispatch_p99_us":30056,"resp_p50_us":40075,"resp_p95_us":40133,"resp_p99_us":41070,"cpu_jobs_per_s_x100":957299,"io_ops_per_s":21,"jain_x1000":999,"ctx_switches_per_s":188,"cpu_util_pct":99,"sched_overhead_ns_per_s":27646,"system_class":"CPU_BOUND","task_classes":"cpu:CPU_BOUND,cpu:CPU_BOUND,cpu:CPU_BOUND,io:INTERACTIVE,probe:INTERACTIVE"}
[sched ] policy -> priority
SCHEDBENCH {"name":"mixed-r5","policy":"priority","seconds":10,"cpu_workers":3,"io_workers":1,"samples":253,"wake_p50_us":30036,"wake_p95_us":30088,"wake_p99_us":30244,"wake_max_us":30691,"dispatch_p50_us":29061,"dispatch_p99_us":29265,"resp_p50_us":40075,"resp_p95_us":40128,"resp_p99_us":40283,"cpu_jobs_per_s_x100":989804,"io_ops_per_s":22,"jain_x1000":999,"ctx_switches_per_s":188,"cpu_util_pct":99,"sched_overhead_ns_per_s":20274,"system_class":"CPU_BOUND","task_classes":"cpu:CPU_BOUND,cpu:CPU_BOUND,cpu:CPU_BOUND,io:INTERACTIVE,probe:INTERACTIVE"}
[sched ] policy -> low_latency
SCHEDBENCH {"name":"mixed-r5","policy":"low_latency","seconds":10,"cpu_workers":3,"io_workers":1,"samples":910,"wake_p50_us":979,"wake_p95_us":1035,"wake_p99_us":1106,"wake_max_us":2470,"dispatch_p50_us":7,"dispatch_p99_us":96,"resp_p50_us":11019,"resp_p95_us":11075,"resp_p99_us":11150,"cpu_jobs_per_s_x100":971100,"io_ops_per_s":510,"jain_x1000":999,"ctx_switches_per_s":1951,"cpu_util_pct":99,"sched_overhead_ns_per_s":96060,"system_class":"IO_BOUND","task_classes":"cpu:CPU_BOUND,cpu:CPU_BOUND,cpu:CPU_BOUND,io:IO_BOUND,probe:INTERACTIVE"}
[sched ] policy -> adaptive
SCHEDBENCH {"name":"mixed-r5","policy":"adaptive","seconds":10,"cpu_workers":3,"io_workers":1,"samples":902,"wake_p50_us":980,"wake_p95_us":1017,"wake_p99_us":1182,"wake_max_us":16021,"dispatch_p50_us":6,"dispatch_p99_us":54,"resp_p50_us":11019,"resp_p95_us":11059,"resp_p99_us":11220,"cpu_jobs_per_s_x100":968072,"io_ops_per_s":501,"jain_x1000":999,"ctx_switches_per_s":1763,"cpu_util_pct":99,"sched_overhead_ns_per_s":124805,"system_class":"IO_BOUND","task_classes":"cpu:CPU_BOUND,cpu:CPU_BOUND,cpu:CPU_BOUND,io:IO_BOUND,probe:INTERACTIVE"}
[sched ] policy -> round_robin
SCHEDBENCH {"name":"batch-r5","policy":"round_robin","seconds":10,"cpu_workers":4,"io_workers":0,"samples":203,"wake_p50_us":40055,"wake_p95_us":40225,"wake_p99_us":41048,"wake_max_us":43111,"dispatch_p50_us":39082,"dispatch_p99_us":40077,"resp_p50_us":50094,"resp_p95_us":50264,"resp_p99_us":51127,"cpu_jobs_per_s_x100":953499,"io_ops_per_s":0,"jain_x1000":999,"ctx_switches_per_s":144,"cpu_util_pct":99,"sched_overhead_ns_per_s":24737,"system_class":"CPU_BOUND","task_classes":"cpu:CPU_BOUND,cpu:CPU_BOUND,cpu:CPU_BOUND,cpu:CPU_BOUND,probe:INTERACTIVE"}
[sched ] policy -> priority
SCHEDBENCH {"name":"batch-r5","policy":"priority","seconds":10,"cpu_workers":4,"io_workers":0,"samples":202,"wake_p50_us":40056,"wake_p95_us":40096,"wake_p99_us":40153,"wake_max_us":41078,"dispatch_p50_us":39081,"dispatch_p99_us":39208,"resp_p50_us":50094,"resp_p95_us":50138,"resp_p99_us":50192,"cpu_jobs_per_s_x100":980409,"io_ops_per_s":0,"jain_x1000":999,"ctx_switches_per_s":144,"cpu_util_pct":99,"sched_overhead_ns_per_s":21119,"system_class":"CPU_BOUND","task_classes":"cpu:CPU_BOUND,cpu:CPU_BOUND,cpu:CPU_BOUND,cpu:CPU_BOUND,probe:INTERACTIVE"}
[sched ] policy -> low_latency
SCHEDBENCH {"name":"batch-r5","policy":"low_latency","seconds":10,"cpu_workers":4,"io_workers":0,"samples":911,"wake_p50_us":979,"wake_p95_us":1010,"wake_p99_us":1209,"wake_max_us":2118,"dispatch_p50_us":6,"dispatch_p99_us":32,"resp_p50_us":11019,"resp_p95_us":11055,"resp_p99_us":11249,"cpu_jobs_per_s_x100":980385,"io_ops_per_s":0,"jain_x1000":999,"ctx_switches_per_s":785,"cpu_util_pct":99,"sched_overhead_ns_per_s":62404,"system_class":"CPU_BOUND","task_classes":"cpu:CPU_BOUND,cpu:CPU_BOUND,cpu:CPU_BOUND,cpu:CPU_BOUND,probe:INTERACTIVE"}
[sched ] policy -> adaptive
SCHEDBENCH {"name":"batch-r5","policy":"adaptive","seconds":10,"cpu_workers":4,"io_workers":0,"samples":902,"wake_p50_us":979,"wake_p95_us":1015,"wake_p99_us":1246,"wake_max_us":20021,"dispatch_p50_us":7,"dispatch_p99_us":70,"resp_p50_us":11018,"resp_p95_us":11058,"resp_p99_us":11286,"cpu_jobs_per_s_x100":978564,"io_ops_per_s":0,"jain_x1000":999,"ctx_switches_per_s":315,"cpu_util_pct":99,"sched_overhead_ns_per_s":31713,"system_class":"CPU_BOUND","task_classes":"cpu:CPU_BOUND,cpu:CPU_BOUND,cpu:CPU_BOUND,cpu:CPU_BOUND,probe:INTERACTIVE"}
BENCH-END sched
init: benchmark suite finished (0)
FuhrerOS: syncing filesystems and powering off
POWEROFF
