
FuhrerOS: kernel entry reached (serial up)

================================
        FUHREROS KERNEL
================================

Architecture : x86_64
Bootloader   : Limine 11.4.1
Kernel       : FuhrerOS 0.1.0 (from-scratch)
Status       : BOOTED

[boot  ] bootloader: Limine 11.4.1 (BIOS firmware)
[boot  ] cmdline: 'bench=cache'
[boot  ] kernel: phys 0x000000007fd7e000 virt 0xffffffff80000000 size 836 KiB
[boot  ] hhdm offset: 0xffff800000000000, rsdp: 0x00000000000f5260
[boot  ] memory map (25 entries):
[boot  ]   0000000000001000-0000000000061000 bootloader     384 KiB
[boot  ]   0000000000061000-000000000009f000 usable         248 KiB
[boot  ]   000000000009fc00-00000000000a0000 reserved       1 KiB
[boot  ]   00000000000f0000-00000000000f5000 reserved       20 KiB
[boot  ]   00000000000f5000-00000000000f6000 reserved       4 KiB
[boot  ]   00000000000f6000-0000000000100000 reserved       40 KiB
[boot  ]   0000000000100000-000000007f8db000 usable         2088812 KiB
[boot  ]   000000007f8db000-000000007fd70000 kernel+modules 4692 KiB
[boot  ]   000000007fd70000-000000007fd71000 bootloader     4 KiB
[boot  ]   000000007fd71000-000000007fd74000 usable         12 KiB
[boot  ]   000000007fd74000-000000007fd7e000 bootloader     40 KiB
[boot  ]   000000007fd7e000-000000007fe4f000 kernel+modules 836 KiB
[boot  ]   000000007fe4f000-000000007ff38000 bootloader     932 KiB
[boot  ]   000000007ff38000-000000007ff55000 usable         116 KiB
[boot  ]   000000007ff55000-000000007ffdc000 bootloader     540 KiB
[boot  ]   000000007ffdc000-000000007ffe0000 reserved       16 KiB
[boot  ]   000000007ffe0000-000000007ffe3000 reserved       12 KiB
[boot  ]   000000007ffe3000-0000000080000000 reserved       116 KiB
[boot  ]   00000000b0000000-00000000c0000000 reserved       262144 KiB
[boot  ]   00000000fd000000-00000000fd3e8000 framebuffer    4000 KiB
[boot  ]   00000000fed1c000-00000000fed20000 reserved       16 KiB
[boot  ]   00000000feffc000-00000000ff000000 reserved       16 KiB
[boot  ]   00000000fffc0000-0000000100000000 reserved       256 KiB
[boot  ]   0000000100000000-0000000180000000 usable         2097152 KiB
[boot  ]   000000fd00000000-0000010000000000 reserved       12582912 KiB
[boot  ] usable memory: 4088 MiB
[boot  ] framebuffer: 1280x800 32bpp pitch 5120 at phys 0x00000000fd000000
[boot  ] module: /boot/initrd.tar (4802560 bytes) 'initrd'
[boot  ] cpu: AuthenticAMD / AMD Ryzen 5 7520U with Radeon Graphics         
[pmm   ] 1572864 frames tracked, 1046475 free (4087 MiB), bitmap 192 KiB at 0x0000000000100000
[vmm   ] kernel page tables active (pml4 0x0000000000130000, NX on)
[heap  ] slab classes 16..2048 B, large allocations from vmalloc
[pmm   ] reclaimed 1900 KiB of bootloader memory
[acpi  ] OEM 'BOCHS ', 4 CPU(s), LAPIC 0x00000000fee00000, 1 IOAPIC(s) (first 0x00000000fec00000 gsi 0), ECAM 0x00000000b0000000
[apic  ] local APIC id 0 enabled
[apic  ] I/O APIC with 24 inputs
[time  ] TSC 2793.582 MHz, LAPIC timer 62598 kHz (div 16)
[time  ] LAPIC periodic timer at 1000 Hz (vector 0x20)
[sched ] policy -> adaptive
[sched ] scheduler ready, policy adaptive, 4 policies available
[init  ] kinit running as task 2 under policy 'adaptive'
[ps2   ] keyboard ready, mouse ready (4-byte packets, wheel)
[proc  ] process subsystem ready (ELF64 loader, spawn/wait)
[syscall] syscall/sysret MSRs programmed, 64 syscall numbers
[pci   ] 00:00.0 8086:29c0 host bridge
[pci   ] 00:01.0 1234:1111 display
[pci   ] 00:02.0 1af4:1041 network
[vnet  ] eth0 MAC 52:54:00:12:34:56
[pci   ] 00:03.0 1af4:1042 storage
[blk   ] vda: 20480 MiB (41943040 sectors of 512 B)
[pci   ] 00:1f.0 8086:2918 ISA bridge
[pci   ] 00:1f.2 8086:2922 SATA controller
[pci   ] 00:1f.3 8086:2930 SMBus
[bcache] 2048 x 4 KiB buffers, policy adaptive
[net   ] sockets: TCP, UDP, ICMP echo
[tty   ] console tty on framebuffer + COM1 (serial input enabled)
[net   ] DHCP: 10.0.2.15/255.255.255.0 gw 10.0.2.2 dns 10.0.2.3
[ffs0  ] 'fuhreros' on vda: 5242880 blocks (5241345 free), 4096 inodes (4034 free), mount #1
[vfs   ] mounted vda (ffs0) on /
[tarfs ] initrd: 54 files, 4690 KiB
[vfs   ] mounted initrd (tarfs) on /initrd
[vfs   ] mounted - (devfs) on /dev
[vfs   ] mounted - (procfs) on /proc
[vfs   ] mounted - (ramfs) on /tmp
[vfs   ] root filesystem: FFS0 (virtio-blk vda)
[init  ] started /bin/init as pid 1 - kernel handing over to user space
[1;36mFuhrerOS init[0m (pid 1): user space is running outside kernel privilege
init: running benchmark suite /etc/bench/cache.sh
BENCH-BEGIN cache
iobench: creating 64 MiB test file...
IOBENCH {"policy":"adaptive","workload":"seq","file_mb":64,"cache_blocks":1024,"seconds":1,"reads":990,"mb_per_s_x100":386,"lat_mean_us":1009,"lat_p50_us":1000,"lat_p99_us":1401,"hit_rate_pm":665,"readahead_issued":0,"readahead_used":0,"evictions":995,"disk_reads":1156,"cache_cpu_us":1159,"io_class":"random"}
[bcache] policy -> lru
IOBENCH {"policy":"lru","workload":"seq","file_mb":64,"cache_blocks":1024,"seconds":6,"reads":5823,"mb_per_s_x100":379,"lat_mean_us":1027,"lat_p50_us":1000,"lat_p99_us":1999,"hit_rate_pm":737,"readahead_issued":0,"readahead_used":0,"evictions":5834,"disk_reads":7021,"cache_cpu_us":14229,"io_class":"unknown"}
[bcache] policy -> fifo
IOBENCH {"policy":"fifo","workload":"seq","file_mb":64,"cache_blocks":1024,"seconds":6,"reads":5907,"mb_per_s_x100":384,"lat_mean_us":1013,"lat_p50_us":1001,"lat_p99_us":1613,"hit_rate_pm":737,"readahead_issued":0,"readahead_used":0,"evictions":5932,"disk_reads":12986,"cache_cpu_us":13279,"io_class":"unknown"}
[bcache] policy -> clock
IOBENCH {"policy":"clock","workload":"seq","file_mb":64,"cache_blocks":1024,"seconds":6,"reads":5900,"mb_per_s_x100":384,"lat_mean_us":1015,"lat_p50_us":1001,"lat_p99_us":1624,"hit_rate_pm":738,"readahead_issued":0,"readahead_used":0,"evictions":5911,"disk_reads":18930,"cache_cpu_us":11290,"io_class":"unknown"}
[bcache] policy -> readahead
IOBENCH {"policy":"readahead","workload":"seq","file_mb":64,"cache_blocks":1024,"seconds":6,"reads":5960,"mb_per_s_x100":387,"lat_mean_us":1005,"lat_p50_us":1000,"lat_p99_us":1410,"hit_rate_pm":739,"readahead_issued":36,"readahead_used":29,"evictions":5978,"disk_reads":24941,"cache_cpu_us":9726,"io_class":"unknown"}
[bcache] policy -> adaptive
IOBENCH {"policy":"adaptive","workload":"seq","file_mb":64,"cache_blocks":1024,"seconds":6,"reads":5969,"mb_per_s_x100":388,"lat_mean_us":1004,"lat_p50_us":1000,"lat_p99_us":1241,"hit_rate_pm":738,"readahead_issued":12,"readahead_used":8,"evictions":5986,"disk_reads":31058,"cache_cpu_us":7443,"io_class":"random"}
[bcache] policy -> lru
IOBENCH {"policy":"lru","workload":"random","file_mb":64,"cache_blocks":1024,"seconds":6,"reads":6272,"mb_per_s_x100":408,"lat_mean_us":954,"lat_p50_us":998,"lat_p99_us":1867,"hit_rate_pm":761,"readahead_issued":0,"readahead_used":0,"evictions":5900,"disk_reads":36991,"cache_cpu_us":14629,"io_class":"unknown"}
[bcache] policy -> fifo
IOBENCH {"policy":"fifo","workload":"random","file_mb":64,"cache_blocks":1024,"seconds":6,"reads":6114,"mb_per_s_x100":397,"lat_mean_us":979,"lat_p50_us":999,"lat_p99_us":2038,"hit_rate_pm":755,"readahead_issued":0,"readahead_used":0,"evictions":5877,"disk_reads":42901,"cache_cpu_us":16308,"io_class":"unknown"}
[bcache] policy -> clock
IOBENCH {"policy":"clock","workload":"random","file_mb":64,"cache_blocks":1024,"seconds":6,"reads":6201,"mb_per_s_x100":403,"lat_mean_us":965,"lat_p50_us":999,"lat_p99_us":1804,"hit_rate_pm":758,"readahead_issued":0,"readahead_used":0,"evictions":5877,"disk_reads":48811,"cache_cpu_us":13479,"io_class":"unknown"}
[bcache] policy -> readahead
IOBENCH {"policy":"readahead","workload":"random","file_mb":64,"cache_blocks":1024,"seconds":6,"reads":6226,"mb_per_s_x100":405,"lat_mean_us":959,"lat_p50_us":998,"lat_p99_us":1952,"hit_rate_pm":760,"readahead_issued":1408,"readahead_used":0,"evictions":7277,"disk_reads":56121,"cache_cpu_us":49372,"io_class":"unknown"}
[bcache] policy -> adaptive
IOBENCH {"policy":"adaptive","workload":"random","file_mb":64,"cache_blocks":1024,"seconds":6,"reads":6317,"mb_per_s_x100":411,"lat_mean_us":948,"lat_p50_us":998,"lat_p99_us":1247,"hit_rate_pm":759,"readahead_issued":13,"readahead_used":1,"evictions":5984,"disk_reads":62230,"cache_cpu_us":11376,"io_class":"random"}
[bcache] policy -> lru
IOBENCH {"policy":"lru","workload":"hotset","file_mb":64,"cache_blocks":1024,"seconds":6,"reads":27363,"mb_per_s_x100":1781,"lat_mean_us":218,"lat_p50_us":1,"lat_p99_us":1102,"hit_rate_pm":931,"readahead_issued":0,"readahead_used":0,"evictions":5926,"disk_reads":68189,"cache_cpu_us":24975,"io_class":"unknown"}
[bcache] policy -> fifo
IOBENCH {"policy":"fifo","workload":"hotset","file_mb":64,"cache_blocks":1024,"seconds":6,"reads":17980,"mb_per_s_x100":1170,"lat_mean_us":333,"lat_p50_us":2,"lat_p99_us":1197,"hit_rate_pm":895,"readahead_issued":0,"readahead_used":0,"evictions":5932,"disk_reads":74154,"cache_cpu_us":16033,"io_class":"unknown"}
[bcache] policy -> clock
IOBENCH {"policy":"clock","workload":"hotset","file_mb":64,"cache_blocks":1024,"seconds":6,"reads":23066,"mb_per_s_x100":1501,"lat_mean_us":259,"lat_p50_us":2,"lat_p99_us":1131,"hit_rate_pm":919,"readahead_issued":0,"readahead_used":0,"evictions":5883,"disk_reads":80070,"cache_cpu_us":21657,"io_class":"unknown"}
[bcache] policy -> readahead
IOBENCH {"policy":"readahead","workload":"hotset","file_mb":64,"cache_blocks":1024,"seconds":6,"reads":24453,"mb_per_s_x100":1591,"lat_mean_us":241,"lat_p50_us":2,"lat_p99_us":1533,"hit_rate_pm":932,"readahead_issued":924,"readahead_used":3,"evictions":6177,"disk_reads":86280,"cache_cpu_us":78208,"io_class":"unknown"}
[bcache] policy -> adaptive
IOBENCH {"policy":"adaptive","workload":"hotset","file_mb":64,"cache_blocks":1024,"seconds":6,"reads":23165,"mb_per_s_x100":1507,"lat_mean_us":258,"lat_p50_us":1,"lat_p99_us":1133,"hit_rate_pm":920,"readahead_issued":0,"readahead_used":0,"evictions":5871,"disk_reads":92276,"cache_cpu_us":21183,"io_class":"random"}
[bcache] policy -> lru
IOBENCH {"policy":"lru","workload":"scan","file_mb":64,"cache_blocks":1024,"seconds":6,"reads":8497,"mb_per_s_x100":553,"lat_mean_us":702,"lat_p50_us":969,"lat_p99_us":2035,"hit_rate_pm":806,"readahead_issued":0,"readahead_used":0,"evictions":5631,"disk_reads":97940,"cache_cpu_us":19772,"io_class":"unknown"}
[bcache] policy -> fifo
IOBENCH {"policy":"fifo","workload":"scan","file_mb":64,"cache_blocks":1024,"seconds":6,"reads":8178,"mb_per_s_x100":532,"lat_mean_us":731,"lat_p50_us":978,"lat_p99_us":1400,"hit_rate_pm":788,"readahead_issued":0,"readahead_used":0,"evictions":5912,"disk_reads":103885,"cache_cpu_us":17142,"io_class":"unknown"}
[bcache] policy -> clock
IOBENCH {"policy":"clock","workload":"scan","file_mb":64,"cache_blocks":1024,"seconds":6,"reads":8646,"mb_per_s_x100":562,"lat_mean_us":692,"lat_p50_us":974,"lat_p99_us":1155,"hit_rate_pm":798,"readahead_issued":0,"readahead_used":0,"evictions":5983,"disk_reads":109901,"cache_cpu_us":14077,"io_class":"unknown"}
[bcache] policy -> readahead
IOBENCH {"policy":"readahead","workload":"scan","file_mb":64,"cache_blocks":1024,"seconds":6,"reads":8985,"mb_per_s_x100":584,"lat_mean_us":666,"lat_p50_us":972,"lat_p99_us":1169,"hit_rate_pm":807,"readahead_issued":969,"readahead_used":14,"evictions":6913,"disk_reads":116847,"cache_cpu_us":35261,"io_class":"unknown"}
[bcache] policy -> adaptive
IOBENCH {"policy":"adaptive","workload":"scan","file_mb":64,"cache_blocks":1024,"seconds":6,"reads":8642,"mb_per_s_x100":562,"lat_mean_us":693,"lat_p50_us":978,"lat_p99_us":1155,"hit_rate_pm":798,"readahead_issued":0,"readahead_used":0,"evictions":5971,"disk_reads":122944,"cache_cpu_us":11202,"io_class":"random"}
[bcache] policy -> adaptive
IOBENCH {"policy":"adaptive","workload":"seq","file_mb":64,"cache_blocks":1024,"seconds":6,"reads":5919,"mb_per_s_x100":385,"lat_mean_us":1011,"lat_p50_us":1000,"lat_p99_us":1258,"hit_rate_pm":738,"readahead_issued":12,"readahead_used":8,"evictions":5936,"disk_reads":128913,"cache_cpu_us":12151,"io_class":"random"}
[bcache] policy -> readahead
IOBENCH {"policy":"readahead","workload":"seq","file_mb":64,"cache_blocks":1024,"seconds":6,"reads":5967,"mb_per_s_x100":388,"lat_mean_us":1004,"lat_p50_us":1000,"lat_p99_us":1387,"hit_rate_pm":739,"readahead_issued":36,"readahead_used":29,"evictions":5985,"disk_reads":134931,"cache_cpu_us":11227,"io_class":"unknown"}
[bcache] policy -> clock
IOBENCH {"policy":"clock","workload":"seq","file_mb":64,"cache_blocks":1024,"seconds":6,"reads":5918,"mb_per_s_x100":385,"lat_mean_us":1012,"lat_p50_us":1000,"lat_p99_us":1350,"hit_rate_pm":738,"readahead_issued":0,"readahead_used":0,"evictions":5929,"disk_reads":140985,"cache_cpu_us":8177,"io_class":"unknown"}
[bcache] policy -> fifo
IOBENCH {"policy":"fifo","workload":"seq","file_mb":64,"cache_blocks":1024,"seconds":6,"reads":5879,"mb_per_s_x100":382,"lat_mean_us":1016,"lat_p50_us":1000,"lat_p99_us":1889,"hit_rate_pm":737,"readahead_issued":0,"readahead_used":0,"evictions":5904,"disk_reads":146922,"cache_cpu_us":15144,"io_class":"unknown"}
[bcache] policy -> lru
IOBENCH {"policy":"lru","workload":"seq","file_mb":64,"cache_blocks":1024,"seconds":6,"reads":5960,"mb_per_s_x100":388,"lat_mean_us":1005,"lat_p50_us":1000,"lat_p99_us":1195,"hit_rate_pm":738,"readahead_issued":0,"readahead_used":0,"evictions":5971,"disk_reads":152926,"cache_cpu_us":7404,"io_class":"unknown"}
[bcache] policy -> adaptive
IOBENCH {"policy":"adaptive","workload":"random","file_mb":64,"cache_blocks":1024,"seconds":6,"reads":6274,"mb_per_s_x100":408,"lat_mean_us":955,"lat_p50_us":999,"lat_p99_us":1500,"hit_rate_pm":759,"readahead_issued":8,"readahead_used":0,"evictions":5948,"disk_reads":158907,"cache_cpu_us":10409,"io_class":"random"}
[bcache] policy -> readahead
IOBENCH {"policy":"readahead","workload":"random","file_mb":64,"cache_blocks":1024,"seconds":6,"reads":6314,"mb_per_s_x100":411,"lat_mean_us":949,"lat_p50_us":998,"lat_p99_us":1255,"hit_rate_pm":760,"readahead_issued":1331,"readahead_used":1,"evictions":7284,"disk_reads":166224,"cache_cpu_us":33391,"io_class":"unknown"}
[bcache] policy -> clock
IOBENCH {"policy":"clock","workload":"random","file_mb":64,"cache_blocks":1024,"seconds":6,"reads":6311,"mb_per_s_x100":410,"lat_mean_us":949,"lat_p50_us":998,"lat_p99_us":1306,"hit_rate_pm":760,"readahead_issued":0,"readahead_used":0,"evictions":5967,"disk_reads":172342,"cache_cpu_us":11017,"io_class":"unknown"}
[bcache] policy -> fifo
IOBENCH {"policy":"fifo","workload":"random","file_mb":64,"cache_blocks":1024,"seconds":6,"reads":6188,"mb_per_s_x100":402,"lat_mean_us":968,"lat_p50_us":999,"lat_p99_us":2001,"hit_rate_pm":755,"readahead_issued":0,"readahead_used":0,"evictions":5956,"disk_reads":178331,"cache_cpu_us":12183,"io_class":"unknown"}
[bcache] policy -> lru
IOBENCH {"policy":"lru","workload":"random","file_mb":64,"cache_blocks":1024,"seconds":6,"reads":6242,"mb_per_s_x100":406,"lat_mean_us":959,"lat_p50_us":999,"lat_p99_us":1260,"hit_rate_pm":757,"readahead_issued":0,"readahead_used":0,"evictions":5960,"disk_reads":184324,"cache_cpu_us":12711,"io_class":"unknown"}
[bcache] policy -> adaptive
IOBENCH {"policy":"adaptive","workload":"hotset","file_mb":64,"cache_blocks":1024,"seconds":6,"reads":24357,"mb_per_s_x100":1585,"lat_mean_us":244,"lat_p50_us":1,"lat_p99_us":1122,"hit_rate_pm":923,"readahead_issued":4,"readahead_used":0,"evictions":5880,"disk_reads":190237,"cache_cpu_us":24212,"io_class":"random"}
[bcache] policy -> readahead
IOBENCH {"policy":"readahead","workload":"hotset","file_mb":64,"cache_blocks":1024,"seconds":6,"reads":26488,"mb_per_s_x100":1724,"lat_mean_us":225,"lat_p50_us":1,"lat_p99_us":1092,"hit_rate_pm":929,"readahead_issued":1101,"readahead_used":1,"evictions":7014,"disk_reads":197284,"cache_cpu_us":42745,"io_class":"unknown"}
[bcache] policy -> clock
IOBENCH {"policy":"clock","workload":"hotset","file_mb":64,"cache_blocks":1024,"seconds":6,"reads":23293,"mb_per_s_x100":1516,"lat_mean_us":257,"lat_p50_us":1,"lat_p99_us":1108,"hit_rate_pm":919,"readahead_issued":0,"readahead_used":0,"evictions":5923,"disk_reads":203332,"cache_cpu_us":17771,"io_class":"unknown"}
[bcache] policy -> fifo
IOBENCH {"policy":"fifo","workload":"hotset","file_mb":64,"cache_blocks":1024,"seconds":6,"reads":17795,"mb_per_s_x100":1158,"lat_mean_us":336,"lat_p50_us":2,"lat_p99_us":1143,"hit_rate_pm":894,"readahead_issued":0,"readahead_used":0,"evictions":5942,"disk_reads":209307,"cache_cpu_us":14677,"io_class":"unknown"}
[bcache] policy -> lru
IOBENCH {"policy":"lru","workload":"hotset","file_mb":64,"cache_blocks":1024,"seconds":6,"reads":27137,"mb_per_s_x100":1766,"lat_mean_us":220,"lat_p50_us":1,"lat_p99_us":1076,"hit_rate_pm":930,"readahead_issued":0,"readahead_used":0,"evictions":5958,"disk_reads":215298,"cache_cpu_us":20889,"io_class":"unknown"}
[bcache] policy -> adaptive
IOBENCH {"policy":"adaptive","workload":"scan","file_mb":64,"cache_blocks":1024,"seconds":6,"reads":8560,"mb_per_s_x100":557,"lat_mean_us":698,"lat_p50_us":981,"lat_p99_us":1196,"hit_rate_pm":797,"readahead_issued":0,"readahead_used":0,"evictions":5934,"disk_reads":221265,"cache_cpu_us":12792,"io_class":"random"}
[bcache] policy -> readahead
IOBENCH {"policy":"readahead","workload":"scan","file_mb":64,"cache_blocks":1024,"seconds":6,"reads":9071,"mb_per_s_x100":590,"lat_mean_us":660,"lat_p50_us":973,"lat_p99_us":1137,"hit_rate_pm":807,"readahead_issued":969,"readahead_used":18,"evictions":6949,"disk_reads":228247,"cache_cpu_us":30227,"io_class":"unknown"}
[bcache] policy -> clock
IOBENCH {"policy":"clock","workload":"scan","file_mb":64,"cache_blocks":1024,"seconds":6,"reads":8646,"mb_per_s_x100":562,"lat_mean_us":693,"lat_p50_us":980,"lat_p99_us":1164,"hit_rate_pm":798,"readahead_issued":0,"readahead_used":0,"evictions":5975,"disk_reads":234357,"cache_cpu_us":10708,"io_class":"unknown"}
[bcache] policy -> fifo
IOBENCH {"policy":"fifo","workload":"scan","file_mb":64,"cache_blocks":1024,"seconds":6,"reads":8277,"mb_per_s_x100":538,"lat_mean_us":724,"lat_p50_us":982,"lat_p99_us":1142,"hit_rate_pm":789,"readahead_issued":0,"readahead_used":0,"evictions":5977,"disk_reads":240367,"cache_cpu_us":10726,"io_class":"unknown"}
[bcache] policy -> lru
IOBENCH {"policy":"lru","workload":"scan","file_mb":64,"cache_blocks":1024,"seconds":6,"reads":9015,"mb_per_s_x100":586,"lat_mean_us":664,"lat_p50_us":973,"lat_p99_us":1227,"hit_rate_pm":807,"readahead_issued":0,"readahead_used":0,"evictions":5957,"disk_reads":246357,"cache_cpu_us":11369,"io_class":"unknown"}
[bcache] policy -> adaptive
policy: adaptive
io_class: unknown
capacity_blocks: 1024
blocks: 1024
hits: 25122
misses: 5987
hit_rate_pm: 807
readahead_issued: 0
readahead_used: 0
evictions: 5987
writebacks: 0
memory_kb: 4096
adapt_changes: 13
cpu_ns: 11416171
BENCH-END cache
init: benchmark suite finished (0)
FuhrerOS: syncing filesystems and powering off
POWEROFF
