
FuhrerOS: kernel entry reached (serial up)

================================
        FUHREROS KERNEL
================================

Architecture : x86_64
Bootloader   : Limine 11.4.1
Kernel       : FuhrerOS 0.1.0 (from-scratch)
Status       : BOOTED

[boot  ] bootloader: Limine 11.4.1 (BIOS firmware)
[boot  ] cmdline: 'bench=sched'
[boot  ] kernel: phys 0x000000007fd7e000 virt 0xffffffff80000000 size 836 KiB
[boot  ] hhdm offset: 0xffff800000000000, rsdp: 0x00000000000f5260
[boot  ] memory map (25 entries):
[boot  ]   0000000000001000-0000000000061000 bootloader     384 KiB
[boot  ]   0000000000061000-000000000009f000 usable         248 KiB
[boot  ]   000000000009fc00-00000000000a0000 reserved       1 KiB
[boot  ]   00000000000f0000-00000000000f5000 reserved       20 KiB
[boot  ]   00000000000f5000-00000000000f6000 reserved       4 KiB
[boot  ]   00000000000f6000-0000000000100000 reserved       40 KiB
[boot  ]   0000000000100000-000000007f8db000 usable         2088812 KiB
[boot  ]   000000007f8db000-000000007fd70000 kernel+modules 4692 KiB
[boot  ]   000000007fd70000-000000007fd71000 bootloader     4 KiB
[boot  ]   000000007fd71000-000000007fd74000 usable         12 KiB
[boot  ]   000000007fd74000-000000007fd7e000 bootloader     40 KiB
[boot  ]   000000007fd7e000-000000007fe4f000 kernel+modules 836 KiB
[boot  ]   000000007fe4f000-000000007ff38000 bootloader     932 KiB
[boot  ]   000000007ff38000-000000007ff55000 usable         116 KiB
[boot  ]   000000007ff55000-000000007ffdc000 bootloader     540 KiB
[boot  ]   000000007ffdc000-000000007ffe0000 reserved       16 KiB
[boot  ]   000000007ffe0000-000000007ffe3000 reserved       12 KiB
[boot  ]   000000007ffe3000-0000000080000000 reserved       116 KiB
[boot  ]   00000000b0000000-00000000c0000000 reserved       262144 KiB
[boot  ]   00000000fd000000-00000000fd3e8000 framebuffer    4000 KiB
[boot  ]   00000000fed1c000-00000000fed20000 reserved       16 KiB
[boot  ]   00000000feffc000-00000000ff000000 reserved       16 KiB
[boot  ]   00000000fffc0000-0000000100000000 reserved       256 KiB
[boot  ]   0000000100000000-0000000180000000 usable         2097152 KiB
[boot  ]   000000fd00000000-0000010000000000 reserved       12582912 KiB
[boot  ] usable memory: 4088 MiB
[boot  ] framebuffer: 1280x800 32bpp pitch 5120 at phys 0x00000000fd000000
[boot  ] module: /boot/initrd.tar (4802560 bytes) 'initrd'
[boot  ] cpu: AuthenticAMD / AMD Ryzen 5 7520U with Radeon Graphics         
[pmm   ] 1572864 frames tracked, 1046475 free (4087 MiB), bitmap 192 KiB at 0x0000000000100000
[vmm   ] kernel page tables active (pml4 0x0000000000130000, NX on)
[heap  ] slab classes 16..2048 B, large allocations from vmalloc
[pmm   ] reclaimed 1900 KiB of bootloader memory
[acpi  ] OEM 'BOCHS ', 4 CPU(s), LAPIC 0x00000000fee00000, 1 IOAPIC(s) (first 0x00000000fec00000 gsi 0), ECAM 0x00000000b0000000
[apic  ] local APIC id 0 enabled
[apic  ] I/O APIC with 24 inputs
[time  ] TSC 2792.221 MHz, LAPIC timer 62624 kHz (div 16)
[time  ] LAPIC periodic timer at 1000 Hz (vector 0x20)
[sched ] policy -> adaptive
[sched ] scheduler ready, policy adaptive, 4 policies available
[init  ] kinit running as task 2 under policy 'adaptive'
[ps2   ] keyboard ready, mouse ready (4-byte packets, wheel)
[proc  ] process subsystem ready (ELF64 loader, spawn/wait)
[syscall] syscall/sysret MSRs programmed, 64 syscall numbers
[pci   ] 00:00.0 8086:29c0 host bridge
[pci   ] 00:01.0 1234:1111 display
[pci   ] 00:02.0 1af4:1041 network
[vnet  ] eth0 MAC 52:54:00:12:34:56
[pci   ] 00:03.0 1af4:1042 storage
[blk   ] vda: 20480 MiB (41943040 sectors of 512 B)
[pci   ] 00:1f.0 8086:2918 ISA bridge
[pci   ] 00:1f.2 8086:2922 SATA controller
[pci   ] 00:1f.3 8086:2930 SMBus
[bcache] 2048 x 4 KiB buffers, policy adaptive
[net   ] sockets: TCP, UDP, ICMP echo
[tty   ] console tty on framebuffer + COM1 (serial input enabled)
[net   ] DHCP: 10.0.2.15/255.255.255.0 gw 10.0.2.2 dns 10.0.2.3
[ffs0  ] 'fuhreros' on vda: 5242880 blocks (5241345 free), 4096 inodes (4034 free), mount #1
[vfs   ] mounted vda (ffs0) on /
[tarfs ] initrd: 54 files, 4690 KiB
[vfs   ] mounted initrd (tarfs) on /initrd
[vfs   ] mounted - (devfs) on /dev
[vfs   ] mounted - (procfs) on /proc
[vfs   ] mounted - (ramfs) on /tmp
[vfs   ] root filesystem: FFS0 (virtio-blk vda)
[init  ] started /bin/init as pid 1 - kernel handing over to user space
[1;36mFuhrerOS init[0m (pid 1): user space is running outside kernel privilege
init: running benchmark suite /etc/bench/sched.sh
BENCH-BEGIN sched
[sched ] policy -> round_robin
SCHEDBENCH {"name":"mixed-r1","policy":"round_robin","seconds":10,"cpu_workers":3,"io_workers":1,"samples":253,"wake_p50_us":30040,"wake_p95_us":31704,"wake_p99_us":39094,"wake_max_us":53036,"resp_p50_us":40111,"resp_p95_us":42156,"resp_p99_us":49195,"cpu_jobs_per_s_x100":457036,"io_ops_per_s":20,"jain_x1000":999,"ctx_switches_per_s":185,"cpu_util_pct":99,"sched_overhead_ns_per_s":196197,"system_class":"IDLE"}
[sched ] policy -> priority
SCHEDBENCH {"name":"mixed-r1","policy":"priority","seconds":10,"cpu_workers":3,"io_workers":1,"samples":253,"wake_p50_us":30026,"wake_p95_us":32015,"wake_p99_us":33852,"wake_max_us":47282,"resp_p50_us":40098,"resp_p95_us":42107,"resp_p99_us":43920,"cpu_jobs_per_s_x100":468540,"io_ops_per_s":21,"jain_x1000":999,"ctx_switches_per_s":186,"cpu_util_pct":99,"sched_overhead_ns_per_s":69922,"system_class":"IDLE"}
[sched ] policy -> low_latency
SCHEDBENCH {"name":"mixed-r1","policy":"low_latency","seconds":10,"cpu_workers":3,"io_workers":1,"samples":884,"wake_p50_us":949,"wake_p95_us":1595,"wake_p99_us":8092,"wake_max_us":12977,"resp_p50_us":11021,"resp_p95_us":12066,"resp_p99_us":21300,"cpu_jobs_per_s_x100":427011,"io_ops_per_s":461,"jain_x1000":999,"ctx_switches_per_s":1802,"cpu_util_pct":99,"sched_overhead_ns_per_s":294239,"system_class":"IDLE"}
[sched ] policy -> adaptive
SCHEDBENCH {"name":"mixed-r1","policy":"adaptive","seconds":10,"cpu_workers":3,"io_workers":1,"samples":898,"wake_p50_us":953,"wake_p95_us":1088,"wake_p99_us":3777,"wake_max_us":16988,"resp_p50_us":11024,"resp_p95_us":11196,"resp_p99_us":15286,"cpu_jobs_per_s_x100":462151,"io_ops_per_s":488,"jain_x1000":999,"ctx_switches_per_s":1728,"cpu_util_pct":99,"sched_overhead_ns_per_s":943243,"system_class":"IDLE"}
[sched ] policy -> round_robin
SCHEDBENCH {"name":"batch-r1","policy":"round_robin","seconds":10,"cpu_workers":4,"io_workers":0,"samples":201,"wake_p50_us":40059,"wake_p95_us":43053,"wake_p99_us":56122,"wake_max_us":68121,"resp_p50_us":50131,"resp_p95_us":53129,"resp_p99_us":66195,"cpu_jobs_per_s_x100":476086,"io_ops_per_s":0,"jain_x1000":999,"ctx_switches_per_s":143,"cpu_util_pct":99,"sched_overhead_ns_per_s":116449,"system_class":"IDLE"}
[sched ] policy -> priority
SCHEDBENCH {"name":"batch-r1","policy":"priority","seconds":10,"cpu_workers":4,"io_workers":0,"samples":202,"wake_p50_us":40060,"wake_p95_us":43253,"wake_p99_us":47763,"wake_max_us":63103,"resp_p50_us":50133,"resp_p95_us":53330,"resp_p99_us":57837,"cpu_jobs_per_s_x100":442792,"io_ops_per_s":0,"jain_x1000":999,"ctx_switches_per_s":142,"cpu_util_pct":99,"sched_overhead_ns_per_s":103485,"system_class":"IDLE"}
[sched ] policy -> low_latency
SCHEDBENCH {"name":"batch-r1","policy":"low_latency","seconds":10,"cpu_workers":4,"io_workers":0,"samples":906,"wake_p50_us":951,"wake_p95_us":1151,"wake_p99_us":2383,"wake_max_us":12989,"resp_p50_us":11022,"resp_p95_us":11223,"resp_p99_us":12584,"cpu_jobs_per_s_x100":478958,"io_ops_per_s":0,"jain_x1000":999,"ctx_switches_per_s":768,"cpu_util_pct":99,"sched_overhead_ns_per_s":190206,"system_class":"IDLE"}
[sched ] policy -> adaptive
SCHEDBENCH {"name":"batch-r1","policy":"adaptive","seconds":10,"cpu_workers":4,"io_workers":0,"samples":900,"wake_p50_us":949,"wake_p95_us":1089,"wake_p99_us":5742,"wake_max_us":20984,"resp_p50_us":11021,"resp_p95_us":11205,"resp_p99_us":15815,"cpu_jobs_per_s_x100":475883,"io_ops_per_s":0,"jain_x1000":999,"ctx_switches_per_s":313,"cpu_util_pct":99,"sched_overhead_ns_per_s":65077,"system_class":"IDLE"}
[sched ] policy -> priority
SCHEDBENCH {"name":"mixed-r2","policy":"priority","seconds":10,"cpu_workers":3,"io_workers":1,"samples":105,"wake_p50_us":42005,"wake_p95_us":335126,"wake_p99_us":856311,"wake_max_us":1483939,"resp_p50_us":52104,"resp_p95_us":345168,"resp_p99_us":866357,"cpu_jobs_per_s_x100":146975,"io_ops_per_s":5,"jain_x1000":999,"ctx_switches_per_s":58,"cpu_util_pct":98,"sched_overhead_ns_per_s":92213,"system_class":"IDLE"}
[sched ] policy -> low_latency
SCHEDBENCH {"name":"mixed-r2","policy":"low_latency","seconds":10,"cpu_workers":3,"io_workers":1,"samples":902,"wake_p50_us":962,"wake_p95_us":1427,"wake_p99_us":5794,"wake_max_us":12111,"resp_p50_us":11003,"resp_p95_us":11577,"resp_p99_us":16097,"cpu_jobs_per_s_x100":770449,"io_ops_per_s":453,"jain_x1000":999,"ctx_switches_per_s":1794,"cpu_util_pct":99,"sched_overhead_ns_per_s":665548,"system_class":"IDLE"}
[sched ] policy -> adaptive
SCHEDBENCH {"name":"mixed-r2","policy":"adaptive","seconds":10,"cpu_workers":3,"io_workers":1,"samples":892,"wake_p50_us":964,"wake_p95_us":2861,"wake_p99_us":10402,"wake_max_us":14039,"resp_p50_us":11005,"resp_p95_us":12968,"resp_p99_us":20592,"cpu_jobs_per_s_x100":730901,"io_ops_per_s":446,"jain_x1000":999,"ctx_switches_per_s":1595,"cpu_util_pct":99,"sched_overhead_ns_per_s":826326,"system_class":"IDLE"}
[sched ] policy -> round_robin
SCHEDBENCH {"name":"mixed-r2","policy":"round_robin","seconds":10,"cpu_workers":3,"io_workers":1,"samples":258,"wake_p50_us":30001,"wake_p95_us":32869,"wake_p99_us":55092,"wake_max_us":67198,"resp_p50_us":40041,"resp_p95_us":42909,"resp_p99_us":65132,"cpu_jobs_per_s_x100":837465,"io_ops_per_s":21,"jain_x1000":999,"ctx_switches_per_s":187,"cpu_util_pct":99,"sched_overhead_ns_per_s":58153,"system_class":"IDLE"}
[sched ] policy -> priority
SCHEDBENCH {"name":"batch-r2","policy":"priority","seconds":10,"cpu_workers":4,"io_workers":0,"samples":181,"wake_p50_us":40101,"wake_p95_us":79771,"wake_p99_us":84519,"wake_max_us":98390,"resp_p50_us":50140,"resp_p95_us":89837,"resp_p99_us":94560,"cpu_jobs_per_s_x100":665375,"io_ops_per_s":0,"jain_x1000":999,"ctx_switches_per_s":124,"cpu_util_pct":99,"sched_overhead_ns_per_s":68015,"system_class":"IDLE"}
[sched ] policy -> low_latency
SCHEDBENCH {"name":"batch-r2","policy":"low_latency","seconds":10,"cpu_workers":4,"io_workers":0,"samples":916,"wake_p50_us":966,"wake_p95_us":1047,"wake_p99_us":2191,"wake_max_us":10006,"resp_p50_us":11005,"resp_p95_us":11092,"resp_p99_us":14482,"cpu_jobs_per_s_x100":886064,"io_ops_per_s":0,"jain_x1000":999,"ctx_switches_per_s":773,"cpu_util_pct":99,"sched_overhead_ns_per_s":226598,"system_class":"IDLE"}
[sched ] policy -> adaptive
SCHEDBENCH {"name":"batch-r2","policy":"adaptive","seconds":10,"cpu_workers":4,"io_workers":0,"samples":838,"wake_p50_us":950,"wake_p95_us":6069,"wake_p99_us":9845,"wake_max_us":21115,"resp_p50_us":10998,"resp_p95_us":16131,"resp_p99_us":20099,"cpu_jobs_per_s_x100":586265,"io_ops_per_s":0,"jain_x1000":998,"ctx_switches_per_s":292,"cpu_util_pct":99,"sched_overhead_ns_per_s":391735,"system_class":"IDLE"}
[sched ] policy -> round_robin
SCHEDBENCH {"name":"batch-r2","policy":"round_robin","seconds":10,"cpu_workers":4,"io_workers":0,"samples":204,"wake_p50_us":40084,"wake_p95_us":40344,"wake_p99_us":42979,"wake_max_us":53156,"resp_p50_us":50123,"resp_p95_us":50405,"resp_p99_us":53019,"cpu_jobs_per_s_x100":918448,"io_ops_per_s":0,"jain_x1000":999,"ctx_switches_per_s":144,"cpu_util_pct":99,"sched_overhead_ns_per_s":75143,"system_class":"IDLE"}
[sched ] policy -> low_latency
SCHEDBENCH {"name":"mixed-r3","policy":"low_latency","seconds":10,"cpu_workers":3,"io_workers":1,"samples":911,"wake_p50_us":983,"wake_p95_us":1068,"wake_p99_us":1191,"wake_max_us":10384,"resp_p50_us":11021,"resp_p95_us":11117,"resp_p99_us":11273,"cpu_jobs_per_s_x100":924976,"io_ops_per_s":501,"jain_x1000":999,"ctx_switches_per_s":1929,"cpu_util_pct":99,"sched_overhead_ns_per_s":400091,"system_class":"IDLE"}
[sched ] policy -> adaptive
SCHEDBENCH {"name":"mixed-r3","policy":"adaptive","seconds":10,"cpu_workers":3,"io_workers":1,"samples":906,"wake_p50_us":983,"wake_p95_us":1044,"wake_p99_us":1329,"wake_max_us":13541,"resp_p50_us":11022,"resp_p95_us":11090,"resp_p99_us":14615,"cpu_jobs_per_s_x100":919391,"io_ops_per_s":505,"jain_x1000":999,"ctx_switches_per_s":1773,"cpu_util_pct":99,"sched_overhead_ns_per_s":175207,"system_class":"IDLE"}
[sched ] policy -> round_robin
SCHEDBENCH {"name":"mixed-r3","policy":"round_robin","seconds":10,"cpu_workers":3,"io_workers":1,"samples":252,"wake_p50_us":30062,"wake_p95_us":35153,"wake_p99_us":48839,"wake_max_us":58226,"resp_p50_us":40101,"resp_p95_us":45193,"resp_p99_us":60600,"cpu_jobs_per_s_x100":888418,"io_ops_per_s":21,"jain_x1000":999,"ctx_switches_per_s":183,"cpu_util_pct":99,"sched_overhead_ns_per_s":54347,"system_class":"IDLE"}
[sched ] policy -> priority
SCHEDBENCH {"name":"mixed-r3","policy":"priority","seconds":10,"cpu_workers":3,"io_workers":1,"samples":252,"wake_p50_us":30063,"wake_p95_us":33061,"wake_p99_us":41188,"wake_max_us":58143,"resp_p50_us":40102,"resp_p95_us":43101,"resp_p99_us":51227,"cpu_jobs_per_s_x100":889580,"io_ops_per_s":21,"jain_x1000":999,"ctx_switches_per_s":184,"cpu_util_pct":99,"sched_overhead_ns_per_s":62436,"system_class":"IDLE"}
[sched ] policy -> low_latency
SCHEDBENCH {"name":"batch-r3","policy":"low_latency","seconds":10,"cpu_workers":4,"io_workers":0,"samples":911,"wake_p50_us":983,"wake_p95_us":1057,"wake_p99_us":4454,"wake_max_us":8510,"resp_p50_us":11022,"resp_p95_us":11109,"resp_p99_us":14526,"cpu_jobs_per_s_x100":929415,"io_ops_per_s":0,"jain_x1000":999,"ctx_switches_per_s":775,"cpu_util_pct":99,"sched_overhead_ns_per_s":298382,"system_class":"IDLE"}
[sched ] policy -> adaptive
SCHEDBENCH {"name":"batch-r3","policy":"adaptive","seconds":10,"cpu_workers":4,"io_workers":0,"samples":904,"wake_p50_us":982,"wake_p95_us":1047,"wake_p99_us":1816,"wake_max_us":21053,"resp_p50_us":11022,"resp_p95_us":11105,"resp_p99_us":11866,"cpu_jobs_per_s_x100":914661,"io_ops_per_s":0,"jain_x1000":999,"ctx_switches_per_s":314,"cpu_util_pct":99,"sched_overhead_ns_per_s":115760,"system_class":"IDLE"}
[sched ] policy -> round_robin
SCHEDBENCH {"name":"batch-r3","policy":"round_robin","seconds":10,"cpu_workers":4,"io_workers":0,"samples":203,"wake_p50_us":40087,"wake_p95_us":40156,"wake_p99_us":41178,"wake_max_us":53002,"resp_p50_us":50127,"resp_p95_us":50203,"resp_p99_us":51217,"cpu_jobs_per_s_x100":959907,"io_ops_per_s":0,"jain_x1000":999,"ctx_switches_per_s":144,"cpu_util_pct":99,"sched_overhead_ns_per_s":27231,"system_class":"IDLE"}
[sched ] policy -> priority
SCHEDBENCH {"name":"batch-r3","policy":"priority","seconds":10,"cpu_workers":4,"io_workers":0,"samples":202,"wake_p50_us":40092,"wake_p95_us":40195,"wake_p99_us":40885,"wake_max_us":63073,"resp_p50_us":50131,"resp_p95_us":50296,"resp_p99_us":50925,"cpu_jobs_per_s_x100":942729,"io_ops_per_s":0,"jain_x1000":999,"ctx_switches_per_s":144,"cpu_util_pct":99,"sched_overhead_ns_per_s":29194,"system_class":"IDLE"}
BENCH-END sched
init: benchmark suite finished (0)
FuhrerOS: syncing filesystems and powering off
POWEROFF
