preparing 5889 MiB data file
  [B0 rep1] storage rand-read bs=4096 depth=32 backend=normal: 569 IOPS, 2.33 MB/s
  [B0 rep1] storage seq-read bs=1048576 depth=4 backend=normal: 45 IOPS, 46.67 MB/s
  [B0 rep1] storage rand-write bs=4096 depth=32 backend=normal: 6735 IOPS, 27.58 MB/s
  [B0 rep1] storage seq-write bs=1048576 depth=4 backend=normal: 47 IOPS, 49.17 MB/s
  [B0 rep1] cpu threads=4: median 1938.6 Mops/s (p5..max spread stdev 111.02)
  [B0 rep2] storage rand-read bs=4096 depth=32 backend=normal: 1063 IOPS, 4.35 MB/s
  [B0 rep2] storage seq-read bs=1048576 depth=4 backend=normal: 35 IOPS, 36.71 MB/s
  [B0 rep2] storage rand-write bs=4096 depth=32 backend=normal: 8672 IOPS, 35.52 MB/s
  [B0 rep2] storage seq-write bs=1048576 depth=4 backend=normal: 81 IOPS, 84.46 MB/s
  [B0 rep2] cpu threads=4: median 1965.9 Mops/s (p5..max spread stdev 110.13)
  [B0 rep3] storage rand-read bs=4096 depth=32 backend=normal: 903 IOPS, 3.70 MB/s
  [B0 rep3] storage seq-read bs=1048576 depth=4 backend=normal: 86 IOPS, 89.80 MB/s
  [B0 rep3] storage rand-write bs=4096 depth=32 backend=normal: 10161 IOPS, 41.62 MB/s
  [B0 rep3] storage seq-write bs=1048576 depth=4 backend=normal: 63 IOPS, 65.74 MB/s
  [B0 rep3] cpu threads=4: median 1986.7 Mops/s (p5..max spread stdev 121.36)
  [lib-batched rep1] storage rand-read bs=4096 depth=32 backend=batched: 10547 IOPS, 43.20 MB/s
  [lib-batched rep1] storage seq-read bs=1048576 depth=4 backend=batched: 79 IOPS, 83.24 MB/s
  [lib-batched rep1] storage rand-write bs=4096 depth=32 backend=batched: 8869 IOPS, 36.33 MB/s
  [lib-batched rep1] storage seq-write bs=1048576 depth=4 backend=batched: 67 IOPS, 70.13 MB/s
  [lib-batched rep1] cpu threads=4: median 1741.8 Mops/s (p5..max spread stdev 303.53)
  [adaptive rep1] storage rand-read bs=4096 depth=32 backend=auto: 11792 IOPS, 48.30 MB/s
  [adaptive rep1] storage seq-read bs=1048576 depth=4 backend=auto: 767 IOPS, 804.41 MB/s
  [adaptive rep1] storage rand-write bs=4096 depth=32 backend=auto: 12718 IOPS, 52.09 MB/s
  [adaptive rep1] storage seq-write bs=1048576 depth=4 backend=auto: 815 IOPS, 854.22 MB/s
  [adaptive rep1] cpu threads=4: median 1949.3 Mops/s (p5..max spread stdev 118.86)
  [lib-specialized rep1] storage rand-read bs=4096 depth=32 backend=specialized: 12028 IOPS, 49.27 MB/s
  [lib-specialized rep1] storage seq-read bs=1048576 depth=4 backend=specialized: 927 IOPS, 972.33 MB/s
  [lib-specialized rep1] storage rand-write bs=4096 depth=32 backend=specialized: 11418 IOPS, 46.77 MB/s
  [lib-specialized rep1] storage seq-write bs=1048576 depth=4 backend=specialized: 801 IOPS, 840.38 MB/s
  [lib-specialized rep1] cpu threads=4: median 1798.8 Mops/s (p5..max spread stdev 413.55)
  [knobs-batched rep1] storage rand-read bs=4096 depth=32 backend=normal: 941 IOPS, 3.85 MB/s
  [knobs-batched rep1] storage seq-read bs=1048576 depth=4 backend=normal: 80 IOPS, 83.66 MB/s
  [knobs-batched rep1] storage rand-write bs=4096 depth=32 backend=normal: 9344 IOPS, 38.27 MB/s
  [knobs-batched rep1] storage seq-write bs=1048576 depth=4 backend=normal: 66 IOPS, 69.28 MB/s
  [knobs-batched rep1] cpu threads=4: median 1933.2 Mops/s (p5..max spread stdev 107.55)
  [batched rep1] storage rand-read bs=4096 depth=32 backend=batched: 8475 IOPS, 34.71 MB/s
  [batched rep1] storage seq-read bs=1048576 depth=4 backend=batched: 91 IOPS, 95.00 MB/s
  [batched rep1] storage rand-write bs=4096 depth=32 backend=batched: 7718 IOPS, 31.61 MB/s
  [batched rep1] storage seq-write bs=1048576 depth=4 backend=batched: 71 IOPS, 74.43 MB/s
  [batched rep1] cpu threads=4: median 2008.4 Mops/s (p5..max spread stdev 90.91)
  [knobs-specialized rep1] storage rand-read bs=4096 depth=32 backend=normal: 1068 IOPS, 4.37 MB/s
  [knobs-specialized rep1] storage seq-read bs=1048576 depth=4 backend=normal: 81 IOPS, 84.57 MB/s
  [knobs-specialized rep1] storage rand-write bs=4096 depth=32 backend=normal: 16025 IOPS, 65.64 MB/s
  [knobs-specialized rep1] storage seq-write bs=1048576 depth=4 backend=normal: 81 IOPS, 84.96 MB/s
  [knobs-specialized rep1] cpu threads=4: median 1964.8 Mops/s (p5..max spread stdev 67.65)
  [normal rep1] storage rand-read bs=4096 depth=32 backend=normal: 1011 IOPS, 4.14 MB/s
  [normal rep1] storage seq-read bs=1048576 depth=4 backend=normal: 90 IOPS, 94.28 MB/s
  [normal rep1] storage rand-write bs=4096 depth=32 backend=normal: 3394 IOPS, 13.90 MB/s
  [normal rep1] storage seq-write bs=1048576 depth=4 backend=normal: 64 IOPS, 66.70 MB/s
  [normal rep1] cpu threads=4: median 1402.5 Mops/s (p5..max spread stdev 288.87)
  [specialized rep1] storage rand-read bs=4096 depth=32 backend=specialized: 11691 IOPS, 47.89 MB/s
  [specialized rep1] storage seq-read bs=1048576 depth=4 backend=specialized: 748 IOPS, 784.52 MB/s
  [specialized rep1] storage rand-write bs=4096 depth=32 backend=specialized: 7175 IOPS, 29.39 MB/s
  [specialized rep1] storage seq-write bs=1048576 depth=4 backend=specialized: 724 IOPS, 758.97 MB/s
  [specialized rep1] cpu threads=4: median 1347.1 Mops/s (p5..max spread stdev 243.40)
  [adaptive rep2] storage rand-read bs=4096 depth=32 backend=auto: 10495 IOPS, 42.99 MB/s
  [adaptive rep2] storage seq-read bs=1048576 depth=4 backend=auto: 792 IOPS, 830.47 MB/s
  [adaptive rep2] storage rand-write bs=4096 depth=32 backend=auto: 9006 IOPS, 36.89 MB/s
  [adaptive rep2] storage seq-write bs=1048576 depth=4 backend=auto: 715 IOPS, 750.19 MB/s
  [adaptive rep2] cpu threads=4: median 1478.8 Mops/s (p5..max spread stdev 195.45)
  [batched rep2] storage rand-read bs=4096 depth=32 backend=batched: 7113 IOPS, 29.14 MB/s
  [batched rep2] storage seq-read bs=1048576 depth=4 backend=batched: 53 IOPS, 55.11 MB/s
  [batched rep2] storage rand-write bs=4096 depth=32 backend=batched: 6033 IOPS, 24.71 MB/s
  [batched rep2] storage seq-write bs=1048576 depth=4 backend=batched: 59 IOPS, 61.43 MB/s
  [batched rep2] cpu threads=4: median 1344.8 Mops/s (p5..max spread stdev 201.38)
  [lib-batched rep2] storage rand-read bs=4096 depth=32 backend=batched: 6131 IOPS, 25.11 MB/s
  [lib-batched rep2] storage seq-read bs=1048576 depth=4 backend=batched: 66 IOPS, 69.16 MB/s
  [lib-batched rep2] storage rand-write bs=4096 depth=32 backend=batched: 6910 IOPS, 28.30 MB/s
  [lib-batched rep2] storage seq-write bs=1048576 depth=4 backend=batched: 54 IOPS, 56.42 MB/s
  [lib-batched rep2] cpu threads=4: median 1521.1 Mops/s (p5..max spread stdev 281.64)
  [lib-specialized rep2] storage rand-read bs=4096 depth=32 backend=specialized: 10528 IOPS, 43.12 MB/s
  [lib-specialized rep2] storage seq-read bs=1048576 depth=4 backend=specialized: 667 IOPS, 699.48 MB/s
  [lib-specialized rep2] storage rand-write bs=4096 depth=32 backend=specialized: 9897 IOPS, 40.54 MB/s
  [lib-specialized rep2] storage seq-write bs=1048576 depth=4 backend=specialized: 745 IOPS, 781.00 MB/s
  [lib-specialized rep2] cpu threads=4: median 1616.1 Mops/s (p5..max spread stdev 169.79)
  [specialized rep2] storage rand-read bs=4096 depth=32 backend=specialized: 10390 IOPS, 42.56 MB/s
  [specialized rep2] storage seq-read bs=1048576 depth=4 backend=specialized: 718 IOPS, 752.87 MB/s
  [specialized rep2] storage rand-write bs=4096 depth=32 backend=specialized: 9828 IOPS, 40.25 MB/s
  [specialized rep2] storage seq-write bs=1048576 depth=4 backend=specialized: 647 IOPS, 678.81 MB/s
  [specialized rep2] cpu threads=4: median 1711.8 Mops/s (p5..max spread stdev 83.45)
  [knobs-specialized rep2] storage rand-read bs=4096 depth=32 backend=normal: 369 IOPS, 1.51 MB/s
  [knobs-specialized rep2] storage seq-read bs=1048576 depth=4 backend=normal: 16 IOPS, 16.90 MB/s
  [knobs-specialized rep2] storage rand-write bs=4096 depth=32 backend=normal: 5317 IOPS, 21.78 MB/s
  [knobs-specialized rep2] storage seq-write bs=1048576 depth=4 backend=normal: 25 IOPS, 26.45 MB/s
  [knobs-specialized rep2] cpu threads=4: median 745.9 Mops/s (p5..max spread stdev 140.11)
  [normal rep2] storage rand-read bs=4096 depth=32 backend=normal: 448 IOPS, 1.83 MB/s
  [normal rep2] storage seq-read bs=1048576 depth=4 backend=normal: 12 IOPS, 12.06 MB/s
  [normal rep2] storage rand-write bs=4096 depth=32 backend=normal: 1972 IOPS, 8.08 MB/s
  [normal rep2] storage seq-write bs=1048576 depth=4 backend=normal: 22 IOPS, 22.89 MB/s
  [normal rep2] cpu threads=4: median 784.0 Mops/s (p5..max spread stdev 116.04)
  [knobs-batched rep2] storage rand-read bs=4096 depth=32 backend=normal: 674 IOPS, 2.76 MB/s
  [knobs-batched rep2] storage seq-read bs=1048576 depth=4 backend=normal: 32 IOPS, 33.53 MB/s
  [knobs-batched rep2] storage rand-write bs=4096 depth=32 backend=normal: 2551 IOPS, 10.45 MB/s
  [knobs-batched rep2] storage seq-write bs=1048576 depth=4 backend=normal: 15 IOPS, 15.53 MB/s
  [knobs-batched rep2] cpu threads=4: median 784.0 Mops/s (p5..max spread stdev 138.53)
  [lib-specialized rep3] storage rand-read bs=4096 depth=32 backend=specialized: 4268 IOPS, 17.48 MB/s
