
FuhrerOS: kernel entry reached (serial up)

================================
        FUHREROS KERNEL
================================

Architecture : x86_64
Bootloader   : Limine 11.4.1
Kernel       : FuhrerOS 0.1.0 (from-scratch)
Status       : BOOTED

[boot  ] bootloader: Limine 11.4.1 (BIOS firmware)
[boot  ] cmdline: 'bench=stress'
[boot  ] kernel: phys 0x000000007fd1f000 virt 0xffffffff80000000 size 1056 KiB
[boot  ] hhdm offset: 0xffff800000000000, rsdp: 0x00000000000f5260
[boot  ] memory map (25 entries):
[boot  ]   0000000000001000-0000000000061000 bootloader     384 KiB
[boot  ]   0000000000061000-000000000009f000 usable         248 KiB
[boot  ]   000000000009fc00-00000000000a0000 reserved       1 KiB
[boot  ]   00000000000f0000-00000000000f5000 reserved       20 KiB
[boot  ]   00000000000f5000-00000000000f6000 reserved       4 KiB
[boot  ]   00000000000f6000-0000000000100000 reserved       40 KiB
[boot  ]   0000000000100000-000000007f7e4000 usable         2087824 KiB
[boot  ]   000000007f7e4000-000000007fd11000 kernel+modules 5300 KiB
[boot  ]   000000007fd11000-000000007fd12000 bootloader     4 KiB
[boot  ]   000000007fd12000-000000007fd15000 usable         12 KiB
[boot  ]   000000007fd15000-000000007fd1f000 bootloader     40 KiB
[boot  ]   000000007fd1f000-000000007fe27000 kernel+modules 1056 KiB
[boot  ]   000000007fe27000-000000007ff4c000 bootloader     1172 KiB
[boot  ]   000000007ff4c000-000000007ff69000 usable         116 KiB
[boot  ]   000000007ff69000-000000007ffdc000 bootloader     460 KiB
[boot  ]   000000007ffdc000-000000007ffe0000 reserved       16 KiB
[boot  ]   000000007ffe0000-000000007ffe3000 reserved       12 KiB
[boot  ]   000000007ffe3000-0000000080000000 reserved       116 KiB
[boot  ]   00000000b0000000-00000000c0000000 reserved       262144 KiB
[boot  ]   00000000fd000000-00000000fd3e8000 framebuffer    4000 KiB
[boot  ]   00000000fed1c000-00000000fed20000 reserved       16 KiB
[boot  ]   00000000feffc000-00000000ff000000 reserved       16 KiB
[boot  ]   00000000fffc0000-0000000100000000 reserved       256 KiB
[boot  ]   0000000100000000-0000000180000000 usable         2097152 KiB
[boot  ]   000000fd00000000-0000010000000000 reserved       12582912 KiB
[boot  ] usable memory: 4087 MiB
[boot  ] framebuffer: 1280x800 32bpp pitch 5120 at phys 0x00000000fd000000
[boot  ] module: /boot/initrd.tar (5427200 bytes) 'initrd'
[boot  ] cpu: AuthenticAMD / AMD Ryzen 5 7520U with Radeon Graphics         
[pmm   ] 1572864 frames tracked, 1046228 free (4086 MiB), bitmap 192 KiB at 0x0000000000100000
[vmm   ] kernel page tables active (pml4 0x0000000000130000, NX on)
[heap  ] slab classes 16..2048 B, large allocations from vmalloc
[pmm   ] reclaimed 2060 KiB of bootloader memory
[acpi  ] OEM 'BOCHS ', 4 CPU(s), LAPIC 0x00000000fee00000, 1 IOAPIC(s) (first 0x00000000fec00000 gsi 0), ECAM 0x00000000b0000000
[acpi  ] PM1a_CNT 0x604, S5 found (SLP_TYPa 0), reset register yes, PM timer 0x608 (24-bit)
[apic  ] local APIC id 0 enabled
[apic  ] I/O APIC with 24 inputs
[time  ] TSC 2775.278 MHz, LAPIC timer 62620 kHz (div 16), calibrated with the PIT channel 2
[time  ] LAPIC periodic timer at 1000 Hz (vector 0x20)
[sched ] policy -> adaptive
[sched ] scheduler ready, policy adaptive, 4 policies available
[init  ] kinit running as task 2 under policy 'adaptive'
[ps2   ] keyboard ready, mouse ready (4-byte packets, wheel)
[proc  ] process subsystem ready (ELF64 loader, spawn/wait)
[syscall] syscall/sysret MSRs programmed, 64 syscall numbers
[pci   ] 00:00.0 8086:29c0 host bridge
[pci   ] 00:01.0 1234:1111 display
[pci   ] 00:02.0 1af4:1041 network
[vnet  ] eth0 MAC 52:54:00:12:34:56
[pci   ] 00:03.0 1af4:1042 storage
[blk   ] vda: 20480 MiB (41943040 sectors of 512 B)
[pci   ] 00:1f.0 8086:2918 ISA bridge
[pci   ] 00:1f.2 8086:2922 SATA controller
[pci   ] 00:1f.3 8086:2930 SMBus
[bcache] 2048 x 4 KiB buffers, policy adaptive
[net   ] sockets: TCP, UDP, ICMP echo
[tty   ] console tty on framebuffer + COM1 (serial input enabled)
[net   ] DHCP: 10.0.2.15/255.255.255.0 gw 10.0.2.2 dns 10.0.2.3
[ffs0  ] 'fuhreros' on vda: 5242880 blocks (5241185 free), 4096 inodes (4027 free), mount #1
[vfs   ] mounted vda (ffs0) on /
[tarfs ] initrd: 61 files, 5300 KiB
[vfs   ] mounted initrd (tarfs) on /initrd
[vfs   ] mounted - (devfs) on /dev
[vfs   ] mounted - (procfs) on /proc
[vfs   ] mounted - (ramfs) on /tmp
[vfs   ] root filesystem: FFS0 (virtio-blk vda)
[init  ] started /bin/init as pid 1 - kernel handing over to user space
[1;36mFuhrerOS init[0m (pid 1): user space is running outside kernel privilege
init: running benchmark suite /etc/bench/stress.sh
BENCH-BEGIN stress
[sched ] policy -> round_robin
httpd: serving /www on port 8104
httpd: GET /index.html -> 200 (260 bytes)
DESKSTRESS {"name":"stress-r1","policy":"round_robin","seconds":10,"samples":314,"dispatch_p50_us":19570,"dispatch_p99_us":40820,"wake_p50_us":20397,"wake_p99_us":44388,"build_jobs_per_s_x100":44632,"copy_mb_per_s_x100":18,"web_req_per_s_x100":9,"web_failures":0,"net_mb_per_s_x100":194,"ctx_switches_per_s":296,"system_class":"CPU_BOUND","threads":"8:0:IDLE,10:0:INTERACTIVE,11:0:INTERACTIVE,12:0:CPU_BOUND,13:0:CPU_BOUND,14:0:INTERACTIVE,15:0:IDLE,16:0:IO_BOUND","media":"NOT RUN"}
[sched ] policy -> priority
httpd: serving /www on port 8106
httpd: GET /index.html -> 200 (260 bytes)
DESKSTRESS {"name":"stress-r1","policy":"priority","seconds":10,"samples":334,"dispatch_p50_us":19447,"dispatch_p99_us":25098,"wake_p50_us":20182,"wake_p99_us":26279,"build_jobs_per_s_x100":57280,"copy_mb_per_s_x100":21,"web_req_per_s_x100":9,"web_failures":0,"net_mb_per_s_x100":207,"ctx_switches_per_s":331,"system_class":"CPU_BOUND","threads":"17:16:IDLE,19:16:INTERACTIVE,20:16:INTERACTIVE,21:16:CPU_BOUND,22:16:CPU_BOUND,23:16:INTERACTIVE,24:16:IDLE,25:16:IO_BOUND","media":"NOT RUN"}
[sched ] policy -> low_latency
httpd: serving /www on port 8108
httpd: GET /index.html -> 200 (260 bytes)
httpd: GET /index.html -> 200 (260 bytes)
httpd: GET /index.html -> 200 (260 bytes)
httpd: GET /index.html -> 200 (260 bytes)
httpd: GET /index.html -> 200 (260 bytes)
httpd: GET /index.html -> 200 (260 bytes)
httpd: GET /index.html -> 200 (260 bytes)
httpd: GET /index.html -> 200 (260 bytes)
httpd: GET /index.html -> 200 (260 bytes)
httpd: GET /index.html -> 200 (260 bytes)
httpd: GET /index.html -> 200 (260 bytes)
httpd: GET /index.html -> 200 (260 bytes)
httpd: GET /index.html -> 200 (260 bytes)
DESKSTRESS {"name":"stress-r1","policy":"low_latency","seconds":10,"samples":896,"dispatch_p50_us":9,"dispatch_p99_us":187,"wake_p50_us":655,"wake_p99_us":11049,"build_jobs_per_s_x100":22336,"copy_mb_per_s_x100":737,"web_req_per_s_x100":129,"web_failures":0,"net_mb_per_s_x100":4532,"ctx_switches_per_s":5815,"system_class":"IO_BOUND","threads":"26:0:IDLE,28:0:IO_BOUND,29:0:INTERACTIVE,30:0:CPU_BOUND,31:0:CPU_BOUND,32:0:IO_BOUND,33:0:IDLE,34:0:IO_BOUND","media":"NOT RUN"}
[sched ] policy -> adaptive
httpd: serving /www on port 8110
httpd: GET /index.html -> 200 (260 bytes)
DESKSTRESS {"name":"stress-r1","policy":"adaptive","seconds":10,"samples":946,"dispatch_p50_us":14,"dispatch_p99_us":2714,"wake_p50_us":750,"wake_p99_us":5111,"build_jobs_per_s_x100":4208,"copy_mb_per_s_x100":557,"web_req_per_s_x100":9,"web_failures":0,"net_mb_per_s_x100":9924,"ctx_switches_per_s":8340,"system_class":"IO_BOUND","threads":"35:4:IDLE,37:8:IO_BOUND,38:4:INTERACTIVE,39:12:MIXED,40:12:MIXED,41:8:IO_BOUND,42:12:IDLE,43:8:IO_BOUND","media":"NOT RUN"}
[sched ] policy -> priority
httpd: serving /www on port 8112
httpd: GET /index.html -> 200 (260 bytes)
DESKSTRESS {"name":"stress-r2","policy":"priority","seconds":10,"samples":330,"dispatch_p50_us":19444,"dispatch_p99_us":33286,"wake_p50_us":20257,"wake_p99_us":33631,"build_jobs_per_s_x100":54082,"copy_mb_per_s_x100":19,"web_req_per_s_x100":9,"web_failures":0,"net_mb_per_s_x100":204,"ctx_switches_per_s":320,"system_class":"CPU_BOUND","threads":"44:16:IDLE,46:16:IO_BOUND,47:16:INTERACTIVE,48:16:CPU_BOUND,49:16:CPU_BOUND,50:16:INTERACTIVE,51:16:IDLE,52:16:IO_BOUND","media":"NOT RUN"}
[sched ] policy -> low_latency
httpd: serving /www on port 8114
httpd: GET /index.html -> 200 (260 bytes)
httpd: GET /index.html -> 200 (260 bytes)
httpd: GET /index.html -> 200 (260 bytes)
httpd: GET /index.html -> 200 (260 bytes)
httpd: GET /index.html -> 200 (260 bytes)
httpd: GET /index.html -> 200 (260 bytes)
httpd: GET /index.html -> 200 (260 bytes)
httpd: GET /index.html -> 200 (260 bytes)
httpd: GET /index.html -> 200 (260 bytes)
httpd: GET /index.html -> 200 (260 bytes)
httpd: GET /index.html -> 200 (260 bytes)
httpd: GET /index.html -> 200 (260 bytes)
httpd: GET /index.html -> 200 (260 bytes)
httpd: GET /index.html -> 200 (260 bytes)
httpd: GET /index.html -> 200 (260 bytes)
httpd: GET /index.html -> 200 (260 bytes)
httpd: GET /index.html -> 200 (260 bytes)
httpd: GET /index.html -> 200 (260 bytes)
httpd: GET /index.html -> 200 (260 bytes)
httpd: GET /index.html -> 200 (260 bytes)
httpd: GET /index.html -> 200 (260 bytes)
httpd: GET /index.html -> 200 (260 bytes)
httpd: GET /index.html -> 200 (260 bytes)
DESKSTRESS {"name":"stress-r2","policy":"low_latency","seconds":10,"samples":853,"dispatch_p50_us":9,"dispatch_p99_us":245,"wake_p50_us":726,"wake_p99_us":19486,"build_jobs_per_s_x100":19665,"copy_mb_per_s_x100":644,"web_req_per_s_x100":229,"web_failures":0,"net_mb_per_s_x100":3870,"ctx_switches_per_s":5095,"system_class":"IO_BOUND","threads":"53:0:IDLE,55:0:IO_BOUND,56:0:INTERACTIVE,57:0:CPU_BOUND,58:0:CPU_BOUND,59:0:IO_BOUND,60:0:IDLE,61:0:IO_BOUND","media":"NOT RUN"}
[sched ] policy -> adaptive
httpd: serving /www on port 8116
httpd: GET /index.html -> 200 (260 bytes)
httpd: GET /index.html -> 200 (260 bytes)
DESKSTRESS {"name":"stress-r2","policy":"adaptive","seconds":10,"samples":939,"dispatch_p50_us":10,"dispatch_p99_us":3019,"wake_p50_us":827,"wake_p99_us":6228,"build_jobs_per_s_x100":4209,"copy_mb_per_s_x100":551,"web_req_per_s_x100":19,"web_failures":0,"net_mb_per_s_x100":10193,"ctx_switches_per_s":8500,"system_class":"IO_BOUND","threads":"62:4:IDLE,64:8:IO_BOUND,65:4:INTERACTIVE,66:12:MIXED,67:12:MIXED,68:8:IO_BOUND,69:12:IDLE,70:8:IO_BOUND","media":"NOT RUN"}
[sched ] policy -> round_robin
httpd: serving /www on port 8118
httpd: GET /index.html -> 200 (260 bytes)
DESKSTRESS {"name":"stress-r2","policy":"round_robin","seconds":10,"samples":338,"dispatch_p50_us":19495,"dispatch_p99_us":27792,"wake_p50_us":20175,"wake_p99_us":28568,"build_jobs_per_s_x100":55441,"copy_mb_per_s_x100":20,"web_req_per_s_x100":9,"web_failures":0,"net_mb_per_s_x100":209,"ctx_switches_per_s":332,"system_class":"CPU_BOUND","threads":"71:0:IDLE,73:0:INTERACTIVE,74:0:INTERACTIVE,75:0:CPU_BOUND,76:0:CPU_BOUND,77:0:INTERACTIVE,78:0:IDLE,79:0:IO_BOUND","media":"NOT RUN"}
[sched ] policy -> low_latency
httpd: serving /www on port 8120
httpd: GET /index.html -> 200 (260 bytes)
httpd: GET /index.html -> 200 (260 bytes)
httpd: GET /index.html -> 200 (260 bytes)
httpd: GET /index.html -> 200 (260 bytes)
httpd: GET /index.html -> 200 (260 bytes)
httpd: GET /index.html -> 200 (260 bytes)
httpd: GET /index.html -> 200 (260 bytes)
httpd: GET /index.html -> 200 (260 bytes)
httpd: GET /index.html -> 200 (260 bytes)
httpd: GET /index.html -> 200 (260 bytes)
httpd: GET /index.html -> 200 (260 bytes)
httpd: GET /index.html -> 200 (260 bytes)
httpd: GET /index.html -> 200 (260 bytes)
httpd: GET /index.html -> 200 (260 bytes)
httpd: GET /index.html -> 200 (260 bytes)
httpd: GET /index.html -> 200 (260 bytes)
httpd: GET /index.html -> 200 (260 bytes)
httpd: GET /index.html -> 200 (260 bytes)
httpd: GET /index.html -> 200 (260 bytes)
httpd: GET /index.html -> 200 (260 bytes)
httpd: GET /index.html -> 200 (260 bytes)
DESKSTRESS {"name":"stress-r3","policy":"low_latency","seconds":10,"samples":814,"dispatch_p50_us":12,"dispatch_p99_us":454,"wake_p50_us":794,"wake_p99_us":23778,"build_jobs_per_s_x100":17675,"copy_mb_per_s_x100":453,"web_req_per_s_x100":209,"web_failures":0,"net_mb_per_s_x100":3119,"ctx_switches_per_s":3902,"system_class":"IO_BOUND","threads":"80:0:IDLE,82:0:IO_BOUND,83:0:INTERACTIVE,84:0:CPU_BOUND,85:0:CPU_BOUND,86:0:IO_BOUND,87:0:IDLE,88:0:IO_BOUND","media":"NOT RUN"}
[sched ] policy -> adaptive
httpd: serving /www on port 8122
httpd: GET /index.html -> 200 (260 bytes)
httpd: GET /index.html -> 200 (260 bytes)
httpd: GET /index.html -> 200 (260 bytes)
httpd: GET /index.html -> 200 (260 bytes)
httpd: GET /index.html -> 200 (260 bytes)
httpd: GET /index.html -> 200 (260 bytes)
httpd: GET /index.html -> 200 (260 bytes)
httpd: GET /index.html -> 200 (260 bytes)
DESKSTRESS {"name":"stress-r3","policy":"adaptive","seconds":10,"samples":862,"dispatch_p50_us":14,"dispatch_p99_us":6337,"wake_p50_us":909,"wake_p99_us":13151,"build_jobs_per_s_x100":4785,"copy_mb_per_s_x100":407,"web_req_per_s_x100":78,"web_failures":0,"net_mb_per_s_x100":7751,"ctx_switches_per_s":6570,"system_class":"IO_BOUND","threads":"89:4:IDLE,91:8:IO_BOUND,92:4:INTERACTIVE,93:4:CPU_BOUND,94:20:CPU_BOUND,95:8:IO_BOUND,96:12:MIXED,97:8:IO_BOUND","media":"NOT RUN"}
[sched ] policy -> round_robin
httpd: serving /www on port 8124
httpd: GET /index.html -> 200 (260 bytes)
DESKSTRESS {"name":"stress-r3","policy":"round_robin","seconds":10,"samples":333,"dispatch_p50_us":19528,"dispatch_p99_us":28355,"wake_p50_us":20238,"wake_p99_us":30285,"build_jobs_per_s_x100":56779,"copy_mb_per_s_x100":21,"web_req_per_s_x100":9,"web_failures":0,"net_mb_per_s_x100":206,"ctx_switches_per_s":333,"system_class":"CPU_BOUND","threads":"98:0:IDLE,100:0:INTERACTIVE,101:0:INTERACTIVE,102:0:CPU_BOUND,103:0:CPU_BOUND,104:0:INTERACTIVE,105:0:IDLE,106:0:IO_BOUND","media":"NOT RUN"}
[sched ] policy -> priority
httpd: serving /www on port 8126
httpd: GET /index.html -> 200 (260 bytes)
DESKSTRESS {"name":"stress-r3","policy":"priority","seconds":10,"samples":329,"dispatch_p50_us":19520,"dispatch_p99_us":32736,"wake_p50_us":20229,"wake_p99_us":33519,"build_jobs_per_s_x100":55726,"copy_mb_per_s_x100":18,"web_req_per_s_x100":9,"web_failures":0,"net_mb_per_s_x100":203,"ctx_switches_per_s":324,"system_class":"CPU_BOUND","threads":"107:16:IDLE,109:16:INTERACTIVE,110:16:INTERACTIVE,111:16:CPU_BOUND,112:16:CPU_BOUND,113:16:INTERACTIVE,114:16:IDLE,115:16:IO_BOUND","media":"NOT RUN"}
[sched ] policy -> adaptive
policy: adaptive
policies: round_robin priority low_latency adaptive
context_switches: 414488
preemptions: 105267
sched_calls: 414492
sched_overhead_ns: 67354655
busy_ns: 126458736074
idle_ns: 4727180967
tasks: 7
runnable: 0
policy_switches: 14
profiler: on
window_ms: 100
hysteresis: 2
profiler_windows: 1270
profiler_overhead_ns: 8598796
---
system_class: CPU_BOUND
confidence: 93
reason: dominant class (interactive tasks present)
policy: adaptive
stable_class: IDLE
system_transitions: 29
last_transition_ms_ago: 149
last_transition: CPU_BOUND->IDLE
profiler_overhead_ns: 8603811
profiler_windows: 1272
transitions: 511
112.739 tid=99 httpd MIXED->IDLE conf=50% not running
112.840 tid=100 deskstress IO_BOUND->INTERACTIVE conf=62% high wake-up frequency, low CPU
113.546 tid=2 kinit IDLE->MIXED conf=50% mixed behaviour
113.546 tid=99 httpd IDLE->MIXED conf=25% mixed behaviour
113.949 tid=2 kinit MIXED->IDLE conf=50% not running
114.050 tid=99 httpd MIXED->IDLE conf=50% not running
114.352 tid=2 kinit IDLE->MIXED conf=50% mixed behaviour
114.756 tid=2 kinit MIXED->IDLE conf=50% not running
114.857 tid=99 httpd IDLE->MIXED conf=25% mixed behaviour
115.058 tid=99 httpd MIXED->IDLE conf=62% not running
115.663 tid=2 kinit IDLE->MIXED conf=50% mixed behaviour
116.066 tid=2 kinit MIXED->IDLE conf=50% not running
118.082 tid=99 httpd IDLE->MIXED conf=50%BENCH-END stress
init: benchmark suite finished (0)
FuhrerOS: syncing filesystems and powering off
POWEROFF
