
FuhrerOS: kernel entry reached (serial up)

================================
        FUHREROS KERNEL
================================

Architecture : x86_64
Bootloader   : Limine 11.4.1
Kernel       : FuhrerOS 0.1.0 (from-scratch)
Status       : BOOTED

[boot  ] bootloader: Limine 11.4.1 (BIOS firmware)
[boot  ] cmdline: 'bench=stress'
[boot  ] kernel: phys 0x000000007fd0d000 virt 0xffffffff80000000 size 1056 KiB
[boot  ] hhdm offset: 0xffff800000000000, rsdp: 0x00000000000f5260
[boot  ] memory map (25 entries):
[boot  ]   0000000000001000-0000000000061000 bootloader     384 KiB
[boot  ]   0000000000061000-000000000009f000 usable         248 KiB
[boot  ]   000000000009fc00-00000000000a0000 reserved       1 KiB
[boot  ]   00000000000f0000-00000000000f5000 reserved       20 KiB
[boot  ]   00000000000f5000-00000000000f6000 reserved       4 KiB
[boot  ]   00000000000f6000-0000000000100000 reserved       40 KiB
[boot  ]   0000000000100000-000000007f7d2000 usable         2087752 KiB
[boot  ]   000000007f7d2000-000000007fcff000 kernel+modules 5300 KiB
[boot  ]   000000007fcff000-000000007fd00000 bootloader     4 KiB
[boot  ]   000000007fd00000-000000007fd03000 usable         12 KiB
[boot  ]   000000007fd03000-000000007fd0d000 bootloader     40 KiB
[boot  ]   000000007fd0d000-000000007fe15000 kernel+modules 1056 KiB
[boot  ]   000000007fe15000-000000007ff38000 bootloader     1164 KiB
[boot  ]   000000007ff38000-000000007ff55000 usable         116 KiB
[boot  ]   000000007ff55000-000000007ffdc000 bootloader     540 KiB
[boot  ]   000000007ffdc000-000000007ffe0000 reserved       16 KiB
[boot  ]   000000007ffe0000-000000007ffe3000 reserved       12 KiB
[boot  ]   000000007ffe3000-0000000080000000 reserved       116 KiB
[boot  ]   00000000b0000000-00000000c0000000 reserved       262144 KiB
[boot  ]   00000000fd000000-00000000fd3e8000 framebuffer    4000 KiB
[boot  ]   00000000fed1c000-00000000fed20000 reserved       16 KiB
[boot  ]   00000000feffc000-00000000ff000000 reserved       16 KiB
[boot  ]   00000000fffc0000-0000000100000000 reserved       256 KiB
[boot  ]   0000000100000000-0000000180000000 usable         2097152 KiB
[boot  ]   000000fd00000000-0000010000000000 reserved       12582912 KiB
[boot  ] usable memory: 4087 MiB
[boot  ] framebuffer: 1280x800 32bpp pitch 5120 at phys 0x00000000fd000000
[boot  ] module: /boot/initrd.tar (5427200 bytes) 'initrd'
[boot  ] cpu: AuthenticAMD / AMD Ryzen 5 7520U with Radeon Graphics         
[pmm   ] 1572864 frames tracked, 1046210 free (4086 MiB), bitmap 192 KiB at 0x0000000000100000
[vmm   ] kernel page tables active (pml4 0x0000000000130000, NX on)
[heap  ] slab classes 16..2048 B, large allocations from vmalloc
[pmm   ] reclaimed 2132 KiB of bootloader memory
[acpi  ] OEM 'BOCHS ', 4 CPU(s), LAPIC 0x00000000fee00000, 1 IOAPIC(s) (first 0x00000000fec00000 gsi 0), ECAM 0x00000000b0000000
[acpi  ] PM1a_CNT 0x604, S5 found (SLP_TYPa 0), reset register yes
[apic  ] local APIC id 0 enabled
[apic  ] I/O APIC with 24 inputs
[time  ] TSC 2793.394 MHz, LAPIC timer 62599 kHz (div 16)
[time  ] LAPIC periodic timer at 1000 Hz (vector 0x20)
[sched ] policy -> adaptive
[sched ] scheduler ready, policy adaptive, 4 policies available
[init  ] kinit running as task 2 under policy 'adaptive'
[ps2   ] keyboard ready, mouse ready (4-byte packets, wheel)
[proc  ] process subsystem ready (ELF64 loader, spawn/wait)
[syscall] syscall/sysret MSRs programmed, 64 syscall numbers
[pci   ] 00:00.0 8086:29c0 host bridge
[pci   ] 00:01.0 1234:1111 display
[pci   ] 00:02.0 1af4:1041 network
[vnet  ] eth0 MAC 52:54:00:12:34:56
[pci   ] 00:03.0 1af4:1042 storage
[blk   ] vda: 20480 MiB (41943040 sectors of 512 B)
[pci   ] 00:1f.0 8086:2918 ISA bridge
[pci   ] 00:1f.2 8086:2922 SATA controller
[pci   ] 00:1f.3 8086:2930 SMBus
[bcache] 2048 x 4 KiB buffers, policy adaptive
[net   ] sockets: TCP, UDP, ICMP echo
[tty   ] console tty on framebuffer + COM1 (serial input enabled)
[net   ] DHCP: 10.0.2.15/255.255.255.0 gw 10.0.2.2 dns 10.0.2.3
[ffs0  ] 'fuhreros' on vda: 5242880 blocks (5241187 free), 4096 inodes (4028 free), mount #1
[vfs   ] mounted vda (ffs0) on /
[tarfs ] initrd: 60 files, 5300 KiB
[vfs   ] mounted initrd (tarfs) on /initrd
[vfs   ] mounted - (devfs) on /dev
[vfs   ] mounted - (procfs) on /proc
[vfs   ] mounted - (ramfs) on /tmp
[vfs   ] root filesystem: FFS0 (virtio-blk vda)
[init  ] started /bin/init as pid 1 - kernel handing over to user space
[1;36mFuhrerOS init[0m (pid 1): user space is running outside kernel privilege
init: running benchmark suite /etc/bench/stress.sh
BENCH-BEGIN stress
[sched ] policy -> round_robin
httpd: serving /www on port 8081
httpd: GET /index.html -> 200 (260 bytes)
DESKSTRESS {"name":"stress-r1","policy":"round_robin","seconds":10,"samples":336,"dispatch_p50_us":19185,"dispatch_p99_us":21939,"wake_p50_us":20014,"wake_p99_us":22462,"build_jobs_per_s_x100":67825,"copy_mb_per_s_x100":21,"web_req_per_s_x100":9,"web_failures":0,"net_mb_per_s_x100":208,"ctx_switches_per_s":336,"system_class":"CPU_BOUND","media":"NOT RUN"}
[sched ] policy -> priority
httpd: cannot listen on 8081: error
DESKSTRESS {"name":"stress-r1","policy":"priority","seconds":10,"samples":339,"dispatch_p50_us":19209,"dispatch_p99_us":19775,"wake_p50_us":20010,"wake_p99_us":20749,"build_jobs_per_s_x100":68201,"copy_mb_per_s_x100":21,"web_req_per_s_x100":0,"web_failures":156,"net_mb_per_s_x100":214,"ctx_switches_per_s":365,"system_class":"CPU_BOUND","media":"NOT RUN"}
[sched ] policy -> low_latency
httpd: serving /www on port 8081
httpd: GET /index.html -> 200 (260 bytes)
httpd: GET /index.html -> 200 (260 bytes)
DESKSTRESS {"name":"stress-r1","policy":"low_latency","seconds":10,"samples":913,"dispatch_p50_us":10,"dispatch_p99_us":59,"wake_p50_us":954,"wake_p99_us":3276,"build_jobs_per_s_x100":48748,"copy_mb_per_s_x100":118,"web_req_per_s_x100":19,"web_failures":0,"net_mb_per_s_x100":3653,"ctx_switches_per_s":2854,"system_class":"IO_BOUND","media":"NOT RUN"}
[sched ] policy -> adaptive
httpd: cannot listen on 8081: error
DESKSTRESS {"name":"stress-r1","policy":"adaptive","seconds":10,"samples":115,"dispatch_p50_us":49342,"dispatch_p99_us":139764,"wake_p50_us":50247,"wake_p99_us":140382,"build_jobs_per_s_x100":68143,"copy_mb_per_s_x100":5,"web_req_per_s_x100":0,"web_failures":34,"net_mb_per_s_x100":209,"ctx_switches_per_s":209,"system_class":"CPU_BOUND","media":"NOT RUN"}
[sched ] policy -> priority
httpd: serving /www on port 8081
httpd: GET /index.html -> 200 (260 bytes)
DESKSTRESS {"name":"stress-r2","policy":"priority","seconds":10,"samples":336,"dispatch_p50_us":19193,"dispatch_p99_us":21731,"wake_p50_us":20013,"wake_p99_us":23289,"build_jobs_per_s_x100":66238,"copy_mb_per_s_x100":22,"web_req_per_s_x100":9,"web_failures":0,"net_mb_per_s_x100":208,"ctx_switches_per_s":338,"system_class":"CPU_BOUND","media":"NOT RUN"}
[sched ] policy -> low_latency
httpd: cannot listen on 8081: error
DESKSTRESS {"name":"stress-r2","policy":"low_latency","seconds":10,"samples":906,"dispatch_p50_us":17,"dispatch_p99_us":127,"wake_p50_us":951,"wake_p99_us":5032,"build_jobs_per_s_x100":43721,"copy_mb_per_s_x100":104,"web_req_per_s_x100":0,"web_failures":455,"net_mb_per_s_x100":3570,"ctx_switches_per_s":2819,"system_class":"IO_BOUND","media":"NOT RUN"}
[sched ] policy -> adaptive
httpd: serving /www on port 8081
httpd: GET /index.html -> 200 (260 bytes)
DESKSTRESS {"name":"stress-r2","policy":"adaptive","seconds":10,"samples":186,"dispatch_p50_us":49123,"dispatch_p99_us":59110,"wake_p50_us":50067,"wake_p99_us":59907,"build_jobs_per_s_x100":67519,"copy_mb_per_s_x100":6,"web_req_per_s_x100":9,"web_failures":0,"net_mb_per_s_x100":219,"ctx_switches_per_s":229,"system_class":"CPU_BOUND","media":"NOT RUN"}
[sched ] policy -> round_robin
httpd: cannot listen on 8081: error
DESKSTRESS {"name":"stress-r2","policy":"round_robin","seconds":10,"samples":336,"dispatch_p50_us":19191,"dispatch_p99_us":21295,"wake_p50_us":20013,"wake_p99_us":22096,"build_jobs_per_s_x100":67061,"copy_mb_per_s_x100":21,"web_req_per_s_x100":0,"web_failures":151,"net_mb_per_s_x100":218,"ctx_switches_per_s":367,"system_class":"CPU_BOUND","media":"NOT RUN"}
[sched ] policy -> low_latency
httpd: serving /www on port 8081
httpd: GET /index.html -> 200 (260 bytes)
httpd: GET /index.html -> 200 (260 bytes)
httpd: GET /index.html -> 200 (260 bytes)
httpd: GET /index.html -> 200 (260 bytes)
DESKSTRESS {"name":"stress-r3","policy":"low_latency","seconds":10,"samples":914,"dispatch_p50_us":8,"dispatch_p99_us":35,"wake_p50_us":959,"wake_p99_us":3991,"build_jobs_per_s_x100":50968,"copy_mb_per_s_x100":118,"web_req_per_s_x100":39,"web_failures":0,"net_mb_per_s_x100":3704,"ctx_switches_per_s":2882,"system_class":"IO_BOUND","media":"NOT RUN"}
[sched ] policy -> adaptive
httpd: cannot listen on 8081: error
DESKSTRESS {"name":"stress-r3","policy":"adaptive","seconds":10,"samples":187,"dispatch_p50_us":49183,"dispatch_p99_us":50229,"wake_p50_us":50060,"wake_p99_us":50723,"build_jobs_per_s_x100":70286,"copy_mb_per_s_x100":10,"web_req_per_s_x100":0,"web_failures":38,"net_mb_per_s_x100":146,"ctx_switches_per_s":200,"system_class":"CPU_BOUND","media":"NOT RUN"}
[sched ] policy -> round_robin
httpd: serving /www on port 8081
httpd: GET /index.html -> 200 (260 bytes)
DESKSTRESS {"name":"stress-r3","policy":"round_robin","seconds":10,"samples":335,"dispatch_p50_us":19189,"dispatch_p99_us":20188,"wake_p50_us":20014,"wake_p99_us":21034,"build_jobs_per_s_x100":69438,"copy_mb_per_s_x100":21,"web_req_per_s_x100":9,"web_failures":0,"net_mb_per_s_x100":207,"ctx_switches_per_s":336,"system_class":"CPU_BOUND","media":"NOT RUN"}
[sched ] policy -> priority
httpd: cannot listen on 8081: error
DESKSTRESS {"name":"stress-r3","policy":"priority","seconds":10,"samples":335,"dispatch_p50_us":19185,"dispatch_p99_us":23172,"wake_p50_us":20015,"wake_p99_us":24868,"build_jobs_per_s_x100":67938,"copy_mb_per_s_x100":21,"web_req_per_s_x100":0,"web_failures":149,"net_mb_per_s_x100":218,"ctx_switches_per_s":365,"system_class":"CPU_BOUND","media":"NOT RUN"}
[sched ] policy -> adaptive
policy: adaptive
policies: round_robin priority low_latency adaptive
context_switches: 120315
preemptions: 35675
sched_calls: 120318
sched_overhead_ns: 19439545
busy_ns: 123621948428
idle_ns: 9171845569
tasks: 7
runnable: 0
policy_switches: 14
profiler: on
window_ms: 100
hysteresis: 2
profiler_windows: 1319
profiler_overhead_ns: 5296092
---
system_class: IDLE
confidence: 23
reason: little CPU activity
policy: adaptive
stable_class: IDLE
system_transitions: 29
last_transition_ms_ago: 35
last_transition: CPU_BOUND->IDLE
profiler_overhead_ns: 5297335
profiler_windows: 1320
transitions: 395
110.825 tid=2 kinit IDLE->MIXED conf=50% mixed behaviour
111.026 tid=2 kinit MIXED->IDLE conf=50% not running
111.227 tid=2 kinit IDLE->MIXED conf=50% mixed behaviour
111.429 tid=2 kinit MIXED->IDLE conf=50% not running
111.630 tid=2 kinit IDLE->MIXED conf=50% mixed behaviour
111.956 tid=3 bflush MIXED->INTERACTIVE conf=25% high wake-up frequency, low CPU
112.156 tid=3 bflush INTERACTIVE->IDLE conf=37% not running
112.156 tid=98 deskstress UNKNOWN->IDLE conf=25% not running
112.156 tid=99 httpd UNKNOWN->IDLE conf=25% not running
112.356 tid=100 deskstress UNKNOWN->INTERACTIVE conf=25% high wake-up frequency, low CPU
112.356 tid=101 deskstress UNKNOWN->INTERACTIVE conf=25% high wake-up frequency, low CPU
112.356 tid=102 deskstress UNKNOWN->CPU_BOUND conf=25% BENCH-END stress
init: benchmark suite finished (0)
FuhrerOS: syncing filesystems and powering off
POWEROFF
