
FuhrerOS: kernel entry reached (serial up)

================================
        FUHREROS KERNEL
================================

Architecture : x86_64
Bootloader   : Limine 11.4.1
Kernel       : FuhrerOS 0.1.0 (from-scratch)
Status       : BOOTED

[boot  ] bootloader: Limine 11.4.1 (BIOS firmware)
[boot  ] cmdline: 'bench=sched'
[boot  ] kernel: phys 0x000000007fd73000 virt 0xffffffff80000000 size 872 KiB
[boot  ] hhdm offset: 0xffff800000000000, rsdp: 0x00000000000f5260
[boot  ] memory map (25 entries):
[boot  ]   0000000000001000-0000000000061000 bootloader     384 KiB
[boot  ]   0000000000061000-000000000009f000 usable         248 KiB
[boot  ]   000000000009fc00-00000000000a0000 reserved       1 KiB
[boot  ]   00000000000f0000-00000000000f5000 reserved       20 KiB
[boot  ]   00000000000f5000-00000000000f6000 reserved       4 KiB
[boot  ]   00000000000f6000-0000000000100000 reserved       40 KiB
[boot  ]   0000000000100000-000000007f8d0000 usable         2088768 KiB
[boot  ]   000000007f8d0000-000000007fd65000 kernel+modules 4692 KiB
[boot  ]   000000007fd65000-000000007fd66000 bootloader     4 KiB
[boot  ]   000000007fd66000-000000007fd69000 usable         12 KiB
[boot  ]   000000007fd69000-000000007fd73000 bootloader     40 KiB
[boot  ]   000000007fd73000-000000007fe4d000 kernel+modules 872 KiB
[boot  ]   000000007fe4d000-000000007ff38000 bootloader     940 KiB
[boot  ]   000000007ff38000-000000007ff55000 usable         116 KiB
[boot  ]   000000007ff55000-000000007ffdc000 bootloader     540 KiB
[boot  ]   000000007ffdc000-000000007ffe0000 reserved       16 KiB
[boot  ]   000000007ffe0000-000000007ffe3000 reserved       12 KiB
[boot  ]   000000007ffe3000-0000000080000000 reserved       116 KiB
[boot  ]   00000000b0000000-00000000c0000000 reserved       262144 KiB
[boot  ]   00000000fd000000-00000000fd3e8000 framebuffer    4000 KiB
[boot  ]   00000000fed1c000-00000000fed20000 reserved       16 KiB
[boot  ]   00000000feffc000-00000000ff000000 reserved       16 KiB
[boot  ]   00000000fffc0000-0000000100000000 reserved       256 KiB
[boot  ]   0000000100000000-0000000180000000 usable         2097152 KiB
[boot  ]   000000fd00000000-0000010000000000 reserved       12582912 KiB
[boot  ] usable memory: 4088 MiB
[boot  ] framebuffer: 1280x800 32bpp pitch 5120 at phys 0x00000000fd000000
[boot  ] module: /boot/initrd.tar (4802560 bytes) 'initrd'
[boot  ] cpu: AuthenticAMD / AMD Ryzen 5 7520U with Radeon Graphics         
[pmm   ] 1572864 frames tracked, 1046464 free (4087 MiB), bitmap 192 KiB at 0x0000000000100000
[vmm   ] kernel page tables active (pml4 0x0000000000130000, NX on)
[heap  ] slab classes 16..2048 B, large allocations from vmalloc
[pmm   ] reclaimed 1908 KiB of bootloader memory
[acpi  ] OEM 'BOCHS ', 4 CPU(s), LAPIC 0x00000000fee00000, 1 IOAPIC(s) (first 0x00000000fec00000 gsi 0), ECAM 0x00000000b0000000
[apic  ] local APIC id 0 enabled
[apic  ] I/O APIC with 24 inputs
[time  ] TSC 2777.838 MHz, LAPIC timer 62641 kHz (div 16)
[time  ] LAPIC periodic timer at 1000 Hz (vector 0x20)
[sched ] policy -> adaptive
[sched ] scheduler ready, policy adaptive, 4 policies available
[init  ] kinit running as task 2 under policy 'adaptive'
[ps2   ] keyboard ready, mouse ready (4-byte packets, wheel)
[proc  ] process subsystem ready (ELF64 loader, spawn/wait)
[syscall] syscall/sysret MSRs programmed, 64 syscall numbers
[pci   ] 00:00.0 8086:29c0 host bridge
[pci   ] 00:01.0 1234:1111 display
[pci   ] 00:02.0 1af4:1041 network
[vnet  ] eth0 MAC 52:54:00:12:34:56
[pci   ] 00:03.0 1af4:1042 storage
[blk   ] vda: 20480 MiB (41943040 sectors of 512 B)
[pci   ] 00:1f.0 8086:2918 ISA bridge
[pci   ] 00:1f.2 8086:2922 SATA controller
[pci   ] 00:1f.3 8086:2930 SMBus
[bcache] 2048 x 4 KiB buffers, policy adaptive
[net   ] sockets: TCP, UDP, ICMP echo
[tty   ] console tty on framebuffer + COM1 (serial input enabled)
[net   ] DHCP: 10.0.2.15/255.255.255.0 gw 10.0.2.2 dns 10.0.2.3
[ffs0  ] 'fuhreros' on vda: 5242880 blocks (5241345 free), 4096 inodes (4034 free), mount #1
[vfs   ] mounted vda (ffs0) on /
[tarfs ] initrd: 54 files, 4690 KiB
[vfs   ] mounted initrd (tarfs) on /initrd
[vfs   ] mounted - (devfs) on /dev
[vfs   ] mounted - (procfs) on /proc
[vfs   ] mounted - (ramfs) on /tmp
[vfs   ] root filesystem: FFS0 (virtio-blk vda)
[init  ] started /bin/init as pid 1 - kernel handing over to user space
[1;36mFuhrerOS init[0m (pid 1): user space is running outside kernel privilege
init: running benchmark suite /etc/bench/sched.sh
BENCH-BEGIN sched
[sched ] policy -> round_robin
SCHEDBENCH {"name":"mixed-r1","policy":"round_robin","seconds":10,"cpu_workers":3,"io_workers":1,"samples":314,"wake_p50_us":20206,"wake_p95_us":30236,"wake_p99_us":30267,"wake_max_us":30291,"resp_p50_us":30245,"resp_p95_us":40280,"resp_p99_us":40315,"cpu_jobs_per_s_x100":951683,"io_ops_per_s":21,"jain_x1000":999,"ctx_switches_per_s":199,"cpu_util_pct":99,"sched_overhead_ns_per_s":25130,"system_class":"CPU_BOUND","task_classes":"cpu:CPU_BOUND,cpu:CPU_BOUND,cpu:CPU_BOUND,io:INTERACTIVE,probe:INTERACTIVE"}
[sched ] policy -> priority
SCHEDBENCH {"name":"mixed-r1","policy":"priority","seconds":10,"cpu_workers":3,"io_workers":1,"samples":306,"wake_p50_us":20214,"wake_p95_us":30265,"wake_p99_us":31266,"wake_max_us":41518,"resp_p50_us":30256,"resp_p95_us":40312,"resp_p99_us":41313,"cpu_jobs_per_s_x100":904220,"io_ops_per_s":22,"jain_x1000":999,"ctx_switches_per_s":196,"cpu_util_pct":99,"sched_overhead_ns_per_s":26693,"system_class":"CPU_BOUND","task_classes":"cpu:CPU_BOUND,cpu:CPU_BOUND,cpu:CPU_BOUND,io:INTERACTIVE,probe:INTERACTIVE"}
[sched ] policy -> low_latency
SCHEDBENCH {"name":"mixed-r1","policy":"low_latency","seconds":10,"cpu_workers":3,"io_workers":1,"samples":971,"wake_p50_us":44,"wake_p95_us":1040,"wake_p99_us":1243,"wake_max_us":10102,"resp_p50_us":10083,"resp_p95_us":11087,"resp_p99_us":11339,"cpu_jobs_per_s_x100":887428,"io_ops_per_s":510,"jain_x1000":999,"ctx_switches_per_s":1950,"cpu_util_pct":99,"sched_overhead_ns_per_s":158760,"system_class":"IO_BOUND","task_classes":"cpu:CPU_BOUND,cpu:CPU_BOUND,cpu:CPU_BOUND,io:IO_BOUND,probe:INTERACTIVE"}
[sched ] policy -> adaptive
SCHEDBENCH {"name":"mixed-r1","policy":"adaptive","seconds":10,"cpu_workers":3,"io_workers":1,"samples":921,"wake_p50_us":148,"wake_p95_us":1733,"wake_p99_us":10172,"wake_max_us":18148,"resp_p50_us":10206,"resp_p95_us":11944,"resp_p99_us":20290,"cpu_jobs_per_s_x100":682139,"io_ops_per_s":474,"jain_x1000":999,"ctx_switches_per_s":1683,"cpu_util_pct":99,"sched_overhead_ns_per_s":1377009,"system_class":"IO_BOUND","task_classes":"cpu:CPU_BOUND,cpu:CPU_BOUND,cpu:CPU_BOUND,io:IO_BOUND,probe:INTERACTIVE"}
[sched ] policy -> round_robin
SCHEDBENCH {"name":"batch-r1","policy":"round_robin","seconds":10,"cpu_workers":4,"io_workers":0,"samples":235,"wake_p50_us":30287,"wake_p95_us":40393,"wake_p99_us":47432,"wake_max_us":63129,"resp_p50_us":40331,"resp_p95_us":50438,"resp_p99_us":57485,"cpu_jobs_per_s_x100":845660,"io_ops_per_s":0,"jain_x1000":999,"ctx_switches_per_s":149,"cpu_util_pct":99,"sched_overhead_ns_per_s":33862,"system_class":"CPU_BOUND","task_classes":"cpu:CPU_BOUND,cpu:CPU_BOUND,cpu:CPU_BOUND,cpu:CPU_BOUND,probe:INTERACTIVE"}
[sched ] policy -> priority
SCHEDBENCH {"name":"batch-r1","policy":"priority","seconds":10,"cpu_workers":4,"io_workers":0,"samples":240,"wake_p50_us":30282,"wake_p95_us":40313,"wake_p99_us":40441,"wake_max_us":45563,"resp_p50_us":40323,"resp_p95_us":50354,"resp_p99_us":50483,"cpu_jobs_per_s_x100":933862,"io_ops_per_s":0,"jain_x1000":999,"ctx_switches_per_s":151,"cpu_util_pct":99,"sched_overhead_ns_per_s":22175,"system_class":"CPU_BOUND","task_classes":"cpu:CPU_BOUND,cpu:CPU_BOUND,cpu:CPU_BOUND,cpu:CPU_BOUND,probe:INTERACTIVE"}
[sched ] policy -> low_latency
SCHEDBENCH {"name":"batch-r1","policy":"low_latency","seconds":10,"cpu_workers":4,"io_workers":0,"samples":976,"wake_p50_us":42,"wake_p95_us":1004,"wake_p99_us":1095,"wake_max_us":16058,"resp_p50_us":10081,"resp_p95_us":11045,"resp_p99_us":11147,"cpu_jobs_per_s_x100":948129,"io_ops_per_s":0,"jain_x1000":999,"ctx_switches_per_s":789,"cpu_util_pct":99,"sched_overhead_ns_per_s":73101,"system_class":"CPU_BOUND","task_classes":"cpu:CPU_BOUND,cpu:CPU_BOUND,cpu:CPU_BOUND,cpu:CPU_BOUND,probe:INTERACTIVE"}
[sched ] policy -> adaptive
SCHEDBENCH {"name":"batch-r1","policy":"adaptive","seconds":10,"cpu_workers":4,"io_workers":0,"samples":960,"wake_p50_us":44,"wake_p95_us":1032,"wake_p99_us":2462,"wake_max_us":21222,"resp_p50_us":10084,"resp_p95_us":11080,"resp_p99_us":12529,"cpu_jobs_per_s_x100":901047,"io_ops_per_s":0,"jain_x1000":999,"ctx_switches_per_s":333,"cpu_util_pct":99,"sched_overhead_ns_per_s":45322,"system_class":"CPU_BOUND","task_classes":"cpu:CPU_BOUND,cpu:CPU_BOUND,cpu:CPU_BOUND,cpu:CPU_BOUND,probe:INTERACTIVE"}
[sched ] policy -> priority
SCHEDBENCH {"name":"mixed-r2","policy":"priority","seconds":10,"cpu_workers":3,"io_workers":1,"samples":311,"wake_p50_us":20206,"wake_p95_us":30246,"wake_p99_us":31631,"wake_max_us":36908,"resp_p50_us":30247,"resp_p95_us":40285,"resp_p99_us":41685,"cpu_jobs_per_s_x100":896129,"io_ops_per_s":21,"jain_x1000":999,"ctx_switches_per_s":198,"cpu_util_pct":99,"sched_overhead_ns_per_s":21843,"system_class":"CPU_BOUND","task_classes":"cpu:CPU_BOUND,cpu:CPU_BOUND,cpu:CPU_BOUND,io:INTERACTIVE,probe:INTERACTIVE"}
[sched ] policy -> low_latency
SCHEDBENCH {"name":"mixed-r2","policy":"low_latency","seconds":10,"cpu_workers":3,"io_workers":1,"samples":975,"wake_p50_us":43,"wake_p95_us":1015,"wake_p99_us":1250,"wake_max_us":6531,"resp_p50_us":10082,"resp_p95_us":11063,"resp_p99_us":11473,"cpu_jobs_per_s_x100":901629,"io_ops_per_s":508,"jain_x1000":999,"ctx_switches_per_s":1945,"cpu_util_pct":99,"sched_overhead_ns_per_s":126314,"system_class":"IO_BOUND","task_classes":"cpu:CPU_BOUND,cpu:CPU_BOUND,cpu:CPU_BOUND,io:IO_BOUND,probe:INTERACTIVE"}
[sched ] policy -> adaptive
SCHEDBENCH {"name":"mixed-r2","policy":"adaptive","seconds":10,"cpu_workers":3,"io_workers":1,"samples":965,"wake_p50_us":44,"wake_p95_us":1021,"wake_p99_us":3292,"wake_max_us":16229,"resp_p50_us":10083,"resp_p95_us":11063,"resp_p99_us":13707,"cpu_jobs_per_s_x100":898833,"io_ops_per_s":508,"jain_x1000":999,"ctx_switches_per_s":1789,"cpu_util_pct":99,"sched_overhead_ns_per_s":208189,"system_class":"IO_BOUND","task_classes":"cpu:CPU_BOUND,cpu:CPU_BOUND,cpu:CPU_BOUND,io:IO_BOUND,probe:INTERACTIVE"}
[sched ] policy -> round_robin
SCHEDBENCH {"name":"mixed-r2","policy":"round_robin","seconds":10,"cpu_workers":3,"io_workers":1,"samples":316,"wake_p50_us":20190,"wake_p95_us":30211,"wake_p99_us":30238,"wake_max_us":30283,"resp_p50_us":30229,"resp_p95_us":40250,"resp_p99_us":40282,"cpu_jobs_per_s_x100":968852,"io_ops_per_s":21,"jain_x1000":999,"ctx_switches_per_s":200,"cpu_util_pct":99,"sched_overhead_ns_per_s":25163,"system_class":"CPU_BOUND","task_classes":"cpu:CPU_BOUND,cpu:CPU_BOUND,cpu:CPU_BOUND,io:INTERACTIVE,probe:INTERACTIVE"}
[sched ] policy -> priority
SCHEDBENCH {"name":"batch-r2","policy":"priority","seconds":10,"cpu_workers":4,"io_workers":0,"samples":244,"wake_p50_us":30282,"wake_p95_us":40267,"wake_p99_us":40333,"wake_max_us":40354,"resp_p50_us":40321,"resp_p95_us":50306,"resp_p99_us":50371,"cpu_jobs_per_s_x100":977882,"io_ops_per_s":0,"jain_x1000":999,"ctx_switches_per_s":152,"cpu_util_pct":99,"sched_overhead_ns_per_s":15796,"system_class":"CPU_BOUND","task_classes":"cpu:CPU_BOUND,cpu:CPU_BOUND,cpu:CPU_BOUND,cpu:CPU_BOUND,probe:INTERACTIVE"}
[sched ] policy -> low_latency
SCHEDBENCH {"name":"batch-r2","policy":"low_latency","seconds":10,"cpu_workers":4,"io_workers":0,"samples":982,"wake_p50_us":42,"wake_p95_us":999,"wake_p99_us":1032,"wake_max_us":2105,"resp_p50_us":10080,"resp_p95_us":11040,"resp_p99_us":11075,"cpu_jobs_per_s_x100":976108,"io_ops_per_s":0,"jain_x1000":999,"ctx_switches_per_s":802,"cpu_util_pct":99,"sched_overhead_ns_per_s":63461,"system_class":"CPU_BOUND","task_classes":"cpu:CPU_BOUND,cpu:CPU_BOUND,cpu:CPU_BOUND,cpu:CPU_BOUND,probe:INTERACTIVE"}
[sched ] policy -> adaptive
SCHEDBENCH {"name":"batch-r2","policy":"adaptive","seconds":10,"cpu_workers":4,"io_workers":0,"samples":972,"wake_p50_us":40,"wake_p95_us":995,"wake_p99_us":1053,"wake_max_us":20130,"resp_p50_us":10079,"resp_p95_us":11035,"resp_p99_us":11098,"cpu_jobs_per_s_x100":979897,"io_ops_per_s":0,"jain_x1000":999,"ctx_switches_per_s":342,"cpu_util_pct":99,"sched_overhead_ns_per_s":32245,"system_class":"CPU_BOUND","task_classes":"cpu:CPU_BOUND,cpu:CPU_BOUND,cpu:CPU_BOUND,cpu:CPU_BOUND,probe:INTERACTIVE"}
[sched ] policy -> round_robin
SCHEDBENCH {"name":"batch-r2","policy":"round_robin","seconds":10,"cpu_workers":4,"io_workers":0,"samples":241,"wake_p50_us":30277,"wake_p95_us":40315,"wake_p99_us":40368,"wake_max_us":41260,"resp_p50_us":40317,"resp_p95_us":50354,"resp_p99_us":50407,"cpu_jobs_per_s_x100":961096,"io_ops_per_s":0,"jain_x1000":999,"ctx_switches_per_s":151,"cpu_util_pct":99,"sched_overhead_ns_per_s":30347,"system_class":"CPU_BOUND","task_classes":"cpu:CPU_BOUND,cpu:CPU_BOUND,cpu:CPU_BOUND,cpu:CPU_BOUND,probe:INTERACTIVE"}
[sched ] policy -> low_latency
SCHEDBENCH {"name":"mixed-r3","policy":"low_latency","seconds":10,"cpu_workers":3,"io_workers":1,"samples":974,"wake_p50_us":42,"wake_p95_us":1029,"wake_p99_us":1102,"wake_max_us":1717,"resp_p50_us":10081,"resp_p95_us":11074,"resp_p99_us":11151,"cpu_jobs_per_s_x100":910189,"io_ops_per_s":513,"jain_x1000":999,"ctx_switches_per_s":1951,"cpu_util_pct":99,"sched_overhead_ns_per_s":115033,"system_class":"IO_BOUND","task_classes":"cpu:CPU_BOUND,cpu:CPU_BOUND,cpu:CPU_BOUND,io:IO_BOUND,probe:INTERACTIVE"}
[sched ] policy -> adaptive
SCHEDBENCH {"name":"mixed-r3","policy":"adaptive","seconds":10,"cpu_workers":3,"io_workers":1,"samples":958,"wake_p50_us":46,"wake_p95_us":1041,"wake_p99_us":3268,"wake_max_us":18107,"resp_p50_us":10086,"resp_p95_us":11093,"resp_p99_us":13615,"cpu_jobs_per_s_x100":834355,"io_ops_per_s":502,"jain_x1000":999,"ctx_switches_per_s":1788,"cpu_util_pct":99,"sched_overhead_ns_per_s":820409,"system_class":"IO_BOUND","task_classes":"cpu:CPU_BOUND,cpu:CPU_BOUND,cpu:CPU_BOUND,io:IO_BOUND,probe:INTERACTIVE"}
[sched ] policy -> round_robin
SCHEDBENCH {"name":"mixed-r3","policy":"round_robin","seconds":10,"cpu_workers":3,"io_workers":1,"samples":319,"wake_p50_us":20205,"wake_p95_us":30232,"wake_p99_us":30294,"wake_max_us":33231,"resp_p50_us":30244,"resp_p95_us":40270,"resp_p99_us":40334,"cpu_jobs_per_s_x100":975244,"io_ops_per_s":22,"jain_x1000":999,"ctx_switches_per_s":200,"cpu_util_pct":99,"sched_overhead_ns_per_s":22173,"system_class":"CPU_BOUND","task_classes":"cpu:CPU_BOUND,cpu:CPU_BOUND,cpu:CPU_BOUND,io:INTERACTIVE,probe:INTERACTIVE"}
[sched ] policy -> priority
SCHEDBENCH {"name":"mixed-r3","policy":"priority","seconds":10,"cpu_workers":3,"io_workers":1,"samples":321,"wake_p50_us":20202,"wake_p95_us":30212,"wake_p99_us":30255,"wake_max_us":30324,"resp_p50_us":30241,"resp_p95_us":40250,"resp_p99_us":40294,"cpu_jobs_per_s_x100":983339,"io_ops_per_s":22,"jain_x1000":999,"ctx_switches_per_s":201,"cpu_util_pct":99,"sched_overhead_ns_per_s":19592,"system_class":"CPU_BOUND","task_classes":"cpu:CPU_BOUND,cpu:CPU_BOUND,cpu:CPU_BOUND,io:INTERACTIVE,probe:INTERACTIVE"}
[sched ] policy -> low_latency
SCHEDBENCH {"name":"batch-r3","policy":"low_latency","seconds":10,"cpu_workers":4,"io_workers":0,"samples":978,"wake_p50_us":42,"wake_p95_us":1006,"wake_p99_us":1052,"wake_max_us":4893,"resp_p50_us":10081,"resp_p95_us":11049,"resp_p99_us":11103,"cpu_jobs_per_s_x100":962694,"io_ops_per_s":0,"jain_x1000":999,"ctx_switches_per_s":792,"cpu_util_pct":99,"sched_overhead_ns_per_s":89239,"system_class":"CPU_BOUND","task_classes":"cpu:CPU_BOUND,cpu:CPU_BOUND,cpu:CPU_BOUND,cpu:CPU_BOUND,probe:INTERACTIVE"}
[sched ] policy -> adaptive
SCHEDBENCH {"name":"batch-r3","policy":"adaptive","seconds":10,"cpu_workers":4,"io_workers":0,"samples":966,"wake_p50_us":44,"wake_p95_us":1009,"wake_p99_us":1447,"wake_max_us":20201,"resp_p50_us":10083,"resp_p95_us":11053,"resp_p99_us":11671,"cpu_jobs_per_s_x100":949592,"io_ops_per_s":0,"jain_x1000":999,"ctx_switches_per_s":355,"cpu_util_pct":99,"sched_overhead_ns_per_s":53994,"system_class":"CPU_BOUND","task_classes":"cpu:CPU_BOUND,cpu:CPU_BOUND,cpu:CPU_BOUND,cpu:CPU_BOUND,probe:INTERACTIVE"}
[sched ] policy -> round_robin
SCHEDBENCH {"name":"batch-r3","policy":"round_robin","seconds":10,"cpu_workers":4,"io_workers":0,"samples":242,"wake_p50_us":30288,"wake_p95_us":40321,"wake_p99_us":40404,"wake_max_us":53556,"resp_p50_us":40327,"resp_p95_us":50361,"resp_p99_us":50445,"cpu_jobs_per_s_x100":976168,"io_ops_per_s":0,"jain_x1000":999,"ctx_switches_per_s":151,"cpu_util_pct":99,"sched_overhead_ns_per_s":20830,"system_class":"CPU_BOUND","task_classes":"cpu:CPU_BOUND,cpu:CPU_BOUND,cpu:CPU_BOUND,cpu:CPU_BOUND,probe:INTERACTIVE"}
[sched ] policy -> priority
SCHEDBENCH {"name":"batch-r3","policy":"priority","seconds":10,"cpu_workers":4,"io_workers":0,"samples":243,"wake_p50_us":30279,"wake_p95_us":40299,"wake_p99_us":40328,"wake_max_us":41202,"resp_p50_us":40318,"resp_p95_us":50339,"resp_p99_us":50374,"cpu_jobs_per_s_x100":976381,"io_ops_per_s":0,"jain_x1000":999,"ctx_switches_per_s":152,"cpu_util_pct":99,"sched_overhead_ns_per_s":21672,"system_class":"CPU_BOUND","task_classes":"cpu:CPU_BOUND,cpu:CPU_BOUND,cpu:CPU_BOUND,cpu:CPU_BOUND,probe:INTERACTIVE"}
[sched ] policy -> adaptive
SCHEDBENCH {"name":"mixed-r4","policy":"adaptive","seconds":10,"cpu_workers":3,"io_workers":1,"samples":975,"wake_p50_us":42,"wake_p95_us":984,"wake_p99_us":1194,"wake_max_us":14148,"resp_p50_us":10081,"resp_p95_us":11023,"resp_p99_us":11281,"cpu_jobs_per_s_x100":959005,"io_ops_per_s":508,"jain_x1000":999,"ctx_switches_per_s":1805,"cpu_util_pct":99,"sched_overhead_ns_per_s":126919,"system_class":"IO_BOUND","task_classes":"cpu:CPU_BOUND,cpu:CPU_BOUND,cpu:CPU_BOUND,io:IO_BOUND,probe:INTERACTIVE"}
[sched ] policy -> round_robin
SCHEDBENCH {"name":"mixed-r4","policy":"round_robin","seconds":10,"cpu_workers":3,"io_workers":1,"samples":311,"wake_p50_us":20203,"wake_p95_us":30242,"wake_p99_us":30436,"wake_max_us":33250,"resp_p50_us":30244,"resp_p95_us":40286,"resp_p99_us":40475,"cpu_jobs_per_s_x100":948736,"io_ops_per_s":21,"jain_x1000":999,"ctx_switches_per_s":199,"cpu_util_pct":99,"sched_overhead_ns_per_s":25711,"system_class":"CPU_BOUND","task_classes":"cpu:CPU_BOUND,cpu:CPU_BOUND,cpu:CPU_BOUND,io:INTERACTIVE,probe:INTERACTIVE"}
[sched ] policy -> priority
SCHEDBENCH {"name":"mixed-r4","policy":"priority","seconds":10,"cpu_workers":3,"io_workers":1,"samples":316,"wake_p50_us":20202,"wake_p95_us":30230,"wake_p99_us":30283,"wake_max_us":32311,"resp_p50_us":30241,"resp_p95_us":40269,"resp_p99_us":40346,"cpu_jobs_per_s_x100":984467,"io_ops_per_s":21,"jain_x1000":999,"ctx_switches_per_s":200,"cpu_util_pct":99,"sched_overhead_ns_per_s":17537,"system_class":"CPU_BOUND","task_classes":"cpu:CPU_BOUND,cpu:CPU_BOUND,cpu:CPU_BOUND,io:INTERACTIVE,probe:INTERACTIVE"}
[sched ] policy -> low_latency
SCHEDBENCH {"name":"mixed-r4","policy":"low_latency","seconds":10,"cpu_workers":3,"io_workers":1,"samples":983,"wake_p50_us":42,"wake_p95_us":1001,"wake_p99_us":1070,"wake_max_us":2850,"resp_p50_us":10080,"resp_p95_us":11040,"resp_p99_us":11109,"cpu_jobs_per_s_x100":956703,"io_ops_per_s":517,"jain_x1000":999,"ctx_switches_per_s":1990,"cpu_util_pct":99,"sched_overhead_ns_per_s":109445,"system_class":"IO_BOUND","task_classes":"cpu:CPU_BOUND,cpu:CPU_BOUND,cpu:CPU_BOUND,io:IO_BOUND,probe:INTERACTIVE"}
[sched ] policy -> adaptive
SCHEDBENCH {"name":"batch-r4","policy":"adaptive","seconds":10,"cpu_workers":4,"io_workers":0,"samples":960,"wake_p50_us":47,"wake_p95_us":1021,"wake_p99_us":1379,"wake_max_us":19187,"resp_p50_us":10087,"resp_p95_us":11063,"resp_p99_us":11419,"cpu_jobs_per_s_x100":923954,"io_ops_per_s":0,"jain_x1000":999,"ctx_switches_per_s":347,"cpu_util_pct":99,"sched_overhead_ns_per_s":42316,"system_class":"CPU_BOUND","task_classes":"cpu:CPU_BOUND,cpu:CPU_BOUND,cpu:CPU_BOUND,cpu:CPU_BOUND,probe:INTERACTIVE"}
[sched ] policy -> round_robin
SCHEDBENCH {"name":"batch-r4","policy":"round_robin","seconds":10,"cpu_workers":4,"io_workers":0,"samples":221,"wake_p50_us":31546,"wake_p95_us":42231,"wake_p99_us":45362,"wake_max_us":58511,"resp_p50_us":41650,"resp_p95_us":52284,"resp_p99_us":55415,"cpu_jobs_per_s_x100":732835,"io_ops_per_s":0,"jain_x1000":999,"ctx_switches_per_s":146,"cpu_util_pct":99,"sched_overhead_ns_per_s":39824,"system_class":"CPU_BOUND","task_classes":"cpu:CPU_BOUND,cpu:CPU_BOUND,cpu:CPU_BOUND,cpu:CPU_BOUND,probe:INTERACTIVE"}
[sched ] policy -> priority
SCHEDBENCH {"name":"batch-r4","policy":"priority","seconds":10,"cpu_workers":4,"io_workers":0,"samples":217,"wake_p50_us":39499,"wake_p95_us":43328,"wake_p99_us":46655,"wake_max_us":54228,"resp_p50_us":49542,"resp_p95_us":53377,"resp_p99_us":56710,"cpu_jobs_per_s_x100":655745,"io_ops_per_s":0,"jain_x1000":999,"ctx_switches_per_s":144,"cpu_util_pct":99,"sched_overhead_ns_per_s":104225,"system_class":"CPU_BOUND","task_classes":"cpu:CPU_BOUND,cpu:CPU_BOUND,cpu:CPU_BOUND,cpu:CPU_BOUND,probe:INTERACTIVE"}
[sched ] policy -> low_latency
SCHEDBENCH {"name":"batch-r4","policy":"low_latency","seconds":10,"cpu_workers":4,"io_workers":0,"samples":948,"wake_p50_us":88,"wake_p95_us":1048,"wake_p99_us":3051,"wake_max_us":17126,"resp_p50_us":10135,"resp_p95_us":11096,"resp_p99_us":13209,"cpu_jobs_per_s_x100":809976,"io_ops_per_s":0,"jain_x1000":999,"ctx_switches_per_s":780,"cpu_util_pct":99,"sched_overhead_ns_per_s":419966,"system_class":"CPU_BOUND","task_classes":"cpu:CPU_BOUND,cpu:CPU_BOUND,cpu:CPU_BOUND,cpu:CPU_BOUND,probe:INTERACTIVE"}
[sched ] policy -> round_robin
SCHEDBENCH {"name":"mixed-r5","policy":"round_robin","seconds":10,"cpu_workers":3,"io_workers":1,"samples":295,"wake_p50_us":20278,"wake_p95_us":30302,"wake_p99_us":32205,"wake_max_us":35325,"resp_p50_us":30328,"resp_p95_us":40369,"resp_p99_us":42256,"cpu_jobs_per_s_x100":820309,"io_ops_per_s":20,"jain_x1000":999,"ctx_switches_per_s":195,"cpu_util_pct":99,"sched_overhead_ns_per_s":32594,"system_class":"CPU_BOUND","task_classes":"cpu:CPU_BOUND,cpu:CPU_BOUND,cpu:CPU_BOUND,io:INTERACTIVE,probe:INTERACTIVE"}
[sched ] policy -> priority
SCHEDBENCH {"name":"mixed-r5","policy":"priority","seconds":10,"cpu_workers":3,"io_workers":1,"samples":309,"wake_p50_us":20211,"wake_p95_us":30254,"wake_p99_us":30704,"wake_max_us":33250,"resp_p50_us":30250,"resp_p95_us":40301,"resp_p99_us":40791,"cpu_jobs_per_s_x100":911100,"io_ops_per_s":21,"jain_x1000":999,"ctx_switches_per_s":198,"cpu_util_pct":99,"sched_overhead_ns_per_s":24669,"system_class":"CPU_BOUND","task_classes":"cpu:CPU_BOUND,cpu:CPU_BOUND,cpu:CPU_BOUND,io:INTERACTIVE,probe:INTERACTIVE"}
[sched ] policy -> low_latency
SCHEDBENCH {"name":"mixed-r5","policy":"low_latency","seconds":10,"cpu_workers":3,"io_workers":1,"samples":972,"wake_p50_us":45,"wake_p95_us":1024,"wake_p99_us":1132,"wake_max_us":4009,"resp_p50_us":10085,"resp_p95_us":11071,"resp_p99_us":11179,"cpu_jobs_per_s_x100":887968,"io_ops_per_s":514,"jain_x1000":999,"ctx_switches_per_s":1960,"cpu_util_pct":99,"sched_overhead_ns_per_s":131724,"system_class":"IO_BOUND","task_classes":"cpu:CPU_BOUND,cpu:CPU_BOUND,cpu:CPU_BOUND,io:IO_BOUND,probe:INTERACTIVE"}
[sched ] policy -> adaptive
SCHEDBENCH {"name":"mixed-r5","policy":"adaptive","seconds":10,"cpu_workers":3,"io_workers":1,"samples":966,"wake_p50_us":43,"wake_p95_us":1015,"wake_p99_us":1189,"wake_max_us":18116,"resp_p50_us":10082,"resp_p95_us":11058,"resp_p99_us":11368,"cpu_jobs_per_s_x100":895648,"io_ops_per_s":503,"jain_x1000":999,"ctx_switches_per_s":1784,"cpu_util_pct":99,"sched_overhead_ns_per_s":311582,"system_class":"IO_BOUND","task_classes":"cpu:CPU_BOUND,cpu:CPU_BOUND,cpu:CPU_BOUND,io:IO_BOUND,probe:INTERACTIVE"}
[sched ] policy -> round_robin
SCHEDBENCH {"name":"batch-r5","policy":"round_robin","seconds":10,"cpu_workers":4,"io_workers":0,"samples":235,"wake_p50_us":30301,"wake_p95_us":40339,"wake_p99_us":40403,"wake_max_us":43340,"resp_p50_us":40343,"resp_p95_us":50397,"resp_p99_us":50479,"cpu_jobs_per_s_x100":893792,"io_ops_per_s":0,"jain_x1000":999,"ctx_switches_per_s":150,"cpu_util_pct":99,"sched_overhead_ns_per_s":28500,"system_class":"CPU_BOUND","task_classes":"cpu:CPU_BOUND,cpu:CPU_BOUND,cpu:CPU_BOUND,cpu:CPU_BOUND,probe:INTERACTIVE"}
[sched ] policy -> priority
SCHEDBENCH {"name":"batch-r5","policy":"priority","seconds":10,"cpu_workers":4,"io_workers":0,"samples":241,"wake_p50_us":30281,"wake_p95_us":40318,"wake_p99_us":40361,"wake_max_us":44398,"resp_p50_us":40321,"resp_p95_us":50360,"resp_p99_us":50400,"cpu_jobs_per_s_x100":974384,"io_ops_per_s":0,"jain_x1000":999,"ctx_switches_per_s":151,"cpu_util_pct":99,"sched_overhead_ns_per_s":58533,"system_class":"CPU_BOUND","task_classes":"cpu:CPU_BOUND,cpu:CPU_BOUND,cpu:CPU_BOUND,cpu:CPU_BOUND,probe:INTERACTIVE"}
[sched ] policy -> low_latency
SCHEDBENCH {"name":"batch-r5","policy":"low_latency","seconds":10,"cpu_workers":4,"io_workers":0,"samples":977,"wake_p50_us":43,"wake_p95_us":1016,"wake_p99_us":1060,"wake_max_us":1387,"resp_p50_us":10082,"resp_p95_us":11058,"resp_p99_us":11111,"cpu_jobs_per_s_x100":957676,"io_ops_per_s":0,"jain_x1000":999,"ctx_switches_per_s":787,"cpu_util_pct":99,"sched_overhead_ns_per_s":82524,"system_class":"CPU_BOUND","task_classes":"cpu:CPU_BOUND,cpu:CPU_BOUND,cpu:CPU_BOUND,cpu:CPU_BOUND,probe:INTERACTIVE"}
[sched ] policy -> adaptive
SCHEDBENCH {"name":"batch-r5","policy":"adaptive","seconds":10,"cpu_workers":4,"io_workers":0,"samples":971,"wake_p50_us":43,"wake_p95_us":1004,"wake_p99_us":1050,"wake_max_us":18205,"resp_p50_us":10082,"resp_p95_us":11046,"resp_p99_us":11096,"cpu_jobs_per_s_x100":967733,"io_ops_per_s":0,"jain_x1000":999,"ctx_switches_per_s":341,"cpu_util_pct":99,"sched_overhead_ns_per_s":34839,"system_class":"CPU_BOUND","task_classes":"cpu:CPU_BOUND,cpu:CPU_BOUND,cpu:CPU_BOUND,cpu:CPU_BOUND,probe:INTERACTIVE"}
BENCH-END sched
init: benchmark suite finished (0)
FuhrerOS: syncing filesystems and powering off
POWEROFF
